Archive member included to satisfy reference by file (symbol)

c:/program files (x86)/gnu arm embedded toolchain/10 2020-q2-preview/bin/../lib/gcc/arm-none-eabi/10.1.1/../../../../arm-none-eabi/lib/thumb/v7-m/nofp\libc.a(lib_a-exit.o)
                              c:/program files (x86)/gnu arm embedded toolchain/10 2020-q2-preview/bin/../lib/gcc/arm-none-eabi/10.1.1/../../../../arm-none-eabi/lib/thumb/v7-m/nofp/crt0.o (exit)
c:/program files (x86)/gnu arm embedded toolchain/10 2020-q2-preview/bin/../lib/gcc/arm-none-eabi/10.1.1/../../../../arm-none-eabi/lib/thumb/v7-m/nofp\libc.a(lib_a-impure.o)
                              c:/program files (x86)/gnu arm embedded toolchain/10 2020-q2-preview/bin/../lib/gcc/arm-none-eabi/10.1.1/../../../../arm-none-eabi/lib/thumb/v7-m/nofp\libc.a(lib_a-exit.o) (_global_impure_ptr)
c:/program files (x86)/gnu arm embedded toolchain/10 2020-q2-preview/bin/../lib/gcc/arm-none-eabi/10.1.1/../../../../arm-none-eabi/lib/thumb/v7-m/nofp\libc.a(lib_a-init.o)
                              c:/program files (x86)/gnu arm embedded toolchain/10 2020-q2-preview/bin/../lib/gcc/arm-none-eabi/10.1.1/../../../../arm-none-eabi/lib/thumb/v7-m/nofp/crt0.o (__libc_init_array)
c:/program files (x86)/gnu arm embedded toolchain/10 2020-q2-preview/bin/../lib/gcc/arm-none-eabi/10.1.1/../../../../arm-none-eabi/lib/thumb/v7-m/nofp\libc.a(lib_a-memset.o)
                              c:/program files (x86)/gnu arm embedded toolchain/10 2020-q2-preview/bin/../lib/gcc/arm-none-eabi/10.1.1/../../../../arm-none-eabi/lib/thumb/v7-m/nofp/crt0.o (memset)
c:/program files (x86)/gnu arm embedded toolchain/10 2020-q2-preview/bin/../lib/gcc/arm-none-eabi/10.1.1/../../../../arm-none-eabi/lib/thumb/v7-m/nofp\libc.a(lib_a-__call_atexit.o)
                              c:/program files (x86)/gnu arm embedded toolchain/10 2020-q2-preview/bin/../lib/gcc/arm-none-eabi/10.1.1/../../../../arm-none-eabi/lib/thumb/v7-m/nofp\libc.a(lib_a-exit.o) (__call_exitprocs)
c:/program files (x86)/gnu arm embedded toolchain/10 2020-q2-preview/bin/../lib/gcc/arm-none-eabi/10.1.1/../../../../arm-none-eabi/lib/thumb/v7-m/nofp\libc.a(lib_a-atexit.o)
                              c:/program files (x86)/gnu arm embedded toolchain/10 2020-q2-preview/bin/../lib/gcc/arm-none-eabi/10.1.1/../../../../arm-none-eabi/lib/thumb/v7-m/nofp\libc.a(lib_a-__call_atexit.o) (atexit)
c:/program files (x86)/gnu arm embedded toolchain/10 2020-q2-preview/bin/../lib/gcc/arm-none-eabi/10.1.1/../../../../arm-none-eabi/lib/thumb/v7-m/nofp\libc.a(lib_a-fini.o)
                              c:/program files (x86)/gnu arm embedded toolchain/10 2020-q2-preview/bin/../lib/gcc/arm-none-eabi/10.1.1/../../../../arm-none-eabi/lib/thumb/v7-m/nofp\libc.a(lib_a-__call_atexit.o) (__libc_fini_array)
c:/program files (x86)/gnu arm embedded toolchain/10 2020-q2-preview/bin/../lib/gcc/arm-none-eabi/10.1.1/../../../../arm-none-eabi/lib/thumb/v7-m/nofp\libc.a(lib_a-lock.o)
                              c:/program files (x86)/gnu arm embedded toolchain/10 2020-q2-preview/bin/../lib/gcc/arm-none-eabi/10.1.1/../../../../arm-none-eabi/lib/thumb/v7-m/nofp\libc.a(lib_a-__call_atexit.o) (__retarget_lock_acquire_recursive)
c:/program files (x86)/gnu arm embedded toolchain/10 2020-q2-preview/bin/../lib/gcc/arm-none-eabi/10.1.1/../../../../arm-none-eabi/lib/thumb/v7-m/nofp\libc.a(lib_a-__atexit.o)
                              c:/program files (x86)/gnu arm embedded toolchain/10 2020-q2-preview/bin/../lib/gcc/arm-none-eabi/10.1.1/../../../../arm-none-eabi/lib/thumb/v7-m/nofp\libc.a(lib_a-atexit.o) (__register_exitproc)
c:/program files (x86)/gnu arm embedded toolchain/10 2020-q2-preview/bin/../lib/gcc/arm-none-eabi/10.1.1/../../../../arm-none-eabi/lib/thumb/v7-m/nofp\libnosys.a(_exit.o)
                              c:/program files (x86)/gnu arm embedded toolchain/10 2020-q2-preview/bin/../lib/gcc/arm-none-eabi/10.1.1/../../../../arm-none-eabi/lib/thumb/v7-m/nofp\libc.a(lib_a-exit.o) (_exit)

Discarded input sections

 .text          0x00000000        0x0 c:/program files (x86)/gnu arm embedded toolchain/10 2020-q2-preview/bin/../lib/gcc/arm-none-eabi/10.1.1/thumb/v7-m/nofp/crti.o
 .data          0x00000000        0x0 c:/program files (x86)/gnu arm embedded toolchain/10 2020-q2-preview/bin/../lib/gcc/arm-none-eabi/10.1.1/thumb/v7-m/nofp/crti.o
 .bss           0x00000000        0x0 c:/program files (x86)/gnu arm embedded toolchain/10 2020-q2-preview/bin/../lib/gcc/arm-none-eabi/10.1.1/thumb/v7-m/nofp/crti.o
 .data          0x00000000        0x4 c:/program files (x86)/gnu arm embedded toolchain/10 2020-q2-preview/bin/../lib/gcc/arm-none-eabi/10.1.1/thumb/v7-m/nofp/crtbegin.o
 .text          0x00000000       0x7c c:/program files (x86)/gnu arm embedded toolchain/10 2020-q2-preview/bin/../lib/gcc/arm-none-eabi/10.1.1/../../../../arm-none-eabi/lib/thumb/v7-m/nofp/crt0.o
[...]
Memory Configuration

Name             Origin             Length             Attributes
RAM              0x20000000         0x0000c000         xrw
FLASH            0x08000000         0x00040000         xr
*default*        0x00000000         0xffffffff

Linker script and memory map

LOAD c:/program files (x86)/gnu arm embedded toolchain/10 2020-q2-preview/bin/../lib/gcc/arm-none-eabi/10.1.1/thumb/v7-m/nofp/crti.o
LOAD c:/program files (x86)/gnu arm embedded toolchain/10 2020-q2-preview/bin/../lib/gcc/arm-none-eabi/10.1.1/thumb/v7-m/nofp/crtbegin.o
LOAD c:/program files (x86)/gnu arm embedded toolchain/10 2020-q2-preview/bin/../lib/gcc/arm-none-eabi/10.1.1/../../../../arm-none-eabi/lib/thumb/v7-m/nofp/crt0.o
LOAD build/stm32f1xx_hal.o
LOAD build/stm32f1xx_hal_adc.o
LOAD build/stm32f1xx_hal_adc_ex.o
LOAD build/stm32f1xx_hal_cortex.o
LOAD build/stm32f1xx_hal_dma.o
LOAD build/stm32f1xx_hal_exti.o
LOAD build/stm32f1xx_hal_flash.o
LOAD build/stm32f1xx_hal_flash_ex.o
LOAD build/stm32f1xx_hal_gpio.o
LOAD build/stm32f1xx_hal_gpio_ex.o
LOAD build/stm32f1xx_hal_i2s.o
LOAD build/stm32f1xx_hal_pwr.o
LOAD build/stm32f1xx_hal_rcc.o
LOAD build/stm32f1xx_hal_rcc_ex.o
LOAD build/stm32f1xx_hal_spi.o
LOAD build/stm32f1xx_hal_tim.o
LOAD build/stm32f1xx_hal_tim_ex.o
LOAD build/stm32f1xx_hal_uart.o
LOAD build/main.o
LOAD build/stm32f1xx_hal_msp.o
LOAD build/stm32f1xx_it.o
LOAD build/system_stm32f1xx.o
LOAD build/mcp3204.o
LOAD build/startup_stm32f103xe.o
LOAD c:/program files (x86)/gnu arm embedded toolchain/10 2020-q2-preview/bin/../lib/gcc/arm-none-eabi/10.1.1/../../../../arm-none-eabi/lib/thumb/v7-m/nofp\libc.a
LOAD c:/program files (x86)/gnu arm embedded toolchain/10 2020-q2-preview/bin/../lib/gcc/arm-none-eabi/10.1.1/../../../../arm-none-eabi/lib/thumb/v7-m/nofp\libm.a
LOAD c:/program files (x86)/gnu arm embedded toolchain/10 2020-q2-preview/bin/../lib/gcc/arm-none-eabi/10.1.1/../../../../arm-none-eabi/lib/thumb/v7-m/nofp\libnosys.a
START GROUP
LOAD c:/program files (x86)/gnu arm embedded toolchain/10 2020-q2-preview/bin/../lib/gcc/arm-none-eabi/10.1.1/thumb/v7-m/nofp\libgcc.a
LOAD c:/program files (x86)/gnu arm embedded toolchain/10 2020-q2-preview/bin/../lib/gcc/arm-none-eabi/10.1.1/../../../../arm-none-eabi/lib/thumb/v7-m/nofp\libc.a
END GROUP
START GROUP
LOAD c:/program files (x86)/gnu arm embedded toolchain/10 2020-q2-preview/bin/../lib/gcc/arm-none-eabi/10.1.1/thumb/v7-m/nofp\libgcc.a
LOAD c:/program files (x86)/gnu arm embedded toolchain/10 2020-q2-preview/bin/../lib/gcc/arm-none-eabi/10.1.1/../../../../arm-none-eabi/lib/thumb/v7-m/nofp\libc.a
LOAD c:/program files (x86)/gnu arm embedded toolchain/10 2020-q2-preview/bin/../lib/gcc/arm-none-eabi/10.1.1/../../../../arm-none-eabi/lib/thumb/v7-m/nofp\libnosys.a
END GROUP
LOAD c:/program files (x86)/gnu arm embedded toolchain/10 2020-q2-preview/bin/../lib/gcc/arm-none-eabi/10.1.1/thumb/v7-m/nofp/crtend.o
LOAD c:/program files (x86)/gnu arm embedded toolchain/10 2020-q2-preview/bin/../lib/gcc/arm-none-eabi/10.1.1/thumb/v7-m/nofp/crtn.o
                0x2000c000                _estack = 0x2000c000
                0x00000200                _Min_Heap_Size = 0x200
                0x00000400                _Min_Stack_Size = 0x400

.isr_vector     0x08000000      0x1e4
                0x08000000                . = ALIGN (0x4)
 *(.isr_vector)
 .isr_vector    0x08000000      0x1e4 build/startup_stm32f103xe.o
                0x08000000                g_pfnVectors
                0x080001e4                . = ALIGN (0x4)

.text           0x080001e4     0x1c6c
                0x080001e4                . = ALIGN (0x4)
 *(.text)
 .text          0x080001e4       0x40 c:/program files (x86)/gnu arm embedded toolchain/10 2020-q2-preview/bin/../lib/gcc/arm-none-eabi/10.1.1/thumb/v7-m/nofp/crtbegin.o
 *(.text*)
 .text.HAL_InitTick
                0x08000224       0x4c build/stm32f1xx_hal.o
                0x08000224                HAL_InitTick
 .text.HAL_Init
                0x08000270       0x24 build/stm32f1xx_hal.o
                0x08000270                HAL_Init
 .text.HAL_IncTick
                0x08000294       0x18 build/stm32f1xx_hal.o
                0x08000294                HAL_IncTick
 .text.HAL_GetTick
                0x080002ac        0xc build/stm32f1xx_hal.o
                0x080002ac                HAL_GetTick
 .text.HAL_ADC_ConfigChannel
                0x080002b8      0x144 build/stm32f1xx_hal_adc.o
                0x080002b8                HAL_ADC_ConfigChannel
 .text.ADC_ConversionStop_Disable
                0x080003fc       0x4c build/stm32f1xx_hal_adc.o
                0x080003fc                ADC_ConversionStop_Disable
 .text.HAL_ADC_Init
                0x08000448      0x128 build/stm32f1xx_hal_adc.o
                0x08000448                HAL_ADC_Init
 .text.HAL_NVIC_SetPriorityGrouping
                0x08000570       0x24 build/stm32f1xx_hal_cortex.o
                0x08000570                HAL_NVIC_SetPriorityGrouping
 .text.HAL_NVIC_SetPriority
                0x08000594       0x70 build/stm32f1xx_hal_cortex.o
                0x08000594                HAL_NVIC_SetPriority
 .text.HAL_SYSTICK_Config
                0x08000604       0x28 build/stm32f1xx_hal_cortex.o
                0x08000604                HAL_SYSTICK_Config
 .text.HAL_GPIO_Init
                0x0800062c      0x240 build/stm32f1xx_hal_gpio.o
                0x0800062c                HAL_GPIO_Init
 .text.HAL_GPIO_WritePin
                0x0800086c        0xc build/stm32f1xx_hal_gpio.o
                0x0800086c                HAL_GPIO_WritePin
 .text.HAL_I2S_Init
                0x08000878      0x12c build/stm32f1xx_hal_i2s.o
                0x08000878                HAL_I2S_Init
 .text.RCC_Delay
                0x080009a4       0x2c build/stm32f1xx_hal_rcc.o
 .text.HAL_RCC_OscConfig
                0x080009d0      0x410 build/stm32f1xx_hal_rcc.o
                0x080009d0                HAL_RCC_OscConfig
 .text.HAL_RCC_GetSysClockFreq
                0x08000de0       0x6c build/stm32f1xx_hal_rcc.o
                0x08000de0                HAL_RCC_GetSysClockFreq
 .text.HAL_RCC_ClockConfig
                0x08000e4c      0x16c build/stm32f1xx_hal_rcc.o
                0x08000e4c                HAL_RCC_ClockConfig
 .text.HAL_RCC_GetHCLKFreq
                0x08000fb8        0xc build/stm32f1xx_hal_rcc.o
                0x08000fb8                HAL_RCC_GetHCLKFreq
 .text.HAL_RCC_GetPCLK1Freq
                0x08000fc4       0x20 build/stm32f1xx_hal_rcc.o
                0x08000fc4                HAL_RCC_GetPCLK1Freq
 .text.HAL_RCC_GetPCLK2Freq
                0x08000fe4       0x20 build/stm32f1xx_hal_rcc.o
                0x08000fe4                HAL_RCC_GetPCLK2Freq
 .text.HAL_RCCEx_PeriphCLKConfig
                0x08001004      0x118 build/stm32f1xx_hal_rcc_ex.o
                0x08001004                HAL_RCCEx_PeriphCLKConfig
 .text.HAL_RCCEx_GetPeriphCLKFreq
                0x0800111c      0x114 build/stm32f1xx_hal_rcc_ex.o
                0x0800111c                HAL_RCCEx_GetPeriphCLKFreq
 .text.SPI_WaitFlagStateUntilTimeout
                0x08001230       0x98 build/stm32f1xx_hal_spi.o
 .text.SPI_EndRxTxTransaction
                0x080012c8       0x24 build/stm32f1xx_hal_spi.o
 .text.HAL_SPI_Init
                0x080012ec       0x7c build/stm32f1xx_hal_spi.o
                0x080012ec                HAL_SPI_Init
 .text.HAL_SPI_TransmitReceive
                0x08001368      0x238 build/stm32f1xx_hal_spi.o
                0x08001368                HAL_SPI_TransmitReceive
 .text.UART_SetConfig
                0x080015a0       0xcc build/stm32f1xx_hal_uart.o
 .text.HAL_UART_Init
                0x0800166c       0x5e build/stm32f1xx_hal_uart.o
                0x0800166c                HAL_UART_Init
 *fill*         0x080016ca        0x2 
 .text.MX_GPIO_Init
                0x080016cc       0xe8 build/main.o
 .text.MX_ADC1_Init
                0x080017b4       0x48 build/main.o
 .text.MX_I2S2_Init
                0x080017fc       0x2c build/main.o
 .text.MX_SPI1_Init
                0x08001828       0x3c build/main.o
 .text.MX_UART4_Init
                0x08001864       0x2c build/main.o
 .text.SystemClock_Config
                0x08001890       0x72 build/main.o
                0x08001890                SystemClock_Config
 .text.main     0x08001902       0x26 build/main.o
                0x08001902                main
 .text.HAL_MspInit
                0x08001928       0x40 build/stm32f1xx_hal_msp.o
                0x08001928                HAL_MspInit
 .text.HAL_ADC_MspInit
                0x08001968       0xa4 build/stm32f1xx_hal_msp.o
                0x08001968                HAL_ADC_MspInit
 .text.HAL_I2S_MspInit
                0x08001a0c       0x88 build/stm32f1xx_hal_msp.o
                0x08001a0c                HAL_I2S_MspInit
 .text.HAL_SPI_MspInit
                0x08001a94       0x74 build/stm32f1xx_hal_msp.o
                0x08001a94                HAL_SPI_MspInit
 .text.HAL_UART_MspInit
                0x08001b08       0x78 build/stm32f1xx_hal_msp.o
                0x08001b08                HAL_UART_MspInit
 .text.NMI_Handler
                0x08001b80        0x2 build/stm32f1xx_it.o
                0x08001b80                NMI_Handler
 .text.HardFault_Handler
                0x08001b82        0x2 build/stm32f1xx_it.o
                0x08001b82                HardFault_Handler
 .text.MemManage_Handler
                0x08001b84        0x2 build/stm32f1xx_it.o
                0x08001b84                MemManage_Handler
 .text.BusFault_Handler
                0x08001b86        0x2 build/stm32f1xx_it.o
                0x08001b86                BusFault_Handler
 .text.UsageFault_Handler
                0x08001b88        0x2 build/stm32f1xx_it.o
                0x08001b88                UsageFault_Handler
 .text.SVC_Handler
                0x08001b8a        0x2 build/stm32f1xx_it.o
                0x08001b8a                SVC_Handler
 .text.DebugMon_Handler
                0x08001b8c        0x2 build/stm32f1xx_it.o
                0x08001b8c                DebugMon_Handler
 .text.PendSV_Handler
                0x08001b8e        0x2 build/stm32f1xx_it.o
                0x08001b8e                PendSV_Handler
 .text.SysTick_Handler
                0x08001b90        0x8 build/stm32f1xx_it.o
                0x08001b90                SysTick_Handler
 .text.SystemInit
                0x08001b98       0x4c build/system_stm32f1xx.o
                0x08001b98                SystemInit
 .text.readADC  0x08001be4       0x3c build/mcp3204.o
                0x08001be4                readADC
 .text.Reset_Handler
                0x08001c20       0x48 build/startup_stm32f103xe.o
                0x08001c20                Reset_Handler
 .text.Default_Handler
                0x08001c68        0x2 build/startup_stm32f103xe.o
                0x08001c68                RTC_Alarm_IRQHandler
                0x08001c68                EXTI2_IRQHandler
                0x08001c68                TIM8_TRG_COM_IRQHandler
                0x08001c68                TIM8_CC_IRQHandler
                0x08001c68                TIM1_CC_IRQHandler
                0x08001c68                TIM6_IRQHandler
                0x08001c68                PVD_IRQHandler
                0x08001c68                SDIO_IRQHandler
                0x08001c68                EXTI3_IRQHandler
                0x08001c68                EXTI0_IRQHandler
                0x08001c68                I2C2_EV_IRQHandler
                0x08001c68                ADC1_2_IRQHandler
                0x08001c68                SPI1_IRQHandler
                0x08001c68                TAMPER_IRQHandler
                0x08001c68                TIM8_UP_IRQHandler
                0x08001c68                DMA2_Channel2_IRQHandler
                0x08001c68                DMA1_Channel4_IRQHandler
                0x08001c68                USART3_IRQHandler
                0x08001c68                RTC_IRQHandler
                0x08001c68                DMA1_Channel7_IRQHandler
                0x08001c68                CAN1_RX1_IRQHandler
                0x08001c68                UART5_IRQHandler
                0x08001c68                ADC3_IRQHandler
                0x08001c68                TIM4_IRQHandler
                0x08001c68                DMA2_Channel1_IRQHandler
                0x08001c68                I2C1_EV_IRQHandler
                0x08001c68                DMA1_Channel6_IRQHandler
                0x08001c68                UART4_IRQHandler
                0x08001c68                TIM3_IRQHandler
                0x08001c68                RCC_IRQHandler
                0x08001c68                TIM1_TRG_COM_IRQHandler
                0x08001c68                DMA1_Channel1_IRQHandler
                0x08001c68                Default_Handler
                0x08001c68                EXTI15_10_IRQHandler
                0x08001c68                TIM7_IRQHandler
                0x08001c68                TIM5_IRQHandler
                0x08001c68                EXTI9_5_IRQHandler
                0x08001c68                SPI2_IRQHandler
                0x08001c68                DMA1_Channel5_IRQHandler
                0x08001c68                EXTI4_IRQHandler
                0x08001c68                USB_LP_CAN1_RX0_IRQHandler
                0x08001c68                USB_HP_CAN1_TX_IRQHandler
                0x08001c68                DMA1_Channel3_IRQHandler
                0x08001c68                FSMC_IRQHandler
                0x08001c68                TIM1_UP_IRQHandler
                0x08001c68                WWDG_IRQHandler
                0x08001c68                TIM2_IRQHandler
                0x08001c68                TIM1_BRK_IRQHandler
                0x08001c68                EXTI1_IRQHandler
                0x08001c68                DMA2_Channel4_5_IRQHandler
                0x08001c68                USART2_IRQHandler
                0x08001c68                I2C2_ER_IRQHandler
                0x08001c68                DMA1_Channel2_IRQHandler
                0x08001c68                TIM8_BRK_IRQHandler
                0x08001c68                CAN1_SCE_IRQHandler
                0x08001c68                FLASH_IRQHandler
                0x08001c68                USART1_IRQHandler
                0x08001c68                SPI3_IRQHandler
                0x08001c68                I2C1_ER_IRQHandler
                0x08001c68                USBWakeUp_IRQHandler
                0x08001c68                DMA2_Channel3_IRQHandler
 *fill*         0x08001c6a        0x2 
 .text.__libc_init_array
                0x08001c6c       0x48 c:/program files (x86)/gnu arm embedded toolchain/10 2020-q2-preview/bin/../lib/gcc/arm-none-eabi/10.1.1/../../../../arm-none-eabi/lib/thumb/v7-m/nofp\libc.a(lib_a-init.o)
                0x08001c6c                __libc_init_array
 .text.memset   0x08001cb4       0xa4 c:/program files (x86)/gnu arm embedded toolchain/10 2020-q2-preview/bin/../lib/gcc/arm-none-eabi/10.1.1/../../../../arm-none-eabi/lib/thumb/v7-m/nofp\libc.a(lib_a-memset.o)
                0x08001cb4                memset
 .text.startup.register_fini
                0x08001d58       0x14 c:/program files (x86)/gnu arm embedded toolchain/10 2020-q2-preview/bin/../lib/gcc/arm-none-eabi/10.1.1/../../../../arm-none-eabi/lib/thumb/v7-m/nofp\libc.a(lib_a-__call_atexit.o)
 .text.atexit   0x08001d6c        0xc c:/program files (x86)/gnu arm embedded toolchain/10 2020-q2-preview/bin/../lib/gcc/arm-none-eabi/10.1.1/../../../../arm-none-eabi/lib/thumb/v7-m/nofp\libc.a(lib_a-atexit.o)
                0x08001d6c                atexit
 .text.__libc_fini_array
                0x08001d78       0x2c c:/program files (x86)/gnu arm embedded toolchain/10 2020-q2-preview/bin/../lib/gcc/arm-none-eabi/10.1.1/../../../../arm-none-eabi/lib/thumb/v7-m/nofp\libc.a(lib_a-fini.o)
                0x08001d78                __libc_fini_array
 .text.__retarget_lock_acquire_recursive
                0x08001da4        0x4 c:/program files (x86)/gnu arm embedded toolchain/10 2020-q2-preview/bin/../lib/gcc/arm-none-eabi/10.1.1/../../../../arm-none-eabi/lib/thumb/v7-m/nofp\libc.a(lib_a-lock.o)
                0x08001da4                __retarget_lock_acquire_recursive
 .text.__retarget_lock_release_recursive
                0x08001da8        0x4 c:/program files (x86)/gnu arm embedded toolchain/10 2020-q2-preview/bin/../lib/gcc/arm-none-eabi/10.1.1/../../../../arm-none-eabi/lib/thumb/v7-m/nofp\libc.a(lib_a-lock.o)
                0x08001da8                __retarget_lock_release_recursive
 .text.__register_exitproc
                0x08001dac       0x8c c:/program files (x86)/gnu arm embedded toolchain/10 2020-q2-preview/bin/../lib/gcc/arm-none-eabi/10.1.1/../../../../arm-none-eabi/lib/thumb/v7-m/nofp\libc.a(lib_a-__atexit.o)
                0x08001dac                __register_exitproc
 *(.glue_7)
 .glue_7        0x08001e38        0x0 linker stubs
 *(.glue_7t)
 .glue_7t       0x08001e38        0x0 linker stubs
 *(.eh_frame)
 .eh_frame      0x08001e38        0x0 c:/program files (x86)/gnu arm embedded toolchain/10 2020-q2-preview/bin/../lib/gcc/arm-none-eabi/10.1.1/thumb/v7-m/nofp/crtbegin.o
 *(.init)
 .init          0x08001e38        0x4 c:/program files (x86)/gnu arm embedded toolchain/10 2020-q2-preview/bin/../lib/gcc/arm-none-eabi/10.1.1/thumb/v7-m/nofp/crti.o
                0x08001e38                _init
 .init          0x08001e3c        0x8 c:/program files (x86)/gnu arm embedded toolchain/10 2020-q2-preview/bin/../lib/gcc/arm-none-eabi/10.1.1/thumb/v7-m/nofp/crtn.o
 *(.fini)
 .fini          0x08001e44        0x4 c:/program files (x86)/gnu arm embedded toolchain/10 2020-q2-preview/bin/../lib/gcc/arm-none-eabi/10.1.1/thumb/v7-m/nofp/crti.o
                0x08001e44                _fini
 .fini          0x08001e48        0x8 c:/program files (x86)/gnu arm embedded toolchain/10 2020-q2-preview/bin/../lib/gcc/arm-none-eabi/10.1.1/thumb/v7-m/nofp/crtn.o
                0x08001e50                . = ALIGN (0x4)
                0x08001e50                _etext = .

.vfp11_veneer   0x08001e50        0x0
 .vfp11_veneer  0x08001e50        0x0 linker stubs

.v4_bx          0x08001e50        0x0
 .v4_bx         0x08001e50        0x0 linker stubs

.iplt           0x08001e50        0x0
 .iplt          0x08001e50        0x0 c:/program files (x86)/gnu arm embedded toolchain/10 2020-q2-preview/bin/../lib/gcc/arm-none-eabi/10.1.1/thumb/v7-m/nofp/crtbegin.o

.rodata         0x08001e50       0x30
                0x08001e50                . = ALIGN (0x4)
 *(.rodata)
 *(.rodata*)
 .rodata.HAL_RCC_GetSysClockFreq.str1.4
                0x08001e50       0x11 build/stm32f1xx_hal_rcc.o
 .rodata.HAL_RCCEx_GetPeriphCLKFreq.str1.4
                0x08001e61       0x11 build/stm32f1xx_hal_rcc_ex.o
 *fill*         0x08001e61        0x3 
 .rodata.AHBPrescTable
                0x08001e64       0x10 build/system_stm32f1xx.o
                0x08001e64                AHBPrescTable
 .rodata.APBPrescTable
                0x08001e74        0x8 build/system_stm32f1xx.o
                0x08001e74                APBPrescTable
 .rodata._global_impure_ptr
                0x08001e7c        0x4 c:/program files (x86)/gnu arm embedded toolchain/10 2020-q2-preview/bin/../lib/gcc/arm-none-eabi/10.1.1/../../../../arm-none-eabi/lib/thumb/v7-m/nofp\libc.a(lib_a-impure.o)
                0x08001e7c                _global_impure_ptr
                0x08001e80                . = ALIGN (0x4)

.rel.dyn        0x08001e80        0x0
 .rel.iplt      0x08001e80        0x0 c:/program files (x86)/gnu arm embedded toolchain/10 2020-q2-preview/bin/../lib/gcc/arm-none-eabi/10.1.1/thumb/v7-m/nofp/crtbegin.o

.ARM.extab
 *(.ARM.extab* .gnu.linkonce.armextab.*)

.ARM            0x08001e80        0x0
                0x08001e80                __exidx_start = .
 *(.ARM.exidx*)
                0x08001e80                __exidx_end = .

.preinit_array  0x08001e80        0x0
                0x08001e80                PROVIDE (__preinit_array_start = .)
 *(.preinit_array*)
                0x08001e80                PROVIDE (__preinit_array_end = .)

.init_array     0x08001e80        0x8
                0x08001e80                PROVIDE (__init_array_start = .)
 *(SORT_BY_NAME(.init_array.*))
 .init_array.00000
                0x08001e80        0x4 c:/program files (x86)/gnu arm embedded toolchain/10 2020-q2-preview/bin/../lib/gcc/arm-none-eabi/10.1.1/../../../../arm-none-eabi/lib/thumb/v7-m/nofp\libc.a(lib_a-__call_atexit.o)
 *(.init_array*)
 .init_array    0x08001e84        0x4 c:/program files (x86)/gnu arm embedded toolchain/10 2020-q2-preview/bin/../lib/gcc/arm-none-eabi/10.1.1/thumb/v7-m/nofp/crtbegin.o
                0x08001e88                PROVIDE (__init_array_end = .)

.fini_array     0x08001e88        0x4
                0x08001e88                PROVIDE (__fini_array_start = .)
 *(SORT_BY_NAME(.fini_array.*))
 *(.fini_array*)
 .fini_array    0x08001e88        0x4 c:/program files (x86)/gnu arm embedded toolchain/10 2020-q2-preview/bin/../lib/gcc/arm-none-eabi/10.1.1/thumb/v7-m/nofp/crtbegin.o
                0x08001e8c                PROVIDE (__fini_array_end = .)
                0x08001e8c                _sidata = LOADADDR (.data)

.data           0x20000000      0x43c load address 0x08001e8c
                0x20000000                . = ALIGN (0x4)
                0x20000000                _sdata = .
 *(.data)
 *(.data*)
 .data.uwTickFreq
                0x20000000        0x1 build/stm32f1xx_hal.o
                0x20000000                uwTickFreq
 *fill*         0x20000001        0x3 
 .data.uwTickPrio
                0x20000004        0x4 build/stm32f1xx_hal.o
                0x20000004                uwTickPrio
 .data.SystemCoreClock
                0x20000008        0x4 build/system_stm32f1xx.o
                0x20000008                SystemCoreClock
 *fill*         0x2000000c        0x4 
 .data.impure_data
                0x20000010      0x428 c:/program files (x86)/gnu arm embedded toolchain/10 2020-q2-preview/bin/../lib/gcc/arm-none-eabi/10.1.1/../../../../arm-none-eabi/lib/thumb/v7-m/nofp\libc.a(lib_a-impure.o)
 .data.__atexit_recursive_mutex
                0x20000438        0x4 c:/program files (x86)/gnu arm embedded toolchain/10 2020-q2-preview/bin/../lib/gcc/arm-none-eabi/10.1.1/../../../../arm-none-eabi/lib/thumb/v7-m/nofp\libc.a(lib_a-__call_atexit.o)
                0x20000438                __atexit_recursive_mutex
                0x2000043c                . = ALIGN (0x4)
                0x2000043c                _edata = .

.igot.plt       0x2000043c        0x0 load address 0x080022c8
 .igot.plt      0x2000043c        0x0 c:/program files (x86)/gnu arm embedded toolchain/10 2020-q2-preview/bin/../lib/gcc/arm-none-eabi/10.1.1/thumb/v7-m/nofp/crtbegin.o
                0x2000043c                . = ALIGN (0x4)

.bss            0x2000043c      0x128 load address 0x080022c8
                0x2000043c                _sbss = .
                0x2000043c                __bss_start__ = _sbss
 *(.bss)
 .bss           0x2000043c       0x1c c:/program files (x86)/gnu arm embedded toolchain/10 2020-q2-preview/bin/../lib/gcc/arm-none-eabi/10.1.1/thumb/v7-m/nofp/crtbegin.o
 *(.bss*)
 .bss.uwTick    0x20000458        0x4 build/stm32f1xx_hal.o
                0x20000458                uwTick
 .bss.hadc1     0x2000045c       0x30 build/main.o
                0x2000045c                hadc1
 .bss.hi2s2     0x2000048c       0x3c build/main.o
                0x2000048c                hi2s2
 .bss.hspi1     0x200004c8       0x58 build/main.o
                0x200004c8                hspi1
 .bss.huart4    0x20000520       0x40 build/main.o
                0x20000520                huart4
 .bss.__lock___atexit_recursive_mutex
                0x20000560        0x1 c:/program files (x86)/gnu arm embedded toolchain/10 2020-q2-preview/bin/../lib/gcc/arm-none-eabi/10.1.1/../../../../arm-none-eabi/lib/thumb/v7-m/nofp\libc.a(lib_a-lock.o)
                0x20000560                __lock___atexit_recursive_mutex
 *(COMMON)
                0x20000564                . = ALIGN (0x4)
 *fill*         0x20000561        0x3 
                0x20000564                _ebss = .
                0x20000564                __bss_end__ = _ebss

._user_heap_stack
                0x20000564      0x604 load address 0x080022c8
                0x20000568                . = ALIGN (0x8)
 *fill*         0x20000564        0x4 
                [!provide]                PROVIDE (end = .)
                [!provide]                PROVIDE (_end = .)
                0x20000768                . = (. + _Min_Heap_Size)
 *fill*         0x20000568      0x200 
                0x20000b68                . = (. + _Min_Stack_Size)
 *fill*         0x20000768      0x400 
                0x20000b68                . = ALIGN (0x8)

/DISCARD/
 libc.a(*)
 libm.a(*)
 libgcc.a(*)

.ARM.attributes
                0x00000000       0x29
 *(.ARM.attributes)
 .ARM.attributes
                0x00000000       0x1d c:/program files (x86)/gnu arm embedded toolchain/10 2020-q2-preview/bin/../lib/gcc/arm-none-eabi/10.1.1/thumb/v7-m/nofp/crti.o
 .ARM.attributes
                0x0000001d       0x2d c:/program files (x86)/gnu arm embedded toolchain/10 2020-q2-preview/bin/../lib/gcc/arm-none-eabi/10.1.1/thumb/v7-m/nofp/crtbegin.o
 .ARM.attributes
                0x0000004a       0x2d build/stm32f1xx_hal.o
 .ARM.attributes
                0x00000077       0x2d build/stm32f1xx_hal_adc.o
 .ARM.attributes
                0x000000a4       0x2d build/stm32f1xx_hal_cortex.o
 .ARM.attributes
                0x000000d1       0x2d build/stm32f1xx_hal_gpio.o
 .ARM.attributes
                0x000000fe       0x2d build/stm32f1xx_hal_i2s.o
 .ARM.attributes
                0x0000012b       0x2d build/stm32f1xx_hal_rcc.o
 .ARM.attributes
                0x00000158       0x2d build/stm32f1xx_hal_rcc_ex.o
 .ARM.attributes
                0x00000185       0x2d build/stm32f1xx_hal_spi.o
 .ARM.attributes
                0x000001b2       0x2d build/stm32f1xx_hal_uart.o
 .ARM.attributes
                0x000001df       0x2d build/main.o
 .ARM.attributes
                0x0000020c       0x2d build/stm32f1xx_hal_msp.o
 .ARM.attributes
                0x00000239       0x2d build/stm32f1xx_it.o
 .ARM.attributes
                0x00000266       0x2d build/system_stm32f1xx.o
 .ARM.attributes
                0x00000293       0x2d build/mcp3204.o
 .ARM.attributes
                0x000002c0       0x21 build/startup_stm32f103xe.o
 .ARM.attributes
                0x000002e1       0x2d c:/program files (x86)/gnu arm embedded toolchain/10 2020-q2-preview/bin/../lib/gcc/arm-none-eabi/10.1.1/../../../../arm-none-eabi/lib/thumb/v7-m/nofp\libc.a(lib_a-impure.o)
 .ARM.attributes
                0x0000030e       0x2d c:/program files (x86)/gnu arm embedded toolchain/10 2020-q2-preview/bin/../lib/gcc/arm-none-eabi/10.1.1/../../../../arm-none-eabi/lib/thumb/v7-m/nofp\libc.a(lib_a-init.o)
 .ARM.attributes
                0x0000033b       0x2d c:/program files (x86)/gnu arm embedded toolchain/10 2020-q2-preview/bin/../lib/gcc/arm-none-eabi/10.1.1/../../../../arm-none-eabi/lib/thumb/v7-m/nofp\libc.a(lib_a-memset.o)
 .ARM.attributes
                0x00000368       0x2d c:/program files (x86)/gnu arm embedded toolchain/10 2020-q2-preview/bin/../lib/gcc/arm-none-eabi/10.1.1/../../../../arm-none-eabi/lib/thumb/v7-m/nofp\libc.a(lib_a-__call_atexit.o)
 .ARM.attributes
                0x00000395       0x2d c:/program files (x86)/gnu arm embedded toolchain/10 2020-q2-preview/bin/../lib/gcc/arm-none-eabi/10.1.1/../../../../arm-none-eabi/lib/thumb/v7-m/nofp\libc.a(lib_a-atexit.o)
 .ARM.attributes
                0x000003c2       0x2d c:/program files (x86)/gnu arm embedded toolchain/10 2020-q2-preview/bin/../lib/gcc/arm-none-eabi/10.1.1/../../../../arm-none-eabi/lib/thumb/v7-m/nofp\libc.a(lib_a-fini.o)
 .ARM.attributes
                0x000003ef       0x2d c:/program files (x86)/gnu arm embedded toolchain/10 2020-q2-preview/bin/../lib/gcc/arm-none-eabi/10.1.1/../../../../arm-none-eabi/lib/thumb/v7-m/nofp\libc.a(lib_a-lock.o)
 .ARM.attributes
                0x0000041c       0x2d c:/program files (x86)/gnu arm embedded toolchain/10 2020-q2-preview/bin/../lib/gcc/arm-none-eabi/10.1.1/../../../../arm-none-eabi/lib/thumb/v7-m/nofp\libc.a(lib_a-__atexit.o)
 .ARM.attributes
                0x00000449       0x1d c:/program files (x86)/gnu arm embedded toolchain/10 2020-q2-preview/bin/../lib/gcc/arm-none-eabi/10.1.1/thumb/v7-m/nofp/crtn.o
OUTPUT(build/Firmware.elf elf32-littlearm)
LOAD linker stubs
LOAD c:/program files (x86)/gnu arm embedded toolchain/10 2020-q2-preview/bin/../lib/gcc/arm-none-eabi/10.1.1/../../../../arm-none-eabi/lib/thumb/v7-m/nofp\libc.a
LOAD c:/program files (x86)/gnu arm embedded toolchain/10 2020-q2-preview/bin/../lib/gcc/arm-none-eabi/10.1.1/../../../../arm-none-eabi/lib/thumb/v7-m/nofp\libm.a
LOAD c:/program files (x86)/gnu arm embedded toolchain/10 2020-q2-preview/bin/../lib/gcc/arm-none-eabi/10.1.1/thumb/v7-m/nofp\libgcc.a

.debug_info     0x00000000     0xbc55
 .debug_info    0x00000000      0x89d build/stm32f1xx_hal.o
 .debug_info    0x0000089d     0x1025 build/stm32f1xx_hal_adc.o
 .debug_info    0x000018c2      0xe93 build/stm32f1xx_hal_cortex.o
 .debug_info    0x00002755      0x6bc build/stm32f1xx_hal_gpio.o
 .debug_info    0x00002e11     0x10b3 build/stm32f1xx_hal_i2s.o
 .debug_info    0x00003ec4      0xaec build/stm32f1xx_hal_rcc.o
 .debug_info    0x000049b0      0x4ba build/stm32f1xx_hal_rcc_ex.o
 .debug_info    0x00004e6a     0x1e8e build/stm32f1xx_hal_spi.o
 .debug_info    0x00006cf8     0x19c6 build/stm32f1xx_hal_uart.o
 .debug_info    0x000086be     0x148b build/main.o
 .debug_info    0x00009b49     0x13a0 build/stm32f1xx_hal_msp.o
 .debug_info    0x0000aee9      0x15b build/stm32f1xx_it.o
 .debug_info    0x0000b044      0x454 build/system_stm32f1xx.o
 .debug_info    0x0000b498      0x79b build/mcp3204.o
 .debug_info    0x0000bc33       0x22 build/startup_stm32f103xe.o

.debug_abbrev   0x00000000     0x1da7
 .debug_abbrev  0x00000000      0x20a build/stm32f1xx_hal.o
 .debug_abbrev  0x0000020a      0x239 build/stm32f1xx_hal_adc.o
 .debug_abbrev  0x00000443      0x359 build/stm32f1xx_hal_cortex.o
 .debug_abbrev  0x0000079c      0x222 build/stm32f1xx_hal_gpio.o
 .debug_abbrev  0x000009be      0x24e build/stm32f1xx_hal_i2s.o
 .debug_abbrev  0x00000c0c      0x29a build/stm32f1xx_hal_rcc.o
 .debug_abbrev  0x00000ea6      0x1d5 build/stm32f1xx_hal_rcc_ex.o
 .debug_abbrev  0x0000107b      0x292 build/stm32f1xx_hal_spi.o
 .debug_abbrev  0x0000130d      0x2ab build/stm32f1xx_hal_uart.o
 .debug_abbrev  0x000015b8      0x253 build/main.o
 .debug_abbrev  0x0000180b      0x1f4 build/stm32f1xx_hal_msp.o
 .debug_abbrev  0x000019ff       0x81 build/stm32f1xx_it.o
 .debug_abbrev  0x00001a80      0x140 build/system_stm32f1xx.o
 .debug_abbrev  0x00001bc0      0x1d5 build/mcp3204.o
 .debug_abbrev  0x00001d95       0x12 build/startup_stm32f103xe.o

.debug_loc      0x00000000     0x8237
 .debug_loc     0x00000000      0x1bb build/stm32f1xx_hal.o
 .debug_loc     0x000001bb      0xdf1 build/stm32f1xx_hal_adc.o
 .debug_loc     0x00000fac      0x77f build/stm32f1xx_hal_cortex.o
 .debug_loc     0x0000172b      0x517 build/stm32f1xx_hal_gpio.o
 .debug_loc     0x00001c42     0x11c4 build/stm32f1xx_hal_i2s.o
 .debug_loc     0x00002e06      0x7ee build/stm32f1xx_hal_rcc.o
 .debug_loc     0x000035f4      0x4a6 build/stm32f1xx_hal_rcc_ex.o
 .debug_loc     0x00003a9a     0x23a4 build/stm32f1xx_hal_spi.o
 .debug_loc     0x00005e3e     0x1d0c build/stm32f1xx_hal_uart.o
 .debug_loc     0x00007b4a      0x129 build/main.o
 .debug_loc     0x00007c73      0x3e1 build/stm32f1xx_hal_msp.o
 .debug_loc     0x00008054       0x20 build/stm32f1xx_it.o
 .debug_loc     0x00008074       0xff build/system_stm32f1xx.o
 .debug_loc     0x00008173       0xc4 build/mcp3204.o

.debug_aranges  0x00000000      0x9a8
 .debug_aranges
                0x00000000       0xe0 build/stm32f1xx_hal.o
 .debug_aranges
                0x000000e0       0xf0 build/stm32f1xx_hal_adc.o
 .debug_aranges
                0x000001d0       0x90 build/stm32f1xx_hal_cortex.o
 .debug_aranges
                0x00000260       0x58 build/stm32f1xx_hal_gpio.o
 .debug_aranges
                0x000002b8      0x100 build/stm32f1xx_hal_i2s.o
 .debug_aranges
                0x000003b8       0x90 build/stm32f1xx_hal_rcc.o
 .debug_aranges
                0x00000448       0x30 build/stm32f1xx_hal_rcc_ex.o
 .debug_aranges
                0x00000478      0x1d0 build/stm32f1xx_hal_spi.o
 .debug_aranges
                0x00000648      0x1d0 build/stm32f1xx_hal_uart.o
 .debug_aranges
                0x00000818       0x58 build/main.o
 .debug_aranges
                0x00000870       0x60 build/stm32f1xx_hal_msp.o
 .debug_aranges
                0x000008d0       0x60 build/stm32f1xx_it.o
 .debug_aranges
                0x00000930       0x28 build/system_stm32f1xx.o
 .debug_aranges
                0x00000958       0x28 build/mcp3204.o
 .debug_aranges
                0x00000980       0x28 build/startup_stm32f103xe.o

.debug_ranges   0x00000000      0x958
 .debug_ranges  0x00000000       0xd0 build/stm32f1xx_hal.o
 .debug_ranges  0x000000d0       0xe0 build/stm32f1xx_hal_adc.o
 .debug_ranges  0x000001b0       0xe0 build/stm32f1xx_hal_cortex.o
 .debug_ranges  0x00000290       0x48 build/stm32f1xx_hal_gpio.o
 .debug_ranges  0x000002d8       0xf0 build/stm32f1xx_hal_i2s.o
 .debug_ranges  0x000003c8       0xa0 build/stm32f1xx_hal_rcc.o
 .debug_ranges  0x00000468       0x38 build/stm32f1xx_hal_rcc_ex.o
 .debug_ranges  0x000004a0      0x1c0 build/stm32f1xx_hal_spi.o
 .debug_ranges  0x00000660      0x1c0 build/stm32f1xx_hal_uart.o
 .debug_ranges  0x00000820       0x48 build/main.o
 .debug_ranges  0x00000868       0x50 build/stm32f1xx_hal_msp.o
 .debug_ranges  0x000008b8       0x50 build/stm32f1xx_it.o
 .debug_ranges  0x00000908       0x18 build/system_stm32f1xx.o
 .debug_ranges  0x00000920       0x18 build/mcp3204.o
 .debug_ranges  0x00000938       0x20 build/startup_stm32f103xe.o

.debug_line     0x00000000     0x92e5
 .debug_line    0x00000000      0x532 build/stm32f1xx_hal.o
 .debug_line    0x00000532      0xeb8 build/stm32f1xx_hal_adc.o
 .debug_line    0x000013ea      0x641 build/stm32f1xx_hal_cortex.o
 .debug_line    0x00001a2b      0x600 build/stm32f1xx_hal_gpio.o
 .debug_line    0x0000202b     0x108d build/stm32f1xx_hal_i2s.o
 .debug_line    0x000030b8      0xc34 build/stm32f1xx_hal_rcc.o
 .debug_line    0x00003cec      0x4dc build/stm32f1xx_hal_rcc_ex.o
 .debug_line    0x000041c8     0x23c9 build/stm32f1xx_hal_spi.o
 .debug_line    0x00006591     0x1bba build/stm32f1xx_hal_uart.o
 .debug_line    0x0000814b      0x5e9 build/main.o
 .debug_line    0x00008734      0x505 build/stm32f1xx_hal_msp.o
 .debug_line    0x00008c39      0x160 build/stm32f1xx_it.o
 .debug_line    0x00008d99      0x2a8 build/system_stm32f1xx.o
 .debug_line    0x00009041      0x232 build/mcp3204.o
 .debug_line    0x00009273       0x72 build/startup_stm32f103xe.o

.debug_str      0x00000000     0x2c29
 .debug_str     0x00000000      0x89b build/stm32f1xx_hal.o
                                0x8f4 (size before relaxing)
 .debug_str     0x0000089b      0x681 build/stm32f1xx_hal_adc.o
                                0x8cc (size before relaxing)
 .debug_str     0x00000f1c      0x3cc build/stm32f1xx_hal_cortex.o
                                0x9b0 (size before relaxing)
 .debug_str     0x000012e8      0x1cc build/stm32f1xx_hal_gpio.o
                                0x3f9 (size before relaxing)
 .debug_str     0x000014b4      0x426 build/stm32f1xx_hal_i2s.o
                                0x85d (size before relaxing)
 .debug_str     0x000018da      0x311 build/stm32f1xx_hal_rcc.o
                                0x624 (size before relaxing)
 .debug_str     0x00001beb      0x133 build/stm32f1xx_hal_rcc_ex.o
                                0x40a (size before relaxing)
 .debug_str     0x00001d1e      0x665 build/stm32f1xx_hal_spi.o
                                0xb45 (size before relaxing)
 .debug_str     0x00002383      0x690 build/stm32f1xx_hal_uart.o
                                0xb84 (size before relaxing)
 .debug_str     0x00002a13       0xb5 build/main.o
                                0xce1 (size before relaxing)
 .debug_str     0x00002ac8       0x18 build/stm32f1xx_hal_msp.o
                                0xa6d (size before relaxing)
 .debug_str     0x00002ae0       0xa3 build/stm32f1xx_it.o
                                0x216 (size before relaxing)
 .debug_str     0x00002b83       0x4a build/system_stm32f1xx.o
                                0x2a6 (size before relaxing)
 .debug_str     0x00002bcd       0x37 build/mcp3204.o
                                0x5f6 (size before relaxing)
 .debug_str     0x00002c04       0x25 build/startup_stm32f103xe.o
                                 0x6d (size before relaxing)

.comment        0x00000000       0x4f
 .comment       0x00000000       0x4f build/stm32f1xx_hal.o
                                 0x50 (size before relaxing)
 .comment       0x0000004f       0x50 build/stm32f1xx_hal_adc.o
 .comment       0x0000004f       0x50 build/stm32f1xx_hal_cortex.o
 .comment       0x0000004f       0x50 build/stm32f1xx_hal_gpio.o
 .comment       0x0000004f       0x50 build/stm32f1xx_hal_i2s.o
 .comment       0x0000004f       0x50 build/stm32f1xx_hal_rcc.o
 .comment       0x0000004f       0x50 build/stm32f1xx_hal_rcc_ex.o
 .comment       0x0000004f       0x50 build/stm32f1xx_hal_spi.o
 .comment       0x0000004f       0x50 build/stm32f1xx_hal_uart.o
 .comment       0x0000004f       0x50 build/main.o
 .comment       0x0000004f       0x50 build/stm32f1xx_hal_msp.o
 .comment       0x0000004f       0x50 build/stm32f1xx_it.o
 .comment       0x0000004f       0x50 build/system_stm32f1xx.o
 .comment       0x0000004f       0x50 build/mcp3204.o

.debug_frame    0x00000000     0x1af0
 .debug_frame   0x00000000      0x1cc build/stm32f1xx_hal.o
 .debug_frame   0x000001cc      0x2c4 build/stm32f1xx_hal_adc.o
 .debug_frame   0x00000490      0x118 build/stm32f1xx_hal_cortex.o
 .debug_frame   0x000005a8       0xe4 build/stm32f1xx_hal_gpio.o
 .debug_frame   0x0000068c      0x2f8 build/stm32f1xx_hal_i2s.o
 .debug_frame   0x00000984      0x190 build/stm32f1xx_hal_rcc.o
 .debug_frame   0x00000b14       0x64 build/stm32f1xx_hal_rcc_ex.o
 .debug_frame   0x00000b78      0x594 build/stm32f1xx_hal_spi.o
 .debug_frame   0x0000110c      0x4ec build/stm32f1xx_hal_uart.o
 .debug_frame   0x000015f8       0xe8 build/main.o
 .debug_frame   0x000016e0      0x108 build/stm32f1xx_hal_msp.o
 .debug_frame   0x000017e8       0xa8 build/stm32f1xx_it.o
 .debug_frame   0x00001890       0x30 build/system_stm32f1xx.o
 .debug_frame   0x000018c0       0x44 build/mcp3204.o
 .debug_frame   0x00001904       0x2c c:/program files (x86)/gnu arm embedded toolchain/10 2020-q2-preview/bin/../lib/gcc/arm-none-eabi/10.1.1/../../../../arm-none-eabi/lib/thumb/v7-m/nofp\libc.a(lib_a-init.o)
 .debug_frame   0x00001930       0x2c c:/program files (x86)/gnu arm embedded toolchain/10 2020-q2-preview/bin/../lib/gcc/arm-none-eabi/10.1.1/../../../../arm-none-eabi/lib/thumb/v7-m/nofp\libc.a(lib_a-memset.o)
 .debug_frame   0x0000195c       0x5c c:/program files (x86)/gnu arm embedded toolchain/10 2020-q2-preview/bin/../lib/gcc/arm-none-eabi/10.1.1/../../../../arm-none-eabi/lib/thumb/v7-m/nofp\libc.a(lib_a-__call_atexit.o)
 .debug_frame   0x000019b8       0x20 c:/program files (x86)/gnu arm embedded toolchain/10 2020-q2-preview/bin/../lib/gcc/arm-none-eabi/10.1.1/../../../../arm-none-eabi/lib/thumb/v7-m/nofp\libc.a(lib_a-atexit.o)
 .debug_frame   0x000019d8       0x34 c:/program files (x86)/gnu arm embedded toolchain/10 2020-q2-preview/bin/../lib/gcc/arm-none-eabi/10.1.1/../../../../arm-none-eabi/lib/thumb/v7-m/nofp\libc.a(lib_a-fini.o)
 .debug_frame   0x00001a0c       0xb0 c:/program files (x86)/gnu arm embedded toolchain/10 2020-q2-preview/bin/../lib/gcc/arm-none-eabi/10.1.1/../../../../arm-none-eabi/lib/thumb/v7-m/nofp\libc.a(lib_a-lock.o)
 .debug_frame   0x00001abc       0x34 c:/program files (x86)/gnu arm embedded toolchain/10 2020-q2-preview/bin/../lib/gcc/arm-none-eabi/10.1.1/../../../../arm-none-eabi/lib/thumb/v7-m/nofp\libc.a(lib_a-__atexit.o)

Cross Reference Table

Symbol                                            File
ADC1_2_IRQHandler                                 build/startup_stm32f103xe.o
ADC3_IRQHandler                                   build/startup_stm32f103xe.o
ADC_ConversionStop_Disable                        build/stm32f1xx_hal_adc.o
                                                  build/stm32f1xx_hal_adc_ex.o
ADC_DMAConvCplt                                   build/stm32f1xx_hal_adc.o
                                                  build/stm32f1xx_hal_adc_ex.o
ADC_DMAError                                      build/stm32f1xx_hal_adc.o
                                                  build/stm32f1xx_hal_adc_ex.o
ADC_DMAHalfConvCplt                               build/stm32f1xx_hal_adc.o
                                                  build/stm32f1xx_hal_adc_ex.o
ADC_Enable                                        build/stm32f1xx_hal_adc.o
                                                  build/stm32f1xx_hal_adc_ex.o
AHBPrescTable                                     build/system_stm32f1xx.o
                                                  build/stm32f1xx_hal_rcc.o
APBPrescTable                                     build/system_stm32f1xx.o
                                                  build/stm32f1xx_hal_rcc.o
BusFault_Handler                                  build/stm32f1xx_it.o
CAN1_RX1_IRQHandler                               build/startup_stm32f103xe.o
CAN1_SCE_IRQHandler                               build/startup_stm32f103xe.o
DMA1_Channel1_IRQHandler                          build/startup_stm32f103xe.o
DMA1_Channel2_IRQHandler                          build/startup_stm32f103xe.o
DMA1_Channel3_IRQHandler                          build/startup_stm32f103xe.o
DMA1_Channel4_IRQHandler                          build/startup_stm32f103xe.o
DMA1_Channel5_IRQHandler                          build/startup_stm32f103xe.o
DMA1_Channel6_IRQHandler                          build/startup_stm32f103xe.o
DMA1_Channel7_IRQHandler                          build/startup_stm32f103xe.o
DMA2_Channel1_IRQHandler                          build/startup_stm32f103xe.o
DMA2_Channel2_IRQHandler                          build/startup_stm32f103xe.o
DMA2_Channel3_IRQHandler                          build/startup_stm32f103xe.o
DMA2_Channel4_5_IRQHandler                        build/startup_stm32f103xe.o
DebugMon_Handler                                  build/stm32f1xx_it.o
Default_Handler                                   build/startup_stm32f103xe.o
EXTI0_IRQHandler                                  build/startup_stm32f103xe.o
EXTI15_10_IRQHandler                              build/startup_stm32f103xe.o
EXTI1_IRQHandler                                  build/startup_stm32f103xe.o
EXTI2_IRQHandler                                  build/startup_stm32f103xe.o
EXTI3_IRQHandler                                  build/startup_stm32f103xe.o
EXTI4_IRQHandler                                  build/startup_stm32f103xe.o
EXTI9_5_IRQHandler                                build/startup_stm32f103xe.o
Error_Handler                                     build/main.o
FLASH_IRQHandler                                  build/startup_stm32f103xe.o
FLASH_PageErase                                   build/stm32f1xx_hal_flash_ex.o
                                                  build/stm32f1xx_hal_flash.o
FLASH_WaitForLastOperation                        build/stm32f1xx_hal_flash.o
                                                  build/stm32f1xx_hal_flash_ex.o
FSMC_IRQHandler                                   build/startup_stm32f103xe.o
HAL_ADCEx_Calibration_Start                       build/stm32f1xx_hal_adc_ex.o
HAL_ADCEx_InjectedConfigChannel                   build/stm32f1xx_hal_adc_ex.o
HAL_ADCEx_InjectedConvCpltCallback                build/stm32f1xx_hal_adc_ex.o
                                                  build/stm32f1xx_hal_adc.o
HAL_ADCEx_InjectedGetValue                        build/stm32f1xx_hal_adc_ex.o
HAL_ADCEx_InjectedPollForConversion               build/stm32f1xx_hal_adc_ex.o
HAL_ADCEx_InjectedStart                           build/stm32f1xx_hal_adc_ex.o
HAL_ADCEx_InjectedStart_IT                        build/stm32f1xx_hal_adc_ex.o
HAL_ADCEx_InjectedStop                            build/stm32f1xx_hal_adc_ex.o
HAL_ADCEx_InjectedStop_IT                         build/stm32f1xx_hal_adc_ex.o
HAL_ADCEx_MultiModeConfigChannel                  build/stm32f1xx_hal_adc_ex.o
HAL_ADCEx_MultiModeGetValue                       build/stm32f1xx_hal_adc_ex.o
HAL_ADCEx_MultiModeStart_DMA                      build/stm32f1xx_hal_adc_ex.o
HAL_ADCEx_MultiModeStop_DMA                       build/stm32f1xx_hal_adc_ex.o
HAL_ADC_AnalogWDGConfig                           build/stm32f1xx_hal_adc.o
HAL_ADC_ConfigChannel                             build/stm32f1xx_hal_adc.o
                                                  build/main.o
HAL_ADC_ConvCpltCallback                          build/stm32f1xx_hal_adc.o
HAL_ADC_ConvHalfCpltCallback                      build/stm32f1xx_hal_adc.o
HAL_ADC_DeInit                                    build/stm32f1xx_hal_adc.o
HAL_ADC_ErrorCallback                             build/stm32f1xx_hal_adc.o
HAL_ADC_GetError                                  build/stm32f1xx_hal_adc.o
HAL_ADC_GetState                                  build/stm32f1xx_hal_adc.o
HAL_ADC_GetValue                                  build/stm32f1xx_hal_adc.o
HAL_ADC_IRQHandler                                build/stm32f1xx_hal_adc.o
HAL_ADC_Init                                      build/stm32f1xx_hal_adc.o
                                                  build/main.o
HAL_ADC_LevelOutOfWindowCallback                  build/stm32f1xx_hal_adc.o
HAL_ADC_MspDeInit                                 build/stm32f1xx_hal_msp.o
                                                  build/stm32f1xx_hal_adc.o
HAL_ADC_MspInit                                   build/stm32f1xx_hal_msp.o
                                                  build/stm32f1xx_hal_adc.o
HAL_ADC_PollForConversion                         build/stm32f1xx_hal_adc.o
HAL_ADC_PollForEvent                              build/stm32f1xx_hal_adc.o
HAL_ADC_Start                                     build/stm32f1xx_hal_adc.o
HAL_ADC_Start_DMA                                 build/stm32f1xx_hal_adc.o
HAL_ADC_Start_IT                                  build/stm32f1xx_hal_adc.o
HAL_ADC_Stop                                      build/stm32f1xx_hal_adc.o
HAL_ADC_Stop_DMA                                  build/stm32f1xx_hal_adc.o
HAL_ADC_Stop_IT                                   build/stm32f1xx_hal_adc.o
HAL_DBGMCU_DisableDBGSleepMode                    build/stm32f1xx_hal.o
HAL_DBGMCU_DisableDBGStandbyMode                  build/stm32f1xx_hal.o
HAL_DBGMCU_DisableDBGStopMode                     build/stm32f1xx_hal.o
HAL_DBGMCU_EnableDBGSleepMode                     build/stm32f1xx_hal.o
HAL_DBGMCU_EnableDBGStandbyMode                   build/stm32f1xx_hal.o
HAL_DBGMCU_EnableDBGStopMode                      build/stm32f1xx_hal.o
HAL_DMA_Abort                                     build/stm32f1xx_hal_dma.o
                                                  build/stm32f1xx_hal_uart.o
                                                  build/stm32f1xx_hal_spi.o
                                                  build/stm32f1xx_hal_i2s.o
                                                  build/stm32f1xx_hal_adc_ex.o
                                                  build/stm32f1xx_hal_adc.o
HAL_DMA_Abort_IT                                  build/stm32f1xx_hal_dma.o
                                                  build/stm32f1xx_hal_uart.o
                                                  build/stm32f1xx_hal_spi.o
HAL_DMA_DeInit                                    build/stm32f1xx_hal_dma.o
HAL_DMA_GetError                                  build/stm32f1xx_hal_dma.o
                                                  build/stm32f1xx_hal_uart.o
HAL_DMA_GetState                                  build/stm32f1xx_hal_dma.o
HAL_DMA_IRQHandler                                build/stm32f1xx_hal_dma.o
HAL_DMA_Init                                      build/stm32f1xx_hal_dma.o
HAL_DMA_PollForTransfer                           build/stm32f1xx_hal_dma.o
HAL_DMA_RegisterCallback                          build/stm32f1xx_hal_dma.o
HAL_DMA_Start                                     build/stm32f1xx_hal_dma.o
HAL_DMA_Start_IT                                  build/stm32f1xx_hal_dma.o
                                                  build/stm32f1xx_hal_uart.o
                                                  build/stm32f1xx_hal_spi.o
                                                  build/stm32f1xx_hal_i2s.o
                                                  build/stm32f1xx_hal_adc_ex.o
                                                  build/stm32f1xx_hal_adc.o
HAL_DMA_UnRegisterCallback                        build/stm32f1xx_hal_dma.o
HAL_DeInit                                        build/stm32f1xx_hal.o
HAL_Delay                                         build/stm32f1xx_hal.o
HAL_EXTI_ClearConfigLine                          build/stm32f1xx_hal_exti.o
HAL_EXTI_ClearPending                             build/stm32f1xx_hal_exti.o
HAL_EXTI_GenerateSWI                              build/stm32f1xx_hal_exti.o
HAL_EXTI_GetConfigLine                            build/stm32f1xx_hal_exti.o
HAL_EXTI_GetHandle                                build/stm32f1xx_hal_exti.o
HAL_EXTI_GetPending                               build/stm32f1xx_hal_exti.o
HAL_EXTI_IRQHandler                               build/stm32f1xx_hal_exti.o
HAL_EXTI_RegisterCallback                         build/stm32f1xx_hal_exti.o
HAL_EXTI_SetConfigLine                            build/stm32f1xx_hal_exti.o
HAL_FLASHEx_Erase                                 build/stm32f1xx_hal_flash_ex.o
HAL_FLASHEx_Erase_IT                              build/stm32f1xx_hal_flash_ex.o
HAL_FLASHEx_OBErase                               build/stm32f1xx_hal_flash_ex.o
HAL_FLASHEx_OBGetConfig                           build/stm32f1xx_hal_flash_ex.o
HAL_FLASHEx_OBGetUserData                         build/stm32f1xx_hal_flash_ex.o
HAL_FLASHEx_OBProgram                             build/stm32f1xx_hal_flash_ex.o
HAL_FLASH_EndOfOperationCallback                  build/stm32f1xx_hal_flash.o
HAL_FLASH_GetError                                build/stm32f1xx_hal_flash.o
HAL_FLASH_IRQHandler                              build/stm32f1xx_hal_flash.o
HAL_FLASH_Lock                                    build/stm32f1xx_hal_flash.o
HAL_FLASH_OB_Launch                               build/stm32f1xx_hal_flash.o
HAL_FLASH_OB_Lock                                 build/stm32f1xx_hal_flash.o
HAL_FLASH_OB_Unlock                               build/stm32f1xx_hal_flash.o
HAL_FLASH_OperationErrorCallback                  build/stm32f1xx_hal_flash.o
HAL_FLASH_Program                                 build/stm32f1xx_hal_flash.o
HAL_FLASH_Program_IT                              build/stm32f1xx_hal_flash.o
HAL_FLASH_Unlock                                  build/stm32f1xx_hal_flash.o
HAL_GPIOEx_ConfigEventout                         build/stm32f1xx_hal_gpio_ex.o
HAL_GPIOEx_DisableEventout                        build/stm32f1xx_hal_gpio_ex.o
HAL_GPIOEx_EnableEventout                         build/stm32f1xx_hal_gpio_ex.o
HAL_GPIO_DeInit                                   build/stm32f1xx_hal_gpio.o
                                                  build/stm32f1xx_hal_msp.o
HAL_GPIO_EXTI_Callback                            build/stm32f1xx_hal_gpio.o
HAL_GPIO_EXTI_IRQHandler                          build/stm32f1xx_hal_gpio.o
HAL_GPIO_Init                                     build/stm32f1xx_hal_gpio.o
                                                  build/stm32f1xx_hal_msp.o
                                                  build/main.o
                                                  build/stm32f1xx_hal_rcc.o
HAL_GPIO_LockPin                                  build/stm32f1xx_hal_gpio.o
HAL_GPIO_ReadPin                                  build/stm32f1xx_hal_gpio.o
HAL_GPIO_TogglePin                                build/stm32f1xx_hal_gpio.o
HAL_GPIO_WritePin                                 build/stm32f1xx_hal_gpio.o
                                                  build/mcp3204.o
                                                  build/main.o
HAL_GetDEVID                                      build/stm32f1xx_hal.o
HAL_GetHalVersion                                 build/stm32f1xx_hal.o
HAL_GetREVID                                      build/stm32f1xx_hal.o
HAL_GetTick                                       build/stm32f1xx_hal.o
                                                  build/stm32f1xx_hal_uart.o
                                                  build/stm32f1xx_hal_spi.o
                                                  build/stm32f1xx_hal_rcc_ex.o
                                                  build/stm32f1xx_hal_rcc.o
                                                  build/stm32f1xx_hal_i2s.o
                                                  build/stm32f1xx_hal_flash.o
                                                  build/stm32f1xx_hal_dma.o
                                                  build/stm32f1xx_hal_adc_ex.o
                                                  build/stm32f1xx_hal_adc.o
HAL_GetTickFreq                                   build/stm32f1xx_hal.o
HAL_GetTickPrio                                   build/stm32f1xx_hal.o
HAL_GetUIDw0                                      build/stm32f1xx_hal.o
HAL_GetUIDw1                                      build/stm32f1xx_hal.o
HAL_GetUIDw2                                      build/stm32f1xx_hal.o
HAL_HalfDuplex_EnableReceiver                     build/stm32f1xx_hal_uart.o
HAL_HalfDuplex_EnableTransmitter                  build/stm32f1xx_hal_uart.o
HAL_HalfDuplex_Init                               build/stm32f1xx_hal_uart.o
HAL_I2S_DMAPause                                  build/stm32f1xx_hal_i2s.o
HAL_I2S_DMAResume                                 build/stm32f1xx_hal_i2s.o
HAL_I2S_DMAStop                                   build/stm32f1xx_hal_i2s.o
HAL_I2S_DeInit                                    build/stm32f1xx_hal_i2s.o
HAL_I2S_ErrorCallback                             build/stm32f1xx_hal_i2s.o
HAL_I2S_GetError                                  build/stm32f1xx_hal_i2s.o
HAL_I2S_GetState                                  build/stm32f1xx_hal_i2s.o
HAL_I2S_IRQHandler                                build/stm32f1xx_hal_i2s.o
HAL_I2S_Init                                      build/stm32f1xx_hal_i2s.o
                                                  build/main.o
HAL_I2S_MspDeInit                                 build/stm32f1xx_hal_msp.o
                                                  build/stm32f1xx_hal_i2s.o
HAL_I2S_MspInit                                   build/stm32f1xx_hal_msp.o
                                                  build/stm32f1xx_hal_i2s.o
HAL_I2S_Receive                                   build/stm32f1xx_hal_i2s.o
HAL_I2S_Receive_DMA                               build/stm32f1xx_hal_i2s.o
HAL_I2S_Receive_IT                                build/stm32f1xx_hal_i2s.o
HAL_I2S_RxCpltCallback                            build/stm32f1xx_hal_i2s.o
HAL_I2S_RxHalfCpltCallback                        build/stm32f1xx_hal_i2s.o
HAL_I2S_Transmit                                  build/stm32f1xx_hal_i2s.o
HAL_I2S_Transmit_DMA                              build/stm32f1xx_hal_i2s.o
HAL_I2S_Transmit_IT                               build/stm32f1xx_hal_i2s.o
HAL_I2S_TxCpltCallback                            build/stm32f1xx_hal_i2s.o
HAL_I2S_TxHalfCpltCallback                        build/stm32f1xx_hal_i2s.o
HAL_IncTick                                       build/stm32f1xx_hal.o
                                                  build/stm32f1xx_it.o
HAL_Init                                          build/stm32f1xx_hal.o
                                                  build/main.o
HAL_InitTick                                      build/stm32f1xx_hal.o
                                                  build/stm32f1xx_hal_rcc.o
HAL_LIN_Init                                      build/stm32f1xx_hal_uart.o
HAL_LIN_SendBreak                                 build/stm32f1xx_hal_uart.o
HAL_MspDeInit                                     build/stm32f1xx_hal.o
HAL_MspInit                                       build/stm32f1xx_hal_msp.o
                                                  build/stm32f1xx_hal.o
HAL_MultiProcessor_EnterMuteMode                  build/stm32f1xx_hal_uart.o
HAL_MultiProcessor_ExitMuteMode                   build/stm32f1xx_hal_uart.o
HAL_MultiProcessor_Init                           build/stm32f1xx_hal_uart.o
HAL_NVIC_ClearPendingIRQ                          build/stm32f1xx_hal_cortex.o
HAL_NVIC_DisableIRQ                               build/stm32f1xx_hal_cortex.o
HAL_NVIC_EnableIRQ                                build/stm32f1xx_hal_cortex.o
HAL_NVIC_GetActive                                build/stm32f1xx_hal_cortex.o
HAL_NVIC_GetPendingIRQ                            build/stm32f1xx_hal_cortex.o
HAL_NVIC_GetPriority                              build/stm32f1xx_hal_cortex.o
HAL_NVIC_GetPriorityGrouping                      build/stm32f1xx_hal_cortex.o
HAL_NVIC_SetPendingIRQ                            build/stm32f1xx_hal_cortex.o
HAL_NVIC_SetPriority                              build/stm32f1xx_hal_cortex.o
                                                  build/stm32f1xx_hal.o
HAL_NVIC_SetPriorityGrouping                      build/stm32f1xx_hal_cortex.o
                                                  build/stm32f1xx_hal.o
HAL_NVIC_SystemReset                              build/stm32f1xx_hal_cortex.o
                                                  build/stm32f1xx_hal_flash.o
HAL_PWR_ConfigPVD                                 build/stm32f1xx_hal_pwr.o
HAL_PWR_DeInit                                    build/stm32f1xx_hal_pwr.o
HAL_PWR_DisableBkUpAccess                         build/stm32f1xx_hal_pwr.o
HAL_PWR_DisablePVD                                build/stm32f1xx_hal_pwr.o
HAL_PWR_DisableSEVOnPend                          build/stm32f1xx_hal_pwr.o
HAL_PWR_DisableSleepOnExit                        build/stm32f1xx_hal_pwr.o
HAL_PWR_DisableWakeUpPin                          build/stm32f1xx_hal_pwr.o
HAL_PWR_EnableBkUpAccess                          build/stm32f1xx_hal_pwr.o
HAL_PWR_EnablePVD                                 build/stm32f1xx_hal_pwr.o
HAL_PWR_EnableSEVOnPend                           build/stm32f1xx_hal_pwr.o
HAL_PWR_EnableSleepOnExit                         build/stm32f1xx_hal_pwr.o
HAL_PWR_EnableWakeUpPin                           build/stm32f1xx_hal_pwr.o
HAL_PWR_EnterSLEEPMode                            build/stm32f1xx_hal_pwr.o
HAL_PWR_EnterSTANDBYMode                          build/stm32f1xx_hal_pwr.o
HAL_PWR_EnterSTOPMode                             build/stm32f1xx_hal_pwr.o
HAL_PWR_PVDCallback                               build/stm32f1xx_hal_pwr.o
HAL_PWR_PVD_IRQHandler                            build/stm32f1xx_hal_pwr.o
HAL_RCCEx_GetPeriphCLKConfig                      build/stm32f1xx_hal_rcc_ex.o
HAL_RCCEx_GetPeriphCLKFreq                        build/stm32f1xx_hal_rcc_ex.o
                                                  build/stm32f1xx_hal_i2s.o
                                                  build/stm32f1xx_hal_adc_ex.o
                                                  build/stm32f1xx_hal_adc.o
HAL_RCCEx_PeriphCLKConfig                         build/stm32f1xx_hal_rcc_ex.o
                                                  build/main.o
HAL_RCC_CSSCallback                               build/stm32f1xx_hal_rcc.o
HAL_RCC_ClockConfig                               build/stm32f1xx_hal_rcc.o
                                                  build/main.o
HAL_RCC_DeInit                                    build/stm32f1xx_hal_rcc.o
HAL_RCC_DisableCSS                                build/stm32f1xx_hal_rcc.o
HAL_RCC_EnableCSS                                 build/stm32f1xx_hal_rcc.o
HAL_RCC_GetClockConfig                            build/stm32f1xx_hal_rcc.o
HAL_RCC_GetHCLKFreq                               build/stm32f1xx_hal_rcc.o
HAL_RCC_GetOscConfig                              build/stm32f1xx_hal_rcc.o
HAL_RCC_GetPCLK1Freq                              build/stm32f1xx_hal_rcc.o
                                                  build/stm32f1xx_hal_uart.o
HAL_RCC_GetPCLK2Freq                              build/stm32f1xx_hal_rcc.o
                                                  build/stm32f1xx_hal_uart.o
                                                  build/stm32f1xx_hal_rcc_ex.o
HAL_RCC_GetSysClockFreq                           build/stm32f1xx_hal_rcc.o
                                                  build/stm32f1xx_hal_rcc_ex.o
                                                  build/stm32f1xx_hal_i2s.o
HAL_RCC_MCOConfig                                 build/stm32f1xx_hal_rcc.o
HAL_RCC_NMI_IRQHandler                            build/stm32f1xx_hal_rcc.o
HAL_RCC_OscConfig                                 build/stm32f1xx_hal_rcc.o
                                                  build/main.o
HAL_ResumeTick                                    build/stm32f1xx_hal.o
HAL_SPI_Abort                                     build/stm32f1xx_hal_spi.o
HAL_SPI_AbortCpltCallback                         build/stm32f1xx_hal_spi.o
HAL_SPI_Abort_IT                                  build/stm32f1xx_hal_spi.o
HAL_SPI_DMAPause                                  build/stm32f1xx_hal_spi.o
HAL_SPI_DMAResume                                 build/stm32f1xx_hal_spi.o
HAL_SPI_DMAStop                                   build/stm32f1xx_hal_spi.o
HAL_SPI_DeInit                                    build/stm32f1xx_hal_spi.o
HAL_SPI_ErrorCallback                             build/stm32f1xx_hal_spi.o
HAL_SPI_GetError                                  build/stm32f1xx_hal_spi.o
HAL_SPI_GetState                                  build/stm32f1xx_hal_spi.o
HAL_SPI_IRQHandler                                build/stm32f1xx_hal_spi.o
HAL_SPI_Init                                      build/stm32f1xx_hal_spi.o
                                                  build/main.o
HAL_SPI_MspDeInit                                 build/stm32f1xx_hal_msp.o
                                                  build/stm32f1xx_hal_spi.o
HAL_SPI_MspInit                                   build/stm32f1xx_hal_msp.o
                                                  build/stm32f1xx_hal_spi.o
HAL_SPI_Receive                                   build/stm32f1xx_hal_spi.o
HAL_SPI_Receive_DMA                               build/stm32f1xx_hal_spi.o
HAL_SPI_Receive_IT                                build/stm32f1xx_hal_spi.o
HAL_SPI_RxCpltCallback                            build/stm32f1xx_hal_spi.o
HAL_SPI_RxHalfCpltCallback                        build/stm32f1xx_hal_spi.o
HAL_SPI_Transmit                                  build/stm32f1xx_hal_spi.o
HAL_SPI_TransmitReceive                           build/stm32f1xx_hal_spi.o
                                                  build/mcp3204.o
HAL_SPI_TransmitReceive_DMA                       build/stm32f1xx_hal_spi.o
HAL_SPI_TransmitReceive_IT                        build/stm32f1xx_hal_spi.o
HAL_SPI_Transmit_DMA                              build/stm32f1xx_hal_spi.o
HAL_SPI_Transmit_IT                               build/stm32f1xx_hal_spi.o
HAL_SPI_TxCpltCallback                            build/stm32f1xx_hal_spi.o
HAL_SPI_TxHalfCpltCallback                        build/stm32f1xx_hal_spi.o
HAL_SPI_TxRxCpltCallback                          build/stm32f1xx_hal_spi.o
HAL_SPI_TxRxHalfCpltCallback                      build/stm32f1xx_hal_spi.o
HAL_SYSTICK_CLKSourceConfig                       build/stm32f1xx_hal_cortex.o
HAL_SYSTICK_Callback                              build/stm32f1xx_hal_cortex.o
HAL_SYSTICK_Config                                build/stm32f1xx_hal_cortex.o
                                                  build/stm32f1xx_hal.o
HAL_SYSTICK_IRQHandler                            build/stm32f1xx_hal_cortex.o
HAL_SetTickFreq                                   build/stm32f1xx_hal.o
HAL_SuspendTick                                   build/stm32f1xx_hal.o
HAL_UART_Abort                                    build/stm32f1xx_hal_uart.o
HAL_UART_AbortCpltCallback                        build/stm32f1xx_hal_uart.o
HAL_UART_AbortReceive                             build/stm32f1xx_hal_uart.o
HAL_UART_AbortReceiveCpltCallback                 build/stm32f1xx_hal_uart.o
HAL_UART_AbortReceive_IT                          build/stm32f1xx_hal_uart.o
HAL_UART_AbortTransmit                            build/stm32f1xx_hal_uart.o
HAL_UART_AbortTransmitCpltCallback                build/stm32f1xx_hal_uart.o
HAL_UART_AbortTransmit_IT                         build/stm32f1xx_hal_uart.o
HAL_UART_Abort_IT                                 build/stm32f1xx_hal_uart.o
HAL_UART_DMAPause                                 build/stm32f1xx_hal_uart.o
HAL_UART_DMAResume                                build/stm32f1xx_hal_uart.o
HAL_UART_DMAStop                                  build/stm32f1xx_hal_uart.o
HAL_UART_DeInit                                   build/stm32f1xx_hal_uart.o
HAL_UART_ErrorCallback                            build/stm32f1xx_hal_uart.o
HAL_UART_GetError                                 build/stm32f1xx_hal_uart.o
HAL_UART_GetState                                 build/stm32f1xx_hal_uart.o
HAL_UART_IRQHandler                               build/stm32f1xx_hal_uart.o
HAL_UART_Init                                     build/stm32f1xx_hal_uart.o
                                                  build/main.o
HAL_UART_MspDeInit                                build/stm32f1xx_hal_msp.o
                                                  build/stm32f1xx_hal_uart.o
HAL_UART_MspInit                                  build/stm32f1xx_hal_msp.o
                                                  build/stm32f1xx_hal_uart.o
HAL_UART_Receive                                  build/stm32f1xx_hal_uart.o
HAL_UART_Receive_DMA                              build/stm32f1xx_hal_uart.o
HAL_UART_Receive_IT                               build/stm32f1xx_hal_uart.o
HAL_UART_RxCpltCallback                           build/stm32f1xx_hal_uart.o
HAL_UART_RxHalfCpltCallback                       build/stm32f1xx_hal_uart.o
HAL_UART_Transmit                                 build/stm32f1xx_hal_uart.o
HAL_UART_Transmit_DMA                             build/stm32f1xx_hal_uart.o
HAL_UART_Transmit_IT                              build/stm32f1xx_hal_uart.o
HAL_UART_TxCpltCallback                           build/stm32f1xx_hal_uart.o
HAL_UART_TxHalfCpltCallback                       build/stm32f1xx_hal_uart.o
HardFault_Handler                                 build/stm32f1xx_it.o
I2C1_ER_IRQHandler                                build/startup_stm32f103xe.o
I2C1_EV_IRQHandler                                build/startup_stm32f103xe.o
I2C2_ER_IRQHandler                                build/startup_stm32f103xe.o
I2C2_EV_IRQHandler                                build/startup_stm32f103xe.o
MemManage_Handler                                 build/stm32f1xx_it.o
NMI_Handler                                       build/stm32f1xx_it.o
PVD_IRQHandler                                    build/startup_stm32f103xe.o
PendSV_Handler                                    build/stm32f1xx_it.o
RCC_IRQHandler                                    build/startup_stm32f103xe.o
RTC_Alarm_IRQHandler                              build/startup_stm32f103xe.o
RTC_IRQHandler                                    build/startup_stm32f103xe.o
Reset_Handler                                     build/startup_stm32f103xe.o
SDIO_IRQHandler                                   build/startup_stm32f103xe.o
SPI1_IRQHandler                                   build/startup_stm32f103xe.o
SPI2_IRQHandler                                   build/startup_stm32f103xe.o
SPI3_IRQHandler                                   build/startup_stm32f103xe.o
SVC_Handler                                       build/stm32f1xx_it.o
SysTick_Handler                                   build/stm32f1xx_it.o
SystemClock_Config                                build/main.o
SystemCoreClock                                   build/system_stm32f1xx.o
                                                  build/stm32f1xx_hal_spi.o
                                                  build/stm32f1xx_hal_rcc.o
                                                  build/stm32f1xx_hal_adc_ex.o
                                                  build/stm32f1xx_hal_adc.o
                                                  build/stm32f1xx_hal.o
SystemCoreClockUpdate                             build/system_stm32f1xx.o
SystemInit                                        build/system_stm32f1xx.o
                                                  build/startup_stm32f103xe.o
TAMPER_IRQHandler                                 build/startup_stm32f103xe.o
TIM1_BRK_IRQHandler                               build/startup_stm32f103xe.o
TIM1_CC_IRQHandler                                build/startup_stm32f103xe.o
TIM1_TRG_COM_IRQHandler                           build/startup_stm32f103xe.o
TIM1_UP_IRQHandler                                build/startup_stm32f103xe.o
TIM2_IRQHandler                                   build/startup_stm32f103xe.o
TIM3_IRQHandler                                   build/startup_stm32f103xe.o
TIM4_IRQHandler                                   build/startup_stm32f103xe.o
TIM5_IRQHandler                                   build/startup_stm32f103xe.o
TIM6_IRQHandler                                   build/startup_stm32f103xe.o
TIM7_IRQHandler                                   build/startup_stm32f103xe.o
TIM8_BRK_IRQHandler                               build/startup_stm32f103xe.o
TIM8_CC_IRQHandler                                build/startup_stm32f103xe.o
TIM8_TRG_COM_IRQHandler                           build/startup_stm32f103xe.o
TIM8_UP_IRQHandler                                build/startup_stm32f103xe.o
UART4_IRQHandler                                  build/startup_stm32f103xe.o
UART5_IRQHandler                                  build/startup_stm32f103xe.o
USART1_IRQHandler                                 build/startup_stm32f103xe.o
USART2_IRQHandler                                 build/startup_stm32f103xe.o
USART3_IRQHandler                                 build/startup_stm32f103xe.o
USBWakeUp_IRQHandler                              build/startup_stm32f103xe.o
USB_HP_CAN1_TX_IRQHandler                         build/startup_stm32f103xe.o
USB_LP_CAN1_RX0_IRQHandler                        build/startup_stm32f103xe.o
UsageFault_Handler                                build/stm32f1xx_it.o
WWDG_IRQHandler                                   build/startup_stm32f103xe.o
__atexit_recursive_mutex                          c:/program files (x86)/gnu arm embedded toolchain/10 2020-q2-preview/bin/../lib/gcc/arm-none-eabi/10.1.1/../../../../arm-none-eabi/lib/thumb/v7-m/nofp\libc.a(lib_a-__call_atexit.o)
                                                  c:/program files (x86)/gnu arm embedded toolchain/10 2020-q2-preview/bin/../lib/gcc/arm-none-eabi/10.1.1/../../../../arm-none-eabi/lib/thumb/v7-m/nofp\libc.a(lib_a-__atexit.o)
__bss_end__                                       c:/program files (x86)/gnu arm embedded toolchain/10 2020-q2-preview/bin/../lib/gcc/arm-none-eabi/10.1.1/../../../../arm-none-eabi/lib/thumb/v7-m/nofp/crt0.o
__bss_start__                                     c:/program files (x86)/gnu arm embedded toolchain/10 2020-q2-preview/bin/../lib/gcc/arm-none-eabi/10.1.1/../../../../arm-none-eabi/lib/thumb/v7-m/nofp/crt0.o
__call_exitprocs                                  c:/program files (x86)/gnu arm embedded toolchain/10 2020-q2-preview/bin/../lib/gcc/arm-none-eabi/10.1.1/../../../../arm-none-eabi/lib/thumb/v7-m/nofp\libc.a(lib_a-__call_atexit.o)
                                                  c:/program files (x86)/gnu arm embedded toolchain/10 2020-q2-preview/bin/../lib/gcc/arm-none-eabi/10.1.1/../../../../arm-none-eabi/lib/thumb/v7-m/nofp\libc.a(lib_a-exit.o)
__deregister_frame_info                           c:/program files (x86)/gnu arm embedded toolchain/10 2020-q2-preview/bin/../lib/gcc/arm-none-eabi/10.1.1/thumb/v7-m/nofp/crtbegin.o
__dso_handle                                      c:/program files (x86)/gnu arm embedded toolchain/10 2020-q2-preview/bin/../lib/gcc/arm-none-eabi/10.1.1/thumb/v7-m/nofp/crtbegin.o
__fini_array_end                                  c:/program files (x86)/gnu arm embedded toolchain/10 2020-q2-preview/bin/../lib/gcc/arm-none-eabi/10.1.1/../../../../arm-none-eabi/lib/thumb/v7-m/nofp\libc.a(lib_a-fini.o)
__fini_array_start                                c:/program files (x86)/gnu arm embedded toolchain/10 2020-q2-preview/bin/../lib/gcc/arm-none-eabi/10.1.1/../../../../arm-none-eabi/lib/thumb/v7-m/nofp\libc.a(lib_a-fini.o)
__init_array_end                                  c:/program files (x86)/gnu arm embedded toolchain/10 2020-q2-preview/bin/../lib/gcc/arm-none-eabi/10.1.1/../../../../arm-none-eabi/lib/thumb/v7-m/nofp\libc.a(lib_a-init.o)
__init_array_start                                c:/program files (x86)/gnu arm embedded toolchain/10 2020-q2-preview/bin/../lib/gcc/arm-none-eabi/10.1.1/../../../../arm-none-eabi/lib/thumb/v7-m/nofp\libc.a(lib_a-init.o)
__libc_fini                                       c:/program files (x86)/gnu arm embedded toolchain/10 2020-q2-preview/bin/../lib/gcc/arm-none-eabi/10.1.1/../../../../arm-none-eabi/lib/thumb/v7-m/nofp\libc.a(lib_a-__call_atexit.o)
__libc_fini_array                                 c:/program files (x86)/gnu arm embedded toolchain/10 2020-q2-preview/bin/../lib/gcc/arm-none-eabi/10.1.1/../../../../arm-none-eabi/lib/thumb/v7-m/nofp\libc.a(lib_a-fini.o)
                                                  c:/program files (x86)/gnu arm embedded toolchain/10 2020-q2-preview/bin/../lib/gcc/arm-none-eabi/10.1.1/../../../../arm-none-eabi/lib/thumb/v7-m/nofp\libc.a(lib_a-__call_atexit.o)
                                                  c:/program files (x86)/gnu arm embedded toolchain/10 2020-q2-preview/bin/../lib/gcc/arm-none-eabi/10.1.1/../../../../arm-none-eabi/lib/thumb/v7-m/nofp/crt0.o
__libc_init_array                                 c:/program files (x86)/gnu arm embedded toolchain/10 2020-q2-preview/bin/../lib/gcc/arm-none-eabi/10.1.1/../../../../arm-none-eabi/lib/thumb/v7-m/nofp\libc.a(lib_a-init.o)
                                                  build/startup_stm32f103xe.o
                                                  c:/program files (x86)/gnu arm embedded toolchain/10 2020-q2-preview/bin/../lib/gcc/arm-none-eabi/10.1.1/../../../../arm-none-eabi/lib/thumb/v7-m/nofp/crt0.o
__lock___arc4random_mutex                         c:/program files (x86)/gnu arm embedded toolchain/10 2020-q2-preview/bin/../lib/gcc/arm-none-eabi/10.1.1/../../../../arm-none-eabi/lib/thumb/v7-m/nofp\libc.a(lib_a-lock.o)
__lock___at_quick_exit_mutex                      c:/program files (x86)/gnu arm embedded toolchain/10 2020-q2-preview/bin/../lib/gcc/arm-none-eabi/10.1.1/../../../../arm-none-eabi/lib/thumb/v7-m/nofp\libc.a(lib_a-lock.o)
__lock___atexit_recursive_mutex                   c:/program files (x86)/gnu arm embedded toolchain/10 2020-q2-preview/bin/../lib/gcc/arm-none-eabi/10.1.1/../../../../arm-none-eabi/lib/thumb/v7-m/nofp\libc.a(lib_a-lock.o)
                                                  c:/program files (x86)/gnu arm embedded toolchain/10 2020-q2-preview/bin/../lib/gcc/arm-none-eabi/10.1.1/../../../../arm-none-eabi/lib/thumb/v7-m/nofp\libc.a(lib_a-__call_atexit.o)
__lock___dd_hash_mutex                            c:/program files (x86)/gnu arm embedded toolchain/10 2020-q2-preview/bin/../lib/gcc/arm-none-eabi/10.1.1/../../../../arm-none-eabi/lib/thumb/v7-m/nofp\libc.a(lib_a-lock.o)
__lock___env_recursive_mutex                      c:/program files (x86)/gnu arm embedded toolchain/10 2020-q2-preview/bin/../lib/gcc/arm-none-eabi/10.1.1/../../../../arm-none-eabi/lib/thumb/v7-m/nofp\libc.a(lib_a-lock.o)
__lock___malloc_recursive_mutex                   c:/program files (x86)/gnu arm embedded toolchain/10 2020-q2-preview/bin/../lib/gcc/arm-none-eabi/10.1.1/../../../../arm-none-eabi/lib/thumb/v7-m/nofp\libc.a(lib_a-lock.o)
__lock___sfp_recursive_mutex                      c:/program files (x86)/gnu arm embedded toolchain/10 2020-q2-preview/bin/../lib/gcc/arm-none-eabi/10.1.1/../../../../arm-none-eabi/lib/thumb/v7-m/nofp\libc.a(lib_a-lock.o)
__lock___sinit_recursive_mutex                    c:/program files (x86)/gnu arm embedded toolchain/10 2020-q2-preview/bin/../lib/gcc/arm-none-eabi/10.1.1/../../../../arm-none-eabi/lib/thumb/v7-m/nofp\libc.a(lib_a-lock.o)
__lock___tz_mutex                                 c:/program files (x86)/gnu arm embedded toolchain/10 2020-q2-preview/bin/../lib/gcc/arm-none-eabi/10.1.1/../../../../arm-none-eabi/lib/thumb/v7-m/nofp\libc.a(lib_a-lock.o)
__preinit_array_end                               c:/program files (x86)/gnu arm embedded toolchain/10 2020-q2-preview/bin/../lib/gcc/arm-none-eabi/10.1.1/../../../../arm-none-eabi/lib/thumb/v7-m/nofp\libc.a(lib_a-init.o)
__preinit_array_start                             c:/program files (x86)/gnu arm embedded toolchain/10 2020-q2-preview/bin/../lib/gcc/arm-none-eabi/10.1.1/../../../../arm-none-eabi/lib/thumb/v7-m/nofp\libc.a(lib_a-init.o)
__register_exitproc                               c:/program files (x86)/gnu arm embedded toolchain/10 2020-q2-preview/bin/../lib/gcc/arm-none-eabi/10.1.1/../../../../arm-none-eabi/lib/thumb/v7-m/nofp\libc.a(lib_a-__atexit.o)
                                                  c:/program files (x86)/gnu arm embedded toolchain/10 2020-q2-preview/bin/../lib/gcc/arm-none-eabi/10.1.1/../../../../arm-none-eabi/lib/thumb/v7-m/nofp\libc.a(lib_a-atexit.o)
__register_frame_info                             c:/program files (x86)/gnu arm embedded toolchain/10 2020-q2-preview/bin/../lib/gcc/arm-none-eabi/10.1.1/thumb/v7-m/nofp/crtbegin.o
__retarget_lock_acquire                           c:/program files (x86)/gnu arm embedded toolchain/10 2020-q2-preview/bin/../lib/gcc/arm-none-eabi/10.1.1/../../../../arm-none-eabi/lib/thumb/v7-m/nofp\libc.a(lib_a-lock.o)
__retarget_lock_acquire_recursive                 c:/program files (x86)/gnu arm embedded toolchain/10 2020-q2-preview/bin/../lib/gcc/arm-none-eabi/10.1.1/../../../../arm-none-eabi/lib/thumb/v7-m/nofp\libc.a(lib_a-lock.o)
                                                  c:/program files (x86)/gnu arm embedded toolchain/10 2020-q2-preview/bin/../lib/gcc/arm-none-eabi/10.1.1/../../../../arm-none-eabi/lib/thumb/v7-m/nofp\libc.a(lib_a-__atexit.o)
                                                  c:/program files (x86)/gnu arm embedded toolchain/10 2020-q2-preview/bin/../lib/gcc/arm-none-eabi/10.1.1/../../../../arm-none-eabi/lib/thumb/v7-m/nofp\libc.a(lib_a-__call_atexit.o)
__retarget_lock_close                             c:/program files (x86)/gnu arm embedded toolchain/10 2020-q2-preview/bin/../lib/gcc/arm-none-eabi/10.1.1/../../../../arm-none-eabi/lib/thumb/v7-m/nofp\libc.a(lib_a-lock.o)
__retarget_lock_close_recursive                   c:/program files (x86)/gnu arm embedded toolchain/10 2020-q2-preview/bin/../lib/gcc/arm-none-eabi/10.1.1/../../../../arm-none-eabi/lib/thumb/v7-m/nofp\libc.a(lib_a-lock.o)
__retarget_lock_init                              c:/program files (x86)/gnu arm embedded toolchain/10 2020-q2-preview/bin/../lib/gcc/arm-none-eabi/10.1.1/../../../../arm-none-eabi/lib/thumb/v7-m/nofp\libc.a(lib_a-lock.o)
__retarget_lock_init_recursive                    c:/program files (x86)/gnu arm embedded toolchain/10 2020-q2-preview/bin/../lib/gcc/arm-none-eabi/10.1.1/../../../../arm-none-eabi/lib/thumb/v7-m/nofp\libc.a(lib_a-lock.o)
__retarget_lock_release                           c:/program files (x86)/gnu arm embedded toolchain/10 2020-q2-preview/bin/../lib/gcc/arm-none-eabi/10.1.1/../../../../arm-none-eabi/lib/thumb/v7-m/nofp\libc.a(lib_a-lock.o)
__retarget_lock_release_recursive                 c:/program files (x86)/gnu arm embedded toolchain/10 2020-q2-preview/bin/../lib/gcc/arm-none-eabi/10.1.1/../../../../arm-none-eabi/lib/thumb/v7-m/nofp\libc.a(lib_a-lock.o)
                                                  c:/program files (x86)/gnu arm embedded toolchain/10 2020-q2-preview/bin/../lib/gcc/arm-none-eabi/10.1.1/../../../../arm-none-eabi/lib/thumb/v7-m/nofp\libc.a(lib_a-__atexit.o)
                                                  c:/program files (x86)/gnu arm embedded toolchain/10 2020-q2-preview/bin/../lib/gcc/arm-none-eabi/10.1.1/../../../../arm-none-eabi/lib/thumb/v7-m/nofp\libc.a(lib_a-__call_atexit.o)
__retarget_lock_try_acquire                       c:/program files (x86)/gnu arm embedded toolchain/10 2020-q2-preview/bin/../lib/gcc/arm-none-eabi/10.1.1/../../../../arm-none-eabi/lib/thumb/v7-m/nofp\libc.a(lib_a-lock.o)
__retarget_lock_try_acquire_recursive             c:/program files (x86)/gnu arm embedded toolchain/10 2020-q2-preview/bin/../lib/gcc/arm-none-eabi/10.1.1/../../../../arm-none-eabi/lib/thumb/v7-m/nofp\libc.a(lib_a-lock.o)
__stack                                           c:/program files (x86)/gnu arm embedded toolchain/10 2020-q2-preview/bin/../lib/gcc/arm-none-eabi/10.1.1/../../../../arm-none-eabi/lib/thumb/v7-m/nofp/crt0.o
_ebss                                             build/startup_stm32f103xe.o
_edata                                            build/startup_stm32f103xe.o
_estack                                           build/startup_stm32f103xe.o
_exit                                             c:/program files (x86)/gnu arm embedded toolchain/10 2020-q2-preview/bin/../lib/gcc/arm-none-eabi/10.1.1/../../../../arm-none-eabi/lib/thumb/v7-m/nofp\libnosys.a(_exit.o)
                                                  c:/program files (x86)/gnu arm embedded toolchain/10 2020-q2-preview/bin/../lib/gcc/arm-none-eabi/10.1.1/../../../../arm-none-eabi/lib/thumb/v7-m/nofp\libc.a(lib_a-exit.o)
_fini                                             c:/program files (x86)/gnu arm embedded toolchain/10 2020-q2-preview/bin/../lib/gcc/arm-none-eabi/10.1.1/thumb/v7-m/nofp/crti.o
                                                  c:/program files (x86)/gnu arm embedded toolchain/10 2020-q2-preview/bin/../lib/gcc/arm-none-eabi/10.1.1/../../../../arm-none-eabi/lib/thumb/v7-m/nofp\libc.a(lib_a-fini.o)
_global_impure_ptr                                c:/program files (x86)/gnu arm embedded toolchain/10 2020-q2-preview/bin/../lib/gcc/arm-none-eabi/10.1.1/../../../../arm-none-eabi/lib/thumb/v7-m/nofp\libc.a(lib_a-impure.o)
                                                  c:/program files (x86)/gnu arm embedded toolchain/10 2020-q2-preview/bin/../lib/gcc/arm-none-eabi/10.1.1/../../../../arm-none-eabi/lib/thumb/v7-m/nofp\libc.a(lib_a-__atexit.o)
                                                  c:/program files (x86)/gnu arm embedded toolchain/10 2020-q2-preview/bin/../lib/gcc/arm-none-eabi/10.1.1/../../../../arm-none-eabi/lib/thumb/v7-m/nofp\libc.a(lib_a-__call_atexit.o)
                                                  c:/program files (x86)/gnu arm embedded toolchain/10 2020-q2-preview/bin/../lib/gcc/arm-none-eabi/10.1.1/../../../../arm-none-eabi/lib/thumb/v7-m/nofp\libc.a(lib_a-exit.o)
_impure_ptr                                       c:/program files (x86)/gnu arm embedded toolchain/10 2020-q2-preview/bin/../lib/gcc/arm-none-eabi/10.1.1/../../../../arm-none-eabi/lib/thumb/v7-m/nofp\libc.a(lib_a-impure.o)
_init                                             c:/program files (x86)/gnu arm embedded toolchain/10 2020-q2-preview/bin/../lib/gcc/arm-none-eabi/10.1.1/thumb/v7-m/nofp/crti.o
                                                  c:/program files (x86)/gnu arm embedded toolchain/10 2020-q2-preview/bin/../lib/gcc/arm-none-eabi/10.1.1/../../../../arm-none-eabi/lib/thumb/v7-m/nofp\libc.a(lib_a-init.o)
_mainCRTStartup                                   c:/program files (x86)/gnu arm embedded toolchain/10 2020-q2-preview/bin/../lib/gcc/arm-none-eabi/10.1.1/../../../../arm-none-eabi/lib/thumb/v7-m/nofp/crt0.o
_sbss                                             build/startup_stm32f103xe.o
_sdata                                            build/startup_stm32f103xe.o
_sidata                                           build/startup_stm32f103xe.o
_stack_init                                       c:/program files (x86)/gnu arm embedded toolchain/10 2020-q2-preview/bin/../lib/gcc/arm-none-eabi/10.1.1/../../../../arm-none-eabi/lib/thumb/v7-m/nofp/crt0.o
_start                                            c:/program files (x86)/gnu arm embedded toolchain/10 2020-q2-preview/bin/../lib/gcc/arm-none-eabi/10.1.1/../../../../arm-none-eabi/lib/thumb/v7-m/nofp/crt0.o
adcInit                                           build/mcp3204.o
atexit                                            c:/program files (x86)/gnu arm embedded toolchain/10 2020-q2-preview/bin/../lib/gcc/arm-none-eabi/10.1.1/../../../../arm-none-eabi/lib/thumb/v7-m/nofp\libc.a(lib_a-atexit.o)
                                                  c:/program files (x86)/gnu arm embedded toolchain/10 2020-q2-preview/bin/../lib/gcc/arm-none-eabi/10.1.1/../../../../arm-none-eabi/lib/thumb/v7-m/nofp\libc.a(lib_a-__call_atexit.o)
                                                  c:/program files (x86)/gnu arm embedded toolchain/10 2020-q2-preview/bin/../lib/gcc/arm-none-eabi/10.1.1/../../../../arm-none-eabi/lib/thumb/v7-m/nofp/crt0.o
exit                                              c:/program files (x86)/gnu arm embedded toolchain/10 2020-q2-preview/bin/../lib/gcc/arm-none-eabi/10.1.1/../../../../arm-none-eabi/lib/thumb/v7-m/nofp\libc.a(lib_a-exit.o)
                                                  c:/program files (x86)/gnu arm embedded toolchain/10 2020-q2-preview/bin/../lib/gcc/arm-none-eabi/10.1.1/../../../../arm-none-eabi/lib/thumb/v7-m/nofp/crt0.o
g_pfnVectors                                      build/startup_stm32f103xe.o
hadc1                                             build/main.o
hardware_init_hook                                c:/program files (x86)/gnu arm embedded toolchain/10 2020-q2-preview/bin/../lib/gcc/arm-none-eabi/10.1.1/../../../../arm-none-eabi/lib/thumb/v7-m/nofp/crt0.o
hi2s2                                             build/main.o
hspi1                                             build/main.o
                                                  build/mcp3204.o
huart4                                            build/main.o
main                                              build/main.o
                                                  build/startup_stm32f103xe.o
                                                  c:/program files (x86)/gnu arm embedded toolchain/10 2020-q2-preview/bin/../lib/gcc/arm-none-eabi/10.1.1/../../../../arm-none-eabi/lib/thumb/v7-m/nofp/crt0.o
memset                                            c:/program files (x86)/gnu arm embedded toolchain/10 2020-q2-preview/bin/../lib/gcc/arm-none-eabi/10.1.1/../../../../arm-none-eabi/lib/thumb/v7-m/nofp\libc.a(lib_a-memset.o)
                                                  build/main.o
                                                  c:/program files (x86)/gnu arm embedded toolchain/10 2020-q2-preview/bin/../lib/gcc/arm-none-eabi/10.1.1/../../../../arm-none-eabi/lib/thumb/v7-m/nofp/crt0.o
pFlash                                            build/stm32f1xx_hal_flash.o
                                                  build/stm32f1xx_hal_flash_ex.o
readADC                                           build/mcp3204.o
                                                  build/main.o
software_init_hook                                c:/program files (x86)/gnu arm embedded toolchain/10 2020-q2-preview/bin/../lib/gcc/arm-none-eabi/10.1.1/../../../../arm-none-eabi/lib/thumb/v7-m/nofp/crt0.o
uwTick                                            build/stm32f1xx_hal.o
uwTickFreq                                        build/stm32f1xx_hal.o
uwTickPrio                                        build/stm32f1xx_hal.o
                                                  build/stm32f1xx_hal_rcc.o
