Archive member included to satisfy reference by file (symbol)

c:/program files (x86)/gnu arm embedded toolchain/10 2020-q2-preview/bin/../lib/gcc/arm-none-eabi/10.1.1/../../../../arm-none-eabi/lib/thumb/v7-m/nofp\libc.a(lib_a-exit.o)
                              c:/program files (x86)/gnu arm embedded toolchain/10 2020-q2-preview/bin/../lib/gcc/arm-none-eabi/10.1.1/../../../../arm-none-eabi/lib/thumb/v7-m/nofp/crt0.o (exit)
c:/program files (x86)/gnu arm embedded toolchain/10 2020-q2-preview/bin/../lib/gcc/arm-none-eabi/10.1.1/../../../../arm-none-eabi/lib/thumb/v7-m/nofp\libc.a(lib_a-impure.o)
                              c:/program files (x86)/gnu arm embedded toolchain/10 2020-q2-preview/bin/../lib/gcc/arm-none-eabi/10.1.1/../../../../arm-none-eabi/lib/thumb/v7-m/nofp\libc.a(lib_a-exit.o) (_global_impure_ptr)
c:/program files (x86)/gnu arm embedded toolchain/10 2020-q2-preview/bin/../lib/gcc/arm-none-eabi/10.1.1/../../../../arm-none-eabi/lib/thumb/v7-m/nofp\libc.a(lib_a-init.o)
                              c:/program files (x86)/gnu arm embedded toolchain/10 2020-q2-preview/bin/../lib/gcc/arm-none-eabi/10.1.1/../../../../arm-none-eabi/lib/thumb/v7-m/nofp/crt0.o (__libc_init_array)
c:/program files (x86)/gnu arm embedded toolchain/10 2020-q2-preview/bin/../lib/gcc/arm-none-eabi/10.1.1/../../../../arm-none-eabi/lib/thumb/v7-m/nofp\libc.a(lib_a-memset.o)
                              c:/program files (x86)/gnu arm embedded toolchain/10 2020-q2-preview/bin/../lib/gcc/arm-none-eabi/10.1.1/../../../../arm-none-eabi/lib/thumb/v7-m/nofp/crt0.o (memset)
c:/program files (x86)/gnu arm embedded toolchain/10 2020-q2-preview/bin/../lib/gcc/arm-none-eabi/10.1.1/../../../../arm-none-eabi/lib/thumb/v7-m/nofp\libc.a(lib_a-__call_atexit.o)
                              c:/program files (x86)/gnu arm embedded toolchain/10 2020-q2-preview/bin/../lib/gcc/arm-none-eabi/10.1.1/../../../../arm-none-eabi/lib/thumb/v7-m/nofp\libc.a(lib_a-exit.o) (__call_exitprocs)
c:/program files (x86)/gnu arm embedded toolchain/10 2020-q2-preview/bin/../lib/gcc/arm-none-eabi/10.1.1/../../../../arm-none-eabi/lib/thumb/v7-m/nofp\libc.a(lib_a-atexit.o)
                              c:/program files (x86)/gnu arm embedded toolchain/10 2020-q2-preview/bin/../lib/gcc/arm-none-eabi/10.1.1/../../../../arm-none-eabi/lib/thumb/v7-m/nofp\libc.a(lib_a-__call_atexit.o) (atexit)
c:/program files (x86)/gnu arm embedded toolchain/10 2020-q2-preview/bin/../lib/gcc/arm-none-eabi/10.1.1/../../../../arm-none-eabi/lib/thumb/v7-m/nofp\libc.a(lib_a-fini.o)
                              c:/program files (x86)/gnu arm embedded toolchain/10 2020-q2-preview/bin/../lib/gcc/arm-none-eabi/10.1.1/../../../../arm-none-eabi/lib/thumb/v7-m/nofp\libc.a(lib_a-__call_atexit.o) (__libc_fini_array)
c:/program files (x86)/gnu arm embedded toolchain/10 2020-q2-preview/bin/../lib/gcc/arm-none-eabi/10.1.1/../../../../arm-none-eabi/lib/thumb/v7-m/nofp\libc.a(lib_a-lock.o)
                              c:/program files (x86)/gnu arm embedded toolchain/10 2020-q2-preview/bin/../lib/gcc/arm-none-eabi/10.1.1/../../../../arm-none-eabi/lib/thumb/v7-m/nofp\libc.a(lib_a-__call_atexit.o) (__retarget_lock_acquire_recursive)
c:/program files (x86)/gnu arm embedded toolchain/10 2020-q2-preview/bin/../lib/gcc/arm-none-eabi/10.1.1/../../../../arm-none-eabi/lib/thumb/v7-m/nofp\libc.a(lib_a-__atexit.o)
                              c:/program files (x86)/gnu arm embedded toolchain/10 2020-q2-preview/bin/../lib/gcc/arm-none-eabi/10.1.1/../../../../arm-none-eabi/lib/thumb/v7-m/nofp\libc.a(lib_a-atexit.o) (__register_exitproc)
c:/program files (x86)/gnu arm embedded toolchain/10 2020-q2-preview/bin/../lib/gcc/arm-none-eabi/10.1.1/../../../../arm-none-eabi/lib/thumb/v7-m/nofp\libnosys.a(_exit.o)
                              c:/program files (x86)/gnu arm embedded toolchain/10 2020-q2-preview/bin/../lib/gcc/arm-none-eabi/10.1.1/../../../../arm-none-eabi/lib/thumb/v7-m/nofp\libc.a(lib_a-exit.o) (_exit)
c:/program files (x86)/gnu arm embedded toolchain/10 2020-q2-preview/bin/../lib/gcc/arm-none-eabi/10.1.1/thumb/v7-m/nofp\libgcc.a(_arm_muldf3.o)
                              build/DSPmain.o (__aeabi_dmul)
c:/program files (x86)/gnu arm embedded toolchain/10 2020-q2-preview/bin/../lib/gcc/arm-none-eabi/10.1.1/thumb/v7-m/nofp\libgcc.a(_arm_addsubdf3.o)
                              build/DSPmain.o (__aeabi_i2d)
c:/program files (x86)/gnu arm embedded toolchain/10 2020-q2-preview/bin/../lib/gcc/arm-none-eabi/10.1.1/thumb/v7-m/nofp\libgcc.a(_arm_muldivdf3.o)
                              build/DSPmain.o (__aeabi_ddiv)
c:/program files (x86)/gnu arm embedded toolchain/10 2020-q2-preview/bin/../lib/gcc/arm-none-eabi/10.1.1/thumb/v7-m/nofp\libgcc.a(_arm_fixunsdfsi.o)
                              build/DSPmain.o (__aeabi_d2uiz)

Discarded input sections

[...]
Memory Configuration

Name             Origin             Length             Attributes
RAM              0x20000000         0x0000c000         xrw
FLASH            0x08000000         0x00040000         xr
*default*        0x00000000         0xffffffff

Linker script and memory map

LOAD c:/program files (x86)/gnu arm embedded toolchain/10 2020-q2-preview/bin/../lib/gcc/arm-none-eabi/10.1.1/thumb/v7-m/nofp/crti.o
LOAD c:/program files (x86)/gnu arm embedded toolchain/10 2020-q2-preview/bin/../lib/gcc/arm-none-eabi/10.1.1/thumb/v7-m/nofp/crtbegin.o
LOAD c:/program files (x86)/gnu arm embedded toolchain/10 2020-q2-preview/bin/../lib/gcc/arm-none-eabi/10.1.1/../../../../arm-none-eabi/lib/thumb/v7-m/nofp/crt0.o
LOAD build/stm32f1xx_hal.o
LOAD build/stm32f1xx_hal_adc.o
LOAD build/stm32f1xx_hal_adc_ex.o
LOAD build/stm32f1xx_hal_cortex.o
LOAD build/stm32f1xx_hal_dma.o
LOAD build/stm32f1xx_hal_exti.o
LOAD build/stm32f1xx_hal_flash.o
LOAD build/stm32f1xx_hal_flash_ex.o
LOAD build/stm32f1xx_hal_gpio.o
LOAD build/stm32f1xx_hal_gpio_ex.o
LOAD build/stm32f1xx_hal_i2s.o
LOAD build/stm32f1xx_hal_pwr.o
LOAD build/stm32f1xx_hal_rcc.o
LOAD build/stm32f1xx_hal_rcc_ex.o
LOAD build/stm32f1xx_hal_spi.o
LOAD build/stm32f1xx_hal_tim.o
LOAD build/stm32f1xx_hal_tim_ex.o
LOAD build/stm32f1xx_hal_uart.o
LOAD build/DSPmain.o
LOAD build/inputProcessing.o
LOAD build/interfaces.o
LOAD build/main.o
LOAD build/stm32f1xx_hal_msp.o
LOAD build/stm32f1xx_it.o
LOAD build/system_stm32f1xx.o
LOAD build/wavetables.o
LOAD build/PCM1781DBQR.o
LOAD build/mcp3204.o
LOAD build/stm32_HAL.o
LOAD build/startup_stm32f103xe.o
LOAD c:/program files (x86)/gnu arm embedded toolchain/10 2020-q2-preview/bin/../lib/gcc/arm-none-eabi/10.1.1/../../../../arm-none-eabi/lib/thumb/v7-m/nofp\libc.a
LOAD c:/program files (x86)/gnu arm embedded toolchain/10 2020-q2-preview/bin/../lib/gcc/arm-none-eabi/10.1.1/../../../../arm-none-eabi/lib/thumb/v7-m/nofp\libm.a
LOAD c:/program files (x86)/gnu arm embedded toolchain/10 2020-q2-preview/bin/../lib/gcc/arm-none-eabi/10.1.1/../../../../arm-none-eabi/lib/thumb/v7-m/nofp\libnosys.a
START GROUP
LOAD c:/program files (x86)/gnu arm embedded toolchain/10 2020-q2-preview/bin/../lib/gcc/arm-none-eabi/10.1.1/thumb/v7-m/nofp\libgcc.a
LOAD c:/program files (x86)/gnu arm embedded toolchain/10 2020-q2-preview/bin/../lib/gcc/arm-none-eabi/10.1.1/../../../../arm-none-eabi/lib/thumb/v7-m/nofp\libc.a
END GROUP
START GROUP
LOAD c:/program files (x86)/gnu arm embedded toolchain/10 2020-q2-preview/bin/../lib/gcc/arm-none-eabi/10.1.1/thumb/v7-m/nofp\libgcc.a
LOAD c:/program files (x86)/gnu arm embedded toolchain/10 2020-q2-preview/bin/../lib/gcc/arm-none-eabi/10.1.1/../../../../arm-none-eabi/lib/thumb/v7-m/nofp\libc.a
LOAD c:/program files (x86)/gnu arm embedded toolchain/10 2020-q2-preview/bin/../lib/gcc/arm-none-eabi/10.1.1/../../../../arm-none-eabi/lib/thumb/v7-m/nofp\libnosys.a
END GROUP
LOAD c:/program files (x86)/gnu arm embedded toolchain/10 2020-q2-preview/bin/../lib/gcc/arm-none-eabi/10.1.1/thumb/v7-m/nofp/crtend.o
LOAD c:/program files (x86)/gnu arm embedded toolchain/10 2020-q2-preview/bin/../lib/gcc/arm-none-eabi/10.1.1/thumb/v7-m/nofp/crtn.o
                0x2000c000                _estack = 0x2000c000
                0x00000200                _Min_Heap_Size = 0x200
                0x00000400                _Min_Stack_Size = 0x400

.isr_vector     0x08000000      0x1e4
                0x08000000                . = ALIGN (0x4)
 *(.isr_vector)
 .isr_vector    0x08000000      0x1e4 build/startup_stm32f103xe.o
                0x08000000                g_pfnVectors
                0x080001e4                . = ALIGN (0x4)

.text           0x080001e4     0x23cc
                0x080001e4                . = ALIGN (0x4)
 *(.text)
 .text          0x080001e4       0x40 c:/program files (x86)/gnu arm embedded toolchain/10 2020-q2-preview/bin/../lib/gcc/arm-none-eabi/10.1.1/thumb/v7-m/nofp/crtbegin.o
 *(.text*)
 .text.HAL_InitTick
                0x08000224       0x4c build/stm32f1xx_hal.o
                0x08000224                HAL_InitTick
 .text.HAL_Init
                0x08000270       0x24 build/stm32f1xx_hal.o
                0x08000270                HAL_Init
 .text.HAL_IncTick
                0x08000294       0x18 build/stm32f1xx_hal.o
                0x08000294                HAL_IncTick
 .text.HAL_GetTick
                0x080002ac        0xc build/stm32f1xx_hal.o
                0x080002ac                HAL_GetTick
 .text.HAL_ADC_ConvCpltCallback
                0x080002b8        0x2 build/stm32f1xx_hal_adc.o
                0x080002b8                HAL_ADC_ConvCpltCallback
 .text.ADC_DMAConvCplt
                0x080002ba       0x52 build/stm32f1xx_hal_adc.o
                0x080002ba                ADC_DMAConvCplt
 .text.HAL_ADC_ConvHalfCpltCallback
                0x0800030c        0x2 build/stm32f1xx_hal_adc.o
                0x0800030c                HAL_ADC_ConvHalfCpltCallback
 .text.ADC_DMAHalfConvCplt
                0x0800030e        0xa build/stm32f1xx_hal_adc.o
                0x0800030e                ADC_DMAHalfConvCplt
 .text.HAL_ADC_ErrorCallback
                0x08000318        0x2 build/stm32f1xx_hal_adc.o
                0x08000318                HAL_ADC_ErrorCallback
 .text.ADC_DMAError
                0x0800031a       0x1a build/stm32f1xx_hal_adc.o
                0x0800031a                ADC_DMAError
 .text.HAL_ADC_ConfigChannel
                0x08000334      0x144 build/stm32f1xx_hal_adc.o
                0x08000334                HAL_ADC_ConfigChannel
 .text.ADC_Enable
                0x08000478       0x80 build/stm32f1xx_hal_adc.o
                0x08000478                ADC_Enable
 .text.HAL_ADC_Start_DMA
                0x080004f8      0x130 build/stm32f1xx_hal_adc.o
                0x080004f8                HAL_ADC_Start_DMA
 .text.ADC_ConversionStop_Disable
                0x08000628       0x4c build/stm32f1xx_hal_adc.o
                0x08000628                ADC_ConversionStop_Disable
 .text.HAL_ADC_Init
                0x08000674      0x128 build/stm32f1xx_hal_adc.o
                0x08000674                HAL_ADC_Init
 .text.HAL_ADCEx_Calibration_Start
                0x0800079c       0xec build/stm32f1xx_hal_adc_ex.o
                0x0800079c                HAL_ADCEx_Calibration_Start
 .text.HAL_NVIC_SetPriorityGrouping
                0x08000888       0x24 build/stm32f1xx_hal_cortex.o
                0x08000888                HAL_NVIC_SetPriorityGrouping
 .text.HAL_NVIC_SetPriority
                0x080008ac       0x70 build/stm32f1xx_hal_cortex.o
                0x080008ac                HAL_NVIC_SetPriority
 .text.HAL_NVIC_EnableIRQ
                0x0800091c       0x1c build/stm32f1xx_hal_cortex.o
                0x0800091c                HAL_NVIC_EnableIRQ
 .text.HAL_SYSTICK_Config
                0x08000938       0x28 build/stm32f1xx_hal_cortex.o
                0x08000938                HAL_SYSTICK_Config
 .text.DMA_SetConfig
                0x08000960       0x2c build/stm32f1xx_hal_dma.o
 .text.HAL_DMA_Init
                0x0800098c       0x98 build/stm32f1xx_hal_dma.o
                0x0800098c                HAL_DMA_Init
 .text.HAL_DMA_Start_IT
                0x08000a24       0x74 build/stm32f1xx_hal_dma.o
                0x08000a24                HAL_DMA_Start_IT
 .text.HAL_DMA_IRQHandler
                0x08000a98      0x2ec build/stm32f1xx_hal_dma.o
                0x08000a98                HAL_DMA_IRQHandler
 .text.HAL_GPIO_Init
                0x08000d84      0x240 build/stm32f1xx_hal_gpio.o
                0x08000d84                HAL_GPIO_Init
 .text.HAL_GPIO_ReadPin
                0x08000fc4        0xe build/stm32f1xx_hal_gpio.o
                0x08000fc4                HAL_GPIO_ReadPin
 .text.HAL_GPIO_WritePin
                0x08000fd2        0xc build/stm32f1xx_hal_gpio.o
                0x08000fd2                HAL_GPIO_WritePin
 *fill*         0x08000fde        0x2 
 .text.HAL_I2S_Init
                0x08000fe0      0x12c build/stm32f1xx_hal_i2s.o
                0x08000fe0                HAL_I2S_Init
 .text.RCC_Delay
                0x0800110c       0x2c build/stm32f1xx_hal_rcc.o
 .text.HAL_RCC_OscConfig
                0x08001138      0x410 build/stm32f1xx_hal_rcc.o
                0x08001138                HAL_RCC_OscConfig
 .text.HAL_RCC_GetSysClockFreq
                0x08001548       0x6c build/stm32f1xx_hal_rcc.o
                0x08001548                HAL_RCC_GetSysClockFreq
 .text.HAL_RCC_ClockConfig
                0x080015b4      0x16c build/stm32f1xx_hal_rcc.o
                0x080015b4                HAL_RCC_ClockConfig
 .text.HAL_RCC_GetHCLKFreq
                0x08001720        0xc build/stm32f1xx_hal_rcc.o
                0x08001720                HAL_RCC_GetHCLKFreq
 .text.HAL_RCC_GetPCLK1Freq
                0x0800172c       0x20 build/stm32f1xx_hal_rcc.o
                0x0800172c                HAL_RCC_GetPCLK1Freq
 .text.HAL_RCC_GetPCLK2Freq
                0x0800174c       0x20 build/stm32f1xx_hal_rcc.o
                0x0800174c                HAL_RCC_GetPCLK2Freq
 .text.HAL_RCCEx_PeriphCLKConfig
                0x0800176c      0x118 build/stm32f1xx_hal_rcc_ex.o
                0x0800176c                HAL_RCCEx_PeriphCLKConfig
 .text.HAL_RCCEx_GetPeriphCLKFreq
                0x08001884      0x114 build/stm32f1xx_hal_rcc_ex.o
                0x08001884                HAL_RCCEx_GetPeriphCLKFreq
 .text.HAL_SPI_Init
                0x08001998       0x7c build/stm32f1xx_hal_spi.o
                0x08001998                HAL_SPI_Init
 .text.HAL_TIM_Base_Start_IT
                0x08001a14       0x22 build/stm32f1xx_hal_tim.o
                0x08001a14                HAL_TIM_Base_Start_IT
 *fill*         0x08001a36        0x2 
 .text.TIM_Base_SetConfig
                0x08001a38       0x98 build/stm32f1xx_hal_tim.o
                0x08001a38                TIM_Base_SetConfig
 .text.HAL_TIM_Base_Init
                0x08001ad0       0x34 build/stm32f1xx_hal_tim.o
                0x08001ad0                HAL_TIM_Base_Init
 .text.HAL_TIMEx_MasterConfigSynchronization
                0x08001b04       0x48 build/stm32f1xx_hal_tim_ex.o
                0x08001b04                HAL_TIMEx_MasterConfigSynchronization
 .text.UART_SetConfig
                0x08001b4c       0xcc build/stm32f1xx_hal_uart.o
 .text.HAL_UART_Init
                0x08001c18       0x5e build/stm32f1xx_hal_uart.o
                0x08001c18                HAL_UART_Init
 *fill*         0x08001c76        0x2 
 .text.updateJackLEDs
                0x08001c78       0x50 build/interfaces.o
                0x08001c78                updateJackLEDs
 .text.updateJackStatus
                0x08001cc8       0x54 build/interfaces.o
                0x08001cc8                updateJackStatus
 .text.MX_GPIO_Init
                0x08001d1c       0xf0 build/main.o
 .text.MX_DMA_Init
                0x08001e0c       0x34 build/main.o
 .text.MX_ADC1_Init
                0x08001e40       0x48 build/main.o
 .text.MX_I2S2_Init
                0x08001e88       0x2c build/main.o
 .text.MX_SPI1_Init
                0x08001eb4       0x3c build/main.o
 .text.MX_UART4_Init
                0x08001ef0       0x2c build/main.o
 .text.MX_TIM6_Init
                0x08001f1c       0x38 build/main.o
 .text.SystemClock_Config
                0x08001f54       0x72 build/main.o
                0x08001f54                SystemClock_Config
 *fill*         0x08001fc6        0x2 
 .text.main     0x08001fc8       0x7c build/main.o
                0x08001fc8                main
 .text.Error_Handler
                0x08002044        0x2 build/main.o
                0x08002044                Error_Handler
 *fill*         0x08002046        0x2 
 .text.HAL_MspInit
                0x08002048       0x44 build/stm32f1xx_hal_msp.o
                0x08002048                HAL_MspInit
 .text.HAL_ADC_MspInit
                0x0800208c       0xe0 build/stm32f1xx_hal_msp.o
                0x0800208c                HAL_ADC_MspInit
 .text.HAL_I2S_MspInit
                0x0800216c       0x88 build/stm32f1xx_hal_msp.o
                0x0800216c                HAL_I2S_MspInit
 .text.HAL_SPI_MspInit
                0x080021f4       0x74 build/stm32f1xx_hal_msp.o
                0x080021f4                HAL_SPI_MspInit
 .text.HAL_TIM_Base_MspInit
                0x08002268       0x2c build/stm32f1xx_hal_msp.o
                0x08002268                HAL_TIM_Base_MspInit
 .text.HAL_UART_MspInit
                0x08002294       0x78 build/stm32f1xx_hal_msp.o
                0x08002294                HAL_UART_MspInit
 .text.NMI_Handler
                0x0800230c        0x2 build/stm32f1xx_it.o
                0x0800230c                NMI_Handler
 .text.HardFault_Handler
                0x0800230e        0x2 build/stm32f1xx_it.o
                0x0800230e                HardFault_Handler
 .text.MemManage_Handler
                0x08002310        0x2 build/stm32f1xx_it.o
                0x08002310                MemManage_Handler
 .text.BusFault_Handler
                0x08002312        0x2 build/stm32f1xx_it.o
                0x08002312                BusFault_Handler
 .text.UsageFault_Handler
                0x08002314        0x2 build/stm32f1xx_it.o
                0x08002314                UsageFault_Handler
 .text.SVC_Handler
                0x08002316        0x2 build/stm32f1xx_it.o
                0x08002316                SVC_Handler
 .text.DebugMon_Handler
                0x08002318        0x2 build/stm32f1xx_it.o
                0x08002318                DebugMon_Handler
 .text.PendSV_Handler
                0x0800231a        0x2 build/stm32f1xx_it.o
                0x0800231a                PendSV_Handler
 .text.SysTick_Handler
                0x0800231c        0x8 build/stm32f1xx_it.o
                0x0800231c                SysTick_Handler
 .text.DMA1_Channel1_IRQHandler
                0x08002324       0x10 build/stm32f1xx_it.o
                0x08002324                DMA1_Channel1_IRQHandler
 .text.SystemInit
                0x08002334       0x4c build/system_stm32f1xx.o
                0x08002334                SystemInit
 .text.Reset_Handler
                0x08002380       0x48 build/startup_stm32f103xe.o
                0x08002380                Reset_Handler
 .text.Default_Handler
                0x080023c8        0x2 build/startup_stm32f103xe.o
                0x080023c8                RTC_Alarm_IRQHandler
                0x080023c8                EXTI2_IRQHandler
                0x080023c8                TIM8_TRG_COM_IRQHandler
                0x080023c8                TIM8_CC_IRQHandler
                0x080023c8                TIM1_CC_IRQHandler
                0x080023c8                TIM6_IRQHandler
                0x080023c8                PVD_IRQHandler
                0x080023c8                SDIO_IRQHandler
                0x080023c8                EXTI3_IRQHandler
                0x080023c8                EXTI0_IRQHandler
                0x080023c8                I2C2_EV_IRQHandler
                0x080023c8                ADC1_2_IRQHandler
                0x080023c8                SPI1_IRQHandler
                0x080023c8                TAMPER_IRQHandler
                0x080023c8                TIM8_UP_IRQHandler
                0x080023c8                DMA2_Channel2_IRQHandler
                0x080023c8                DMA1_Channel4_IRQHandler
                0x080023c8                USART3_IRQHandler
                0x080023c8                RTC_IRQHandler
                0x080023c8                DMA1_Channel7_IRQHandler
                0x080023c8                CAN1_RX1_IRQHandler
                0x080023c8                UART5_IRQHandler
                0x080023c8                ADC3_IRQHandler
                0x080023c8                TIM4_IRQHandler
                0x080023c8                DMA2_Channel1_IRQHandler
                0x080023c8                I2C1_EV_IRQHandler
                0x080023c8                DMA1_Channel6_IRQHandler
                0x080023c8                UART4_IRQHandler
                0x080023c8                TIM3_IRQHandler
                0x080023c8                RCC_IRQHandler
                0x080023c8                TIM1_TRG_COM_IRQHandler
                0x080023c8                Default_Handler
                0x080023c8                EXTI15_10_IRQHandler
                0x080023c8                TIM7_IRQHandler
                0x080023c8                TIM5_IRQHandler
                0x080023c8                EXTI9_5_IRQHandler
                0x080023c8                SPI2_IRQHandler
                0x080023c8                DMA1_Channel5_IRQHandler
                0x080023c8                EXTI4_IRQHandler
                0x080023c8                USB_LP_CAN1_RX0_IRQHandler
                0x080023c8                USB_HP_CAN1_TX_IRQHandler
                0x080023c8                DMA1_Channel3_IRQHandler
                0x080023c8                FSMC_IRQHandler
                0x080023c8                TIM1_UP_IRQHandler
                0x080023c8                WWDG_IRQHandler
                0x080023c8                TIM2_IRQHandler
                0x080023c8                TIM1_BRK_IRQHandler
                0x080023c8                EXTI1_IRQHandler
                0x080023c8                DMA2_Channel4_5_IRQHandler
                0x080023c8                USART2_IRQHandler
                0x080023c8                I2C2_ER_IRQHandler
                0x080023c8                DMA1_Channel2_IRQHandler
                0x080023c8                TIM8_BRK_IRQHandler
                0x080023c8                CAN1_SCE_IRQHandler
                0x080023c8                FLASH_IRQHandler
                0x080023c8                USART1_IRQHandler
                0x080023c8                SPI3_IRQHandler
                0x080023c8                I2C1_ER_IRQHandler
                0x080023c8                USBWakeUp_IRQHandler
                0x080023c8                DMA2_Channel3_IRQHandler
 *fill*         0x080023ca        0x2 
 .text.__libc_init_array
                0x080023cc       0x48 c:/program files (x86)/gnu arm embedded toolchain/10 2020-q2-preview/bin/../lib/gcc/arm-none-eabi/10.1.1/../../../../arm-none-eabi/lib/thumb/v7-m/nofp\libc.a(lib_a-init.o)
                0x080023cc                __libc_init_array
 .text.memset   0x08002414       0xa4 c:/program files (x86)/gnu arm embedded toolchain/10 2020-q2-preview/bin/../lib/gcc/arm-none-eabi/10.1.1/../../../../arm-none-eabi/lib/thumb/v7-m/nofp\libc.a(lib_a-memset.o)
                0x08002414                memset
 .text.startup.register_fini
                0x080024b8       0x14 c:/program files (x86)/gnu arm embedded toolchain/10 2020-q2-preview/bin/../lib/gcc/arm-none-eabi/10.1.1/../../../../arm-none-eabi/lib/thumb/v7-m/nofp\libc.a(lib_a-__call_atexit.o)
 .text.atexit   0x080024cc        0xc c:/program files (x86)/gnu arm embedded toolchain/10 2020-q2-preview/bin/../lib/gcc/arm-none-eabi/10.1.1/../../../../arm-none-eabi/lib/thumb/v7-m/nofp\libc.a(lib_a-atexit.o)
                0x080024cc                atexit
 .text.__libc_fini_array
                0x080024d8       0x2c c:/program files (x86)/gnu arm embedded toolchain/10 2020-q2-preview/bin/../lib/gcc/arm-none-eabi/10.1.1/../../../../arm-none-eabi/lib/thumb/v7-m/nofp\libc.a(lib_a-fini.o)
                0x080024d8                __libc_fini_array
 .text.__retarget_lock_acquire_recursive
                0x08002504        0x4 c:/program files (x86)/gnu arm embedded toolchain/10 2020-q2-preview/bin/../lib/gcc/arm-none-eabi/10.1.1/../../../../arm-none-eabi/lib/thumb/v7-m/nofp\libc.a(lib_a-lock.o)
                0x08002504                __retarget_lock_acquire_recursive
 .text.__retarget_lock_release_recursive
                0x08002508        0x4 c:/program files (x86)/gnu arm embedded toolchain/10 2020-q2-preview/bin/../lib/gcc/arm-none-eabi/10.1.1/../../../../arm-none-eabi/lib/thumb/v7-m/nofp\libc.a(lib_a-lock.o)
                0x08002508                __retarget_lock_release_recursive
 .text.__register_exitproc
                0x0800250c       0x8c c:/program files (x86)/gnu arm embedded toolchain/10 2020-q2-preview/bin/../lib/gcc/arm-none-eabi/10.1.1/../../../../arm-none-eabi/lib/thumb/v7-m/nofp\libc.a(lib_a-__atexit.o)
                0x0800250c                __register_exitproc
 *(.glue_7)
 .glue_7        0x08002598        0x0 linker stubs
 *(.glue_7t)
 .glue_7t       0x08002598        0x0 linker stubs
 *(.eh_frame)
 .eh_frame      0x08002598        0x0 c:/program files (x86)/gnu arm embedded toolchain/10 2020-q2-preview/bin/../lib/gcc/arm-none-eabi/10.1.1/thumb/v7-m/nofp/crtbegin.o
 *(.init)
 .init          0x08002598        0x4 c:/program files (x86)/gnu arm embedded toolchain/10 2020-q2-preview/bin/../lib/gcc/arm-none-eabi/10.1.1/thumb/v7-m/nofp/crti.o
                0x08002598                _init
 .init          0x0800259c        0x8 c:/program files (x86)/gnu arm embedded toolchain/10 2020-q2-preview/bin/../lib/gcc/arm-none-eabi/10.1.1/thumb/v7-m/nofp/crtn.o
 *(.fini)
 .fini          0x080025a4        0x4 c:/program files (x86)/gnu arm embedded toolchain/10 2020-q2-preview/bin/../lib/gcc/arm-none-eabi/10.1.1/thumb/v7-m/nofp/crti.o
                0x080025a4                _fini
 .fini          0x080025a8        0x8 c:/program files (x86)/gnu arm embedded toolchain/10 2020-q2-preview/bin/../lib/gcc/arm-none-eabi/10.1.1/thumb/v7-m/nofp/crtn.o
                0x080025b0                . = ALIGN (0x4)
                0x080025b0                _etext = .

.vfp11_veneer   0x080025b0        0x0
 .vfp11_veneer  0x080025b0        0x0 linker stubs

.v4_bx          0x080025b0        0x0
 .v4_bx         0x080025b0        0x0 linker stubs

.iplt           0x080025b0        0x0
 .iplt          0x080025b0        0x0 c:/program files (x86)/gnu arm embedded toolchain/10 2020-q2-preview/bin/../lib/gcc/arm-none-eabi/10.1.1/thumb/v7-m/nofp/crtbegin.o

.rodata         0x080025b0       0x30
                0x080025b0                . = ALIGN (0x4)
 *(.rodata)
 *(.rodata*)
 .rodata.HAL_RCC_GetSysClockFreq.str1.4
                0x080025b0       0x11 build/stm32f1xx_hal_rcc.o
 .rodata.HAL_RCCEx_GetPeriphCLKFreq.str1.4
                0x080025c1       0x11 build/stm32f1xx_hal_rcc_ex.o
 *fill*         0x080025c1        0x3 
 .rodata.AHBPrescTable
                0x080025c4       0x10 build/system_stm32f1xx.o
                0x080025c4                AHBPrescTable
 .rodata.APBPrescTable
                0x080025d4        0x8 build/system_stm32f1xx.o
                0x080025d4                APBPrescTable
 .rodata._global_impure_ptr
                0x080025dc        0x4 c:/program files (x86)/gnu arm embedded toolchain/10 2020-q2-preview/bin/../lib/gcc/arm-none-eabi/10.1.1/../../../../arm-none-eabi/lib/thumb/v7-m/nofp\libc.a(lib_a-impure.o)
                0x080025dc                _global_impure_ptr
                0x080025e0                . = ALIGN (0x4)

.rel.dyn        0x080025e0        0x0
 .rel.iplt      0x080025e0        0x0 c:/program files (x86)/gnu arm embedded toolchain/10 2020-q2-preview/bin/../lib/gcc/arm-none-eabi/10.1.1/thumb/v7-m/nofp/crtbegin.o

.ARM.extab
 *(.ARM.extab* .gnu.linkonce.armextab.*)

.ARM            0x080025e0        0x0
                0x080025e0                __exidx_start = .
 *(.ARM.exidx*)
                0x080025e0                __exidx_end = .

.preinit_array  0x080025e0        0x0
                0x080025e0                PROVIDE (__preinit_array_start = .)
 *(.preinit_array*)
                0x080025e0                PROVIDE (__preinit_array_end = .)

.init_array     0x080025e0        0x8
                0x080025e0                PROVIDE (__init_array_start = .)
 *(SORT_BY_NAME(.init_array.*))
 .init_array.00000
                0x080025e0        0x4 c:/program files (x86)/gnu arm embedded toolchain/10 2020-q2-preview/bin/../lib/gcc/arm-none-eabi/10.1.1/../../../../arm-none-eabi/lib/thumb/v7-m/nofp\libc.a(lib_a-__call_atexit.o)
 *(.init_array*)
 .init_array    0x080025e4        0x4 c:/program files (x86)/gnu arm embedded toolchain/10 2020-q2-preview/bin/../lib/gcc/arm-none-eabi/10.1.1/thumb/v7-m/nofp/crtbegin.o
                0x080025e8                PROVIDE (__init_array_end = .)

.fini_array     0x080025e8        0x4
                0x080025e8                PROVIDE (__fini_array_start = .)
 *(SORT_BY_NAME(.fini_array.*))
 *(.fini_array*)
 .fini_array    0x080025e8        0x4 c:/program files (x86)/gnu arm embedded toolchain/10 2020-q2-preview/bin/../lib/gcc/arm-none-eabi/10.1.1/thumb/v7-m/nofp/crtbegin.o
                0x080025ec                PROVIDE (__fini_array_end = .)
                0x080025ec                _sidata = LOADADDR (.data)

.data           0x20000000      0x43c load address 0x080025ec
                0x20000000                . = ALIGN (0x4)
                0x20000000                _sdata = .
 *(.data)
 *(.data*)
 .data.uwTickFreq
                0x20000000        0x1 build/stm32f1xx_hal.o
                0x20000000                uwTickFreq
 *fill*         0x20000001        0x3 
 .data.uwTickPrio
                0x20000004        0x4 build/stm32f1xx_hal.o
                0x20000004                uwTickPrio
 .data.SystemCoreClock
                0x20000008        0x4 build/system_stm32f1xx.o
                0x20000008                SystemCoreClock
 *fill*         0x2000000c        0x4 
 .data.impure_data
                0x20000010      0x428 c:/program files (x86)/gnu arm embedded toolchain/10 2020-q2-preview/bin/../lib/gcc/arm-none-eabi/10.1.1/../../../../arm-none-eabi/lib/thumb/v7-m/nofp\libc.a(lib_a-impure.o)
 .data.__atexit_recursive_mutex
                0x20000438        0x4 c:/program files (x86)/gnu arm embedded toolchain/10 2020-q2-preview/bin/../lib/gcc/arm-none-eabi/10.1.1/../../../../arm-none-eabi/lib/thumb/v7-m/nofp\libc.a(lib_a-__call_atexit.o)
                0x20000438                __atexit_recursive_mutex
                0x2000043c                . = ALIGN (0x4)
                0x2000043c                _edata = .

.igot.plt       0x2000043c        0x0 load address 0x08002a28
 .igot.plt      0x2000043c        0x0 c:/program files (x86)/gnu arm embedded toolchain/10 2020-q2-preview/bin/../lib/gcc/arm-none-eabi/10.1.1/thumb/v7-m/nofp/crtbegin.o
                0x2000043c                . = ALIGN (0x4)

.bss            0x2000043c      0x1c4 load address 0x08002a28
                0x2000043c                _sbss = .
                0x2000043c                __bss_start__ = _sbss
 *(.bss)
 .bss           0x2000043c       0x1c c:/program files (x86)/gnu arm embedded toolchain/10 2020-q2-preview/bin/../lib/gcc/arm-none-eabi/10.1.1/thumb/v7-m/nofp/crtbegin.o
 *(.bss*)
 .bss.uwTick    0x20000458        0x4 build/stm32f1xx_hal.o
                0x20000458                uwTick
 .bss.jackStatus
                0x2000045c        0x6 build/interfaces.o
                0x2000045c                jackStatus
 *fill*         0x20000462        0x2 
 .bss.hadc1     0x20000464       0x30 build/main.o
                0x20000464                hadc1
 .bss.hdma_adc1
                0x20000494       0x44 build/main.o
                0x20000494                hdma_adc1
 .bss.hi2s2     0x200004d8       0x3c build/main.o
                0x200004d8                hi2s2
 .bss.hspi1     0x20000514       0x58 build/main.o
                0x20000514                hspi1
 .bss.htim6     0x2000056c       0x40 build/main.o
                0x2000056c                htim6
 .bss.huart4    0x200005ac       0x40 build/main.o
                0x200005ac                huart4
 .bss.pot1      0x200005ec        0x2 build/main.o
                0x200005ec                pot1
 .bss.pot2      0x200005ee        0x2 build/main.o
                0x200005ee                pot2
 .bss.pot3      0x200005f0        0x2 build/main.o
                0x200005f0                pot3
 .bss.pot4      0x200005f2        0x2 build/main.o
                0x200005f2                pot4
 .bss.potVals   0x200005f4        0x8 build/main.o
                0x200005f4                potVals
 .bss.__lock___atexit_recursive_mutex
                0x200005fc        0x1 c:/program files (x86)/gnu arm embedded toolchain/10 2020-q2-preview/bin/../lib/gcc/arm-none-eabi/10.1.1/../../../../arm-none-eabi/lib/thumb/v7-m/nofp\libc.a(lib_a-lock.o)
                0x200005fc                __lock___atexit_recursive_mutex
 *(COMMON)
                0x20000600                . = ALIGN (0x4)
 *fill*         0x200005fd        0x3 
                0x20000600                _ebss = .
                0x20000600                __bss_end__ = _ebss

._user_heap_stack
                0x20000600      0x600 load address 0x08002a28
                0x20000600                . = ALIGN (0x8)
                [!provide]                PROVIDE (end = .)
                [!provide]                PROVIDE (_end = .)
                0x20000800                . = (. + _Min_Heap_Size)
 *fill*         0x20000600      0x200 
                0x20000c00                . = (. + _Min_Stack_Size)
 *fill*         0x20000800      0x400 
                0x20000c00                . = ALIGN (0x8)

/DISCARD/
 libc.a(*)
 libm.a(*)
 libgcc.a(*)

.ARM.attributes
                0x00000000       0x29
 *(.ARM.attributes)
 .ARM.attributes
                0x00000000       0x1d c:/program files (x86)/gnu arm embedded toolchain/10 2020-q2-preview/bin/../lib/gcc/arm-none-eabi/10.1.1/thumb/v7-m/nofp/crti.o
 .ARM.attributes
                0x0000001d       0x2d c:/program files (x86)/gnu arm embedded toolchain/10 2020-q2-preview/bin/../lib/gcc/arm-none-eabi/10.1.1/thumb/v7-m/nofp/crtbegin.o
 .ARM.attributes
                0x0000004a       0x2d build/stm32f1xx_hal.o
 .ARM.attributes
                0x00000077       0x2d build/stm32f1xx_hal_adc.o
 .ARM.attributes
                0x000000a4       0x2d build/stm32f1xx_hal_adc_ex.o
 .ARM.attributes
                0x000000d1       0x2d build/stm32f1xx_hal_cortex.o
 .ARM.attributes
                0x000000fe       0x2d build/stm32f1xx_hal_dma.o
 .ARM.attributes
                0x0000012b       0x2d build/stm32f1xx_hal_gpio.o
 .ARM.attributes
                0x00000158       0x2d build/stm32f1xx_hal_i2s.o
 .ARM.attributes
                0x00000185       0x2d build/stm32f1xx_hal_rcc.o
 .ARM.attributes
                0x000001b2       0x2d build/stm32f1xx_hal_rcc_ex.o
 .ARM.attributes
                0x000001df       0x2d build/stm32f1xx_hal_spi.o
 .ARM.attributes
                0x0000020c       0x2d build/stm32f1xx_hal_tim.o
 .ARM.attributes
                0x00000239       0x2d build/stm32f1xx_hal_tim_ex.o
 .ARM.attributes
                0x00000266       0x2d build/stm32f1xx_hal_uart.o
 .ARM.attributes
                0x00000293       0x2d build/interfaces.o
 .ARM.attributes
                0x000002c0       0x2d build/main.o
 .ARM.attributes
                0x000002ed       0x2d build/stm32f1xx_hal_msp.o
 .ARM.attributes
                0x0000031a       0x2d build/stm32f1xx_it.o
 .ARM.attributes
                0x00000347       0x2d build/system_stm32f1xx.o
 .ARM.attributes
                0x00000374       0x21 build/startup_stm32f103xe.o
 .ARM.attributes
                0x00000395       0x2d c:/program files (x86)/gnu arm embedded toolchain/10 2020-q2-preview/bin/../lib/gcc/arm-none-eabi/10.1.1/../../../../arm-none-eabi/lib/thumb/v7-m/nofp\libc.a(lib_a-impure.o)
 .ARM.attributes
                0x000003c2       0x2d c:/program files (x86)/gnu arm embedded toolchain/10 2020-q2-preview/bin/../lib/gcc/arm-none-eabi/10.1.1/../../../../arm-none-eabi/lib/thumb/v7-m/nofp\libc.a(lib_a-init.o)
 .ARM.attributes
                0x000003ef       0x2d c:/program files (x86)/gnu arm embedded toolchain/10 2020-q2-preview/bin/../lib/gcc/arm-none-eabi/10.1.1/../../../../arm-none-eabi/lib/thumb/v7-m/nofp\libc.a(lib_a-memset.o)
 .ARM.attributes
                0x0000041c       0x2d c:/program files (x86)/gnu arm embedded toolchain/10 2020-q2-preview/bin/../lib/gcc/arm-none-eabi/10.1.1/../../../../arm-none-eabi/lib/thumb/v7-m/nofp\libc.a(lib_a-__call_atexit.o)
 .ARM.attributes
                0x00000449       0x2d c:/program files (x86)/gnu arm embedded toolchain/10 2020-q2-preview/bin/../lib/gcc/arm-none-eabi/10.1.1/../../../../arm-none-eabi/lib/thumb/v7-m/nofp\libc.a(lib_a-atexit.o)
 .ARM.attributes
                0x00000476       0x2d c:/program files (x86)/gnu arm embedded toolchain/10 2020-q2-preview/bin/../lib/gcc/arm-none-eabi/10.1.1/../../../../arm-none-eabi/lib/thumb/v7-m/nofp\libc.a(lib_a-fini.o)
 .ARM.attributes
                0x000004a3       0x2d c:/program files (x86)/gnu arm embedded toolchain/10 2020-q2-preview/bin/../lib/gcc/arm-none-eabi/10.1.1/../../../../arm-none-eabi/lib/thumb/v7-m/nofp\libc.a(lib_a-lock.o)
 .ARM.attributes
                0x000004d0       0x2d c:/program files (x86)/gnu arm embedded toolchain/10 2020-q2-preview/bin/../lib/gcc/arm-none-eabi/10.1.1/../../../../arm-none-eabi/lib/thumb/v7-m/nofp\libc.a(lib_a-__atexit.o)
 .ARM.attributes
                0x000004fd       0x1d c:/program files (x86)/gnu arm embedded toolchain/10 2020-q2-preview/bin/../lib/gcc/arm-none-eabi/10.1.1/thumb/v7-m/nofp/crtn.o
OUTPUT(build/Firmware.elf elf32-littlearm)
LOAD linker stubs
LOAD c:/program files (x86)/gnu arm embedded toolchain/10 2020-q2-preview/bin/../lib/gcc/arm-none-eabi/10.1.1/../../../../arm-none-eabi/lib/thumb/v7-m/nofp\libc.a
LOAD c:/program files (x86)/gnu arm embedded toolchain/10 2020-q2-preview/bin/../lib/gcc/arm-none-eabi/10.1.1/../../../../arm-none-eabi/lib/thumb/v7-m/nofp\libm.a
LOAD c:/program files (x86)/gnu arm embedded toolchain/10 2020-q2-preview/bin/../lib/gcc/arm-none-eabi/10.1.1/thumb/v7-m/nofp\libgcc.a

.debug_info     0x00000000    0x12aad
 .debug_info    0x00000000      0x89d build/stm32f1xx_hal.o
 .debug_info    0x0000089d     0x1025 build/stm32f1xx_hal_adc.o
 .debug_info    0x000018c2      0xcae build/stm32f1xx_hal_adc_ex.o
 .debug_info    0x00002570      0xe93 build/stm32f1xx_hal_cortex.o
 .debug_info    0x00003403      0x8ba build/stm32f1xx_hal_dma.o
 .debug_info    0x00003cbd      0x6bc build/stm32f1xx_hal_gpio.o
 .debug_info    0x00004379     0x10b3 build/stm32f1xx_hal_i2s.o
 .debug_info    0x0000542c      0xaec build/stm32f1xx_hal_rcc.o
 .debug_info    0x00005f18      0x4ba build/stm32f1xx_hal_rcc_ex.o
 .debug_info    0x000063d2     0x1e8e build/stm32f1xx_hal_spi.o
 .debug_info    0x00008260     0x3867 build/stm32f1xx_hal_tim.o
 .debug_info    0x0000bac7     0x1726 build/stm32f1xx_hal_tim_ex.o
 .debug_info    0x0000d1ed     0x19c6 build/stm32f1xx_hal_uart.o
 .debug_info    0x0000ebb3      0x32f build/interfaces.o
 .debug_info    0x0000eee2     0x1bab build/main.o
 .debug_info    0x00010a8d     0x177e build/stm32f1xx_hal_msp.o
 .debug_info    0x0001220b      0x42c build/stm32f1xx_it.o
 .debug_info    0x00012637      0x454 build/system_stm32f1xx.o
 .debug_info    0x00012a8b       0x22 build/startup_stm32f103xe.o

.debug_abbrev   0x00000000     0x285c
 .debug_abbrev  0x00000000      0x20a build/stm32f1xx_hal.o
 .debug_abbrev  0x0000020a      0x239 build/stm32f1xx_hal_adc.o
 .debug_abbrev  0x00000443      0x258 build/stm32f1xx_hal_adc_ex.o
 .debug_abbrev  0x0000069b      0x359 build/stm32f1xx_hal_cortex.o
 .debug_abbrev  0x000009f4      0x262 build/stm32f1xx_hal_dma.o
 .debug_abbrev  0x00000c56      0x222 build/stm32f1xx_hal_gpio.o
 .debug_abbrev  0x00000e78      0x24e build/stm32f1xx_hal_i2s.o
 .debug_abbrev  0x000010c6      0x29a build/stm32f1xx_hal_rcc.o
 .debug_abbrev  0x00001360      0x1d5 build/stm32f1xx_hal_rcc_ex.o
 .debug_abbrev  0x00001535      0x292 build/stm32f1xx_hal_spi.o
 .debug_abbrev  0x000017c7      0x296 build/stm32f1xx_hal_tim.o
 .debug_abbrev  0x00001a5d      0x27e build/stm32f1xx_hal_tim_ex.o
 .debug_abbrev  0x00001cdb      0x2ab build/stm32f1xx_hal_uart.o
 .debug_abbrev  0x00001f86      0x122 build/interfaces.o
 .debug_abbrev  0x000020a8      0x2a5 build/main.o
 .debug_abbrev  0x0000234d      0x266 build/stm32f1xx_hal_msp.o
 .debug_abbrev  0x000025b3      0x157 build/stm32f1xx_it.o
 .debug_abbrev  0x0000270a      0x140 build/system_stm32f1xx.o
 .debug_abbrev  0x0000284a       0x12 build/startup_stm32f103xe.o

.debug_loc      0x00000000     0xf195
 .debug_loc     0x00000000      0x1bb build/stm32f1xx_hal.o
 .debug_loc     0x000001bb      0xdf1 build/stm32f1xx_hal_adc.o
 .debug_loc     0x00000fac      0xb1e build/stm32f1xx_hal_adc_ex.o
 .debug_loc     0x00001aca      0x77f build/stm32f1xx_hal_cortex.o
 .debug_loc     0x00002249      0x8ea build/stm32f1xx_hal_dma.o
 .debug_loc     0x00002b33      0x517 build/stm32f1xx_hal_gpio.o
 .debug_loc     0x0000304a     0x11c4 build/stm32f1xx_hal_i2s.o
 .debug_loc     0x0000420e      0x7ee build/stm32f1xx_hal_rcc.o
 .debug_loc     0x000049fc      0x4a6 build/stm32f1xx_hal_rcc_ex.o
 .debug_loc     0x00004ea2     0x23a4 build/stm32f1xx_hal_spi.o
 .debug_loc     0x00007246     0x45d1 build/stm32f1xx_hal_tim.o
 .debug_loc     0x0000b817     0x1560 build/stm32f1xx_hal_tim_ex.o
 .debug_loc     0x0000cd77     0x1d0c build/stm32f1xx_hal_uart.o
 .debug_loc     0x0000ea83       0x40 build/interfaces.o
 .debug_loc     0x0000eac3      0x199 build/main.o
 .debug_loc     0x0000ec5c      0x3fa build/stm32f1xx_hal_msp.o
 .debug_loc     0x0000f056       0x40 build/stm32f1xx_it.o
 .debug_loc     0x0000f096       0xff build/system_stm32f1xx.o

.debug_aranges  0x00000000      0xfc8
 .debug_aranges
                0x00000000       0xe0 build/stm32f1xx_hal.o
 .debug_aranges
                0x000000e0       0xf0 build/stm32f1xx_hal_adc.o
 .debug_aranges
                0x000001d0       0x80 build/stm32f1xx_hal_adc_ex.o
 .debug_aranges
                0x00000250       0x90 build/stm32f1xx_hal_cortex.o
 .debug_aranges
                0x000002e0       0x80 build/stm32f1xx_hal_dma.o
 .debug_aranges
                0x00000360       0x58 build/stm32f1xx_hal_gpio.o
 .debug_aranges
                0x000003b8      0x100 build/stm32f1xx_hal_i2s.o
 .debug_aranges
                0x000004b8       0x90 build/stm32f1xx_hal_rcc.o
 .debug_aranges
                0x00000548       0x30 build/stm32f1xx_hal_rcc_ex.o
 .debug_aranges
                0x00000578      0x1d0 build/stm32f1xx_hal_spi.o
 .debug_aranges
                0x00000748      0x3a8 build/stm32f1xx_hal_tim.o
 .debug_aranges
                0x00000af0      0x150 build/stm32f1xx_hal_tim_ex.o
 .debug_aranges
                0x00000c40      0x1d0 build/stm32f1xx_hal_uart.o
 .debug_aranges
                0x00000e10       0x28 build/interfaces.o
 .debug_aranges
                0x00000e38       0x68 build/main.o
 .debug_aranges
                0x00000ea0       0x70 build/stm32f1xx_hal_msp.o
 .debug_aranges
                0x00000f10       0x68 build/stm32f1xx_it.o
 .debug_aranges
                0x00000f78       0x28 build/system_stm32f1xx.o
 .debug_aranges
                0x00000fa0       0x28 build/startup_stm32f103xe.o

.debug_ranges   0x00000000      0xf38
 .debug_ranges  0x00000000       0xd0 build/stm32f1xx_hal.o
 .debug_ranges  0x000000d0       0xe0 build/stm32f1xx_hal_adc.o
 .debug_ranges  0x000001b0       0x70 build/stm32f1xx_hal_adc_ex.o
 .debug_ranges  0x00000220       0xe0 build/stm32f1xx_hal_cortex.o
 .debug_ranges  0x00000300       0x70 build/stm32f1xx_hal_dma.o
 .debug_ranges  0x00000370       0x48 build/stm32f1xx_hal_gpio.o
 .debug_ranges  0x000003b8       0xf0 build/stm32f1xx_hal_i2s.o
 .debug_ranges  0x000004a8       0xa0 build/stm32f1xx_hal_rcc.o
 .debug_ranges  0x00000548       0x38 build/stm32f1xx_hal_rcc_ex.o
 .debug_ranges  0x00000580      0x1c0 build/stm32f1xx_hal_spi.o
 .debug_ranges  0x00000740      0x398 build/stm32f1xx_hal_tim.o
 .debug_ranges  0x00000ad8      0x140 build/stm32f1xx_hal_tim_ex.o
 .debug_ranges  0x00000c18      0x1c0 build/stm32f1xx_hal_uart.o
 .debug_ranges  0x00000dd8       0x18 build/interfaces.o
 .debug_ranges  0x00000df0       0x58 build/main.o
 .debug_ranges  0x00000e48       0x60 build/stm32f1xx_hal_msp.o
 .debug_ranges  0x00000ea8       0x58 build/stm32f1xx_it.o
 .debug_ranges  0x00000f00       0x18 build/system_stm32f1xx.o
 .debug_ranges  0x00000f18       0x20 build/startup_stm32f103xe.o

.debug_line     0x00000000     0xf709
 .debug_line    0x00000000      0x532 build/stm32f1xx_hal.o
 .debug_line    0x00000532      0xeb8 build/stm32f1xx_hal_adc.o
 .debug_line    0x000013ea      0xbb8 build/stm32f1xx_hal_adc_ex.o
 .debug_line    0x00001fa2      0x641 build/stm32f1xx_hal_cortex.o
 .debug_line    0x000025e3      0xcf3 build/stm32f1xx_hal_dma.o
 .debug_line    0x000032d6      0x600 build/stm32f1xx_hal_gpio.o
 .debug_line    0x000038d6     0x108d build/stm32f1xx_hal_i2s.o
 .debug_line    0x00004963      0xc34 build/stm32f1xx_hal_rcc.o
 .debug_line    0x00005597      0x4dc build/stm32f1xx_hal_rcc_ex.o
 .debug_line    0x00005a73     0x23c9 build/stm32f1xx_hal_spi.o
 .debug_line    0x00007e3c     0x3665 build/stm32f1xx_hal_tim.o
 .debug_line    0x0000b4a1     0x118a build/stm32f1xx_hal_tim_ex.o
 .debug_line    0x0000c62b     0x1bba build/stm32f1xx_hal_uart.o
 .debug_line    0x0000e1e5      0x217 build/interfaces.o
 .debug_line    0x0000e3fc      0x75c build/main.o
 .debug_line    0x0000eb58      0x5d2 build/stm32f1xx_hal_msp.o
 .debug_line    0x0000f12a      0x2c5 build/stm32f1xx_it.o
 .debug_line    0x0000f3ef      0x2a8 build/system_stm32f1xx.o
 .debug_line    0x0000f697       0x72 build/startup_stm32f103xe.o

.debug_str      0x00000000     0x465e
 .debug_str     0x00000000      0x89b build/stm32f1xx_hal.o
                                0x8f4 (size before relaxing)
 .debug_str     0x0000089b      0x649 build/stm32f1xx_hal_adc.o
                                0x8cc (size before relaxing)
 .debug_str     0x00000ee4      0x28e build/stm32f1xx_hal_adc_ex.o
                                0x86d (size before relaxing)
 .debug_str     0x00001172      0x3cc build/stm32f1xx_hal_cortex.o
                                0x9b0 (size before relaxing)
 .debug_str     0x0000153e      0x21d build/stm32f1xx_hal_dma.o
                                0x5f6 (size before relaxing)
 .debug_str     0x0000175b      0x1c7 build/stm32f1xx_hal_gpio.o
                                0x3f9 (size before relaxing)
 .debug_str     0x00001922      0x426 build/stm32f1xx_hal_i2s.o
                                0x85d (size before relaxing)
 .debug_str     0x00001d48      0x311 build/stm32f1xx_hal_rcc.o
                                0x624 (size before relaxing)
 .debug_str     0x00002059      0x133 build/stm32f1xx_hal_rcc_ex.o
                                0x40a (size before relaxing)
 .debug_str     0x0000218c      0x654 build/stm32f1xx_hal_spi.o
                                0xb45 (size before relaxing)
 .debug_str     0x000027e0      0xfe5 build/stm32f1xx_hal_tim.o
                               0x142a (size before relaxing)
 .debug_str     0x000037c5      0x545 build/stm32f1xx_hal_tim_ex.o
                                0xc42 (size before relaxing)
 .debug_str     0x00003d0a      0x679 build/stm32f1xx_hal_uart.o
                                0xb84 (size before relaxing)
 .debug_str     0x00004383       0x78 build/interfaces.o
                                0x253 (size before relaxing)
 .debug_str     0x000043fb      0x116 build/main.o
                               0x13d9 (size before relaxing)
 .debug_str     0x00004511       0x22 build/stm32f1xx_hal_msp.o
                                0xcd8 (size before relaxing)
 .debug_str     0x00004533       0xbc build/stm32f1xx_it.o
                                0x449 (size before relaxing)
 .debug_str     0x000045ef       0x4a build/system_stm32f1xx.o
                                0x2a6 (size before relaxing)
 .debug_str     0x00004639       0x25 build/startup_stm32f103xe.o
                                 0x6d (size before relaxing)

.comment        0x00000000       0x4f
 .comment       0x00000000       0x4f build/stm32f1xx_hal.o
                                 0x50 (size before relaxing)
 .comment       0x0000004f       0x50 build/stm32f1xx_hal_adc.o
 .comment       0x0000004f       0x50 build/stm32f1xx_hal_adc_ex.o
 .comment       0x0000004f       0x50 build/stm32f1xx_hal_cortex.o
 .comment       0x0000004f       0x50 build/stm32f1xx_hal_dma.o
 .comment       0x0000004f       0x50 build/stm32f1xx_hal_gpio.o
 .comment       0x0000004f       0x50 build/stm32f1xx_hal_i2s.o
 .comment       0x0000004f       0x50 build/stm32f1xx_hal_rcc.o
 .comment       0x0000004f       0x50 build/stm32f1xx_hal_rcc_ex.o
 .comment       0x0000004f       0x50 build/stm32f1xx_hal_spi.o
 .comment       0x0000004f       0x50 build/stm32f1xx_hal_tim.o
 .comment       0x0000004f       0x50 build/stm32f1xx_hal_tim_ex.o
 .comment       0x0000004f       0x50 build/stm32f1xx_hal_uart.o
 .comment       0x0000004f       0x50 build/interfaces.o
 .comment       0x0000004f       0x50 build/main.o
 .comment       0x0000004f       0x50 build/stm32f1xx_hal_msp.o
 .comment       0x0000004f       0x50 build/stm32f1xx_it.o
 .comment       0x0000004f       0x50 build/system_stm32f1xx.o

.debug_frame    0x00000000     0x2c68
 .debug_frame   0x00000000      0x1cc build/stm32f1xx_hal.o
 .debug_frame   0x000001cc      0x2c4 build/stm32f1xx_hal_adc.o
 .debug_frame   0x00000490      0x19c build/stm32f1xx_hal_adc_ex.o
 .debug_frame   0x0000062c      0x118 build/stm32f1xx_hal_cortex.o
 .debug_frame   0x00000744      0x140 build/stm32f1xx_hal_dma.o
 .debug_frame   0x00000884       0xe4 build/stm32f1xx_hal_gpio.o
 .debug_frame   0x00000968      0x2f8 build/stm32f1xx_hal_i2s.o
 .debug_frame   0x00000c60      0x190 build/stm32f1xx_hal_rcc.o
 .debug_frame   0x00000df0       0x64 build/stm32f1xx_hal_rcc_ex.o
 .debug_frame   0x00000e54      0x594 build/stm32f1xx_hal_spi.o
 .debug_frame   0x000013e8      0xa68 build/stm32f1xx_hal_tim.o
 .debug_frame   0x00001e50      0x3ac build/stm32f1xx_hal_tim_ex.o
 .debug_frame   0x000021fc      0x4ec build/stm32f1xx_hal_uart.o
 .debug_frame   0x000026e8       0x48 build/interfaces.o
 .debug_frame   0x00002730      0x128 build/main.o
 .debug_frame   0x00002858      0x134 build/stm32f1xx_hal_msp.o
 .debug_frame   0x0000298c       0xc0 build/stm32f1xx_it.o
 .debug_frame   0x00002a4c       0x30 build/system_stm32f1xx.o
 .debug_frame   0x00002a7c       0x2c c:/program files (x86)/gnu arm embedded toolchain/10 2020-q2-preview/bin/../lib/gcc/arm-none-eabi/10.1.1/../../../../arm-none-eabi/lib/thumb/v7-m/nofp\libc.a(lib_a-init.o)
 .debug_frame   0x00002aa8       0x2c c:/program files (x86)/gnu arm embedded toolchain/10 2020-q2-preview/bin/../lib/gcc/arm-none-eabi/10.1.1/../../../../arm-none-eabi/lib/thumb/v7-m/nofp\libc.a(lib_a-memset.o)
 .debug_frame   0x00002ad4       0x5c c:/program files (x86)/gnu arm embedded toolchain/10 2020-q2-preview/bin/../lib/gcc/arm-none-eabi/10.1.1/../../../../arm-none-eabi/lib/thumb/v7-m/nofp\libc.a(lib_a-__call_atexit.o)
 .debug_frame   0x00002b30       0x20 c:/program files (x86)/gnu arm embedded toolchain/10 2020-q2-preview/bin/../lib/gcc/arm-none-eabi/10.1.1/../../../../arm-none-eabi/lib/thumb/v7-m/nofp\libc.a(lib_a-atexit.o)
 .debug_frame   0x00002b50       0x34 c:/program files (x86)/gnu arm embedded toolchain/10 2020-q2-preview/bin/../lib/gcc/arm-none-eabi/10.1.1/../../../../arm-none-eabi/lib/thumb/v7-m/nofp\libc.a(lib_a-fini.o)
 .debug_frame   0x00002b84       0xb0 c:/program files (x86)/gnu arm embedded toolchain/10 2020-q2-preview/bin/../lib/gcc/arm-none-eabi/10.1.1/../../../../arm-none-eabi/lib/thumb/v7-m/nofp\libc.a(lib_a-lock.o)
 .debug_frame   0x00002c34       0x34 c:/program files (x86)/gnu arm embedded toolchain/10 2020-q2-preview/bin/../lib/gcc/arm-none-eabi/10.1.1/../../../../arm-none-eabi/lib/thumb/v7-m/nofp\libc.a(lib_a-__atexit.o)

Cross Reference Table

Symbol                                            File
ADC1_2_IRQHandler                                 build/startup_stm32f103xe.o
ADC3_IRQHandler                                   build/startup_stm32f103xe.o
ADC_ConversionStop_Disable                        build/stm32f1xx_hal_adc.o
                                                  build/stm32f1xx_hal_adc_ex.o
ADC_DMAConvCplt                                   build/stm32f1xx_hal_adc.o
                                                  build/stm32f1xx_hal_adc_ex.o
ADC_DMAError                                      build/stm32f1xx_hal_adc.o
                                                  build/stm32f1xx_hal_adc_ex.o
ADC_DMAHalfConvCplt                               build/stm32f1xx_hal_adc.o
                                                  build/stm32f1xx_hal_adc_ex.o
ADC_Enable                                        build/stm32f1xx_hal_adc.o
                                                  build/stm32f1xx_hal_adc_ex.o
AHBPrescTable                                     build/system_stm32f1xx.o
                                                  build/stm32f1xx_hal_rcc.o
APBPrescTable                                     build/system_stm32f1xx.o
                                                  build/stm32f1xx_hal_rcc.o
BusFault_Handler                                  build/stm32f1xx_it.o
CAN1_RX1_IRQHandler                               build/startup_stm32f103xe.o
CAN1_SCE_IRQHandler                               build/startup_stm32f103xe.o
DAC8551_Init                                      build/PCM1781DBQR.o
DAC8551_WriteSample                               build/PCM1781DBQR.o
DMA1_Channel1_IRQHandler                          build/stm32f1xx_it.o
DMA1_Channel2_IRQHandler                          build/startup_stm32f103xe.o
DMA1_Channel3_IRQHandler                          build/startup_stm32f103xe.o
DMA1_Channel4_IRQHandler                          build/startup_stm32f103xe.o
DMA1_Channel5_IRQHandler                          build/startup_stm32f103xe.o
DMA1_Channel6_IRQHandler                          build/startup_stm32f103xe.o
DMA1_Channel7_IRQHandler                          build/startup_stm32f103xe.o
DMA2_Channel1_IRQHandler                          build/startup_stm32f103xe.o
DMA2_Channel2_IRQHandler                          build/startup_stm32f103xe.o
DMA2_Channel3_IRQHandler                          build/startup_stm32f103xe.o
DMA2_Channel4_5_IRQHandler                        build/startup_stm32f103xe.o
DebugMon_Handler                                  build/stm32f1xx_it.o
Default_Handler                                   build/startup_stm32f103xe.o
EXTI0_IRQHandler                                  build/startup_stm32f103xe.o
EXTI15_10_IRQHandler                              build/startup_stm32f103xe.o
EXTI1_IRQHandler                                  build/startup_stm32f103xe.o
EXTI2_IRQHandler                                  build/startup_stm32f103xe.o
EXTI3_IRQHandler                                  build/startup_stm32f103xe.o
EXTI4_IRQHandler                                  build/startup_stm32f103xe.o
EXTI9_5_IRQHandler                                build/startup_stm32f103xe.o
Error_Handler                                     build/main.o
                                                  build/stm32f1xx_hal_msp.o
FLASH_IRQHandler                                  build/startup_stm32f103xe.o
FLASH_PageErase                                   build/stm32f1xx_hal_flash_ex.o
                                                  build/stm32f1xx_hal_flash.o
FLASH_WaitForLastOperation                        build/stm32f1xx_hal_flash.o
                                                  build/stm32f1xx_hal_flash_ex.o
FSMC_IRQHandler                                   build/startup_stm32f103xe.o
HAL_ADCEx_Calibration_Start                       build/stm32f1xx_hal_adc_ex.o
                                                  build/main.o
HAL_ADCEx_InjectedConfigChannel                   build/stm32f1xx_hal_adc_ex.o
HAL_ADCEx_InjectedConvCpltCallback                build/stm32f1xx_hal_adc_ex.o
                                                  build/stm32f1xx_hal_adc.o
HAL_ADCEx_InjectedGetValue                        build/stm32f1xx_hal_adc_ex.o
HAL_ADCEx_InjectedPollForConversion               build/stm32f1xx_hal_adc_ex.o
HAL_ADCEx_InjectedStart                           build/stm32f1xx_hal_adc_ex.o
HAL_ADCEx_InjectedStart_IT                        build/stm32f1xx_hal_adc_ex.o
HAL_ADCEx_InjectedStop                            build/stm32f1xx_hal_adc_ex.o
HAL_ADCEx_InjectedStop_IT                         build/stm32f1xx_hal_adc_ex.o
HAL_ADCEx_MultiModeConfigChannel                  build/stm32f1xx_hal_adc_ex.o
HAL_ADCEx_MultiModeGetValue                       build/stm32f1xx_hal_adc_ex.o
HAL_ADCEx_MultiModeStart_DMA                      build/stm32f1xx_hal_adc_ex.o
HAL_ADCEx_MultiModeStop_DMA                       build/stm32f1xx_hal_adc_ex.o
HAL_ADC_AnalogWDGConfig                           build/stm32f1xx_hal_adc.o
HAL_ADC_ConfigChannel                             build/stm32f1xx_hal_adc.o
                                                  build/main.o
HAL_ADC_ConvCpltCallback                          build/stm32f1xx_hal_adc.o
HAL_ADC_ConvHalfCpltCallback                      build/stm32f1xx_hal_adc.o
HAL_ADC_DeInit                                    build/stm32f1xx_hal_adc.o
HAL_ADC_ErrorCallback                             build/stm32f1xx_hal_adc.o
HAL_ADC_GetError                                  build/stm32f1xx_hal_adc.o
HAL_ADC_GetState                                  build/stm32f1xx_hal_adc.o
HAL_ADC_GetValue                                  build/stm32f1xx_hal_adc.o
HAL_ADC_IRQHandler                                build/stm32f1xx_hal_adc.o
HAL_ADC_Init                                      build/stm32f1xx_hal_adc.o
                                                  build/main.o
HAL_ADC_LevelOutOfWindowCallback                  build/stm32f1xx_hal_adc.o
HAL_ADC_MspDeInit                                 build/stm32f1xx_hal_msp.o
                                                  build/stm32f1xx_hal_adc.o
HAL_ADC_MspInit                                   build/stm32f1xx_hal_msp.o
                                                  build/stm32f1xx_hal_adc.o
HAL_ADC_PollForConversion                         build/stm32f1xx_hal_adc.o
HAL_ADC_PollForEvent                              build/stm32f1xx_hal_adc.o
HAL_ADC_Start                                     build/stm32f1xx_hal_adc.o
HAL_ADC_Start_DMA                                 build/stm32f1xx_hal_adc.o
                                                  build/main.o
HAL_ADC_Start_IT                                  build/stm32f1xx_hal_adc.o
HAL_ADC_Stop                                      build/stm32f1xx_hal_adc.o
HAL_ADC_Stop_DMA                                  build/stm32f1xx_hal_adc.o
HAL_ADC_Stop_IT                                   build/stm32f1xx_hal_adc.o
HAL_DBGMCU_DisableDBGSleepMode                    build/stm32f1xx_hal.o
HAL_DBGMCU_DisableDBGStandbyMode                  build/stm32f1xx_hal.o
HAL_DBGMCU_DisableDBGStopMode                     build/stm32f1xx_hal.o
HAL_DBGMCU_EnableDBGSleepMode                     build/stm32f1xx_hal.o
HAL_DBGMCU_EnableDBGStandbyMode                   build/stm32f1xx_hal.o
HAL_DBGMCU_EnableDBGStopMode                      build/stm32f1xx_hal.o
HAL_DMA_Abort                                     build/stm32f1xx_hal_dma.o
                                                  build/stm32f1xx_hal_uart.o
                                                  build/stm32f1xx_hal_spi.o
                                                  build/stm32f1xx_hal_i2s.o
                                                  build/stm32f1xx_hal_adc_ex.o
                                                  build/stm32f1xx_hal_adc.o
HAL_DMA_Abort_IT                                  build/stm32f1xx_hal_dma.o
                                                  build/stm32f1xx_hal_uart.o
                                                  build/stm32f1xx_hal_tim_ex.o
                                                  build/stm32f1xx_hal_tim.o
                                                  build/stm32f1xx_hal_spi.o
HAL_DMA_DeInit                                    build/stm32f1xx_hal_dma.o
                                                  build/stm32f1xx_hal_msp.o
HAL_DMA_GetError                                  build/stm32f1xx_hal_dma.o
                                                  build/stm32f1xx_hal_uart.o
HAL_DMA_GetState                                  build/stm32f1xx_hal_dma.o
HAL_DMA_IRQHandler                                build/stm32f1xx_hal_dma.o
                                                  build/stm32f1xx_it.o
HAL_DMA_Init                                      build/stm32f1xx_hal_dma.o
                                                  build/stm32f1xx_hal_msp.o
HAL_DMA_PollForTransfer                           build/stm32f1xx_hal_dma.o
HAL_DMA_RegisterCallback                          build/stm32f1xx_hal_dma.o
HAL_DMA_Start                                     build/stm32f1xx_hal_dma.o
HAL_DMA_Start_IT                                  build/stm32f1xx_hal_dma.o
                                                  build/stm32f1xx_hal_uart.o
                                                  build/stm32f1xx_hal_tim_ex.o
                                                  build/stm32f1xx_hal_tim.o
                                                  build/stm32f1xx_hal_spi.o
                                                  build/stm32f1xx_hal_i2s.o
                                                  build/stm32f1xx_hal_adc_ex.o
                                                  build/stm32f1xx_hal_adc.o
HAL_DMA_UnRegisterCallback                        build/stm32f1xx_hal_dma.o
HAL_DeInit                                        build/stm32f1xx_hal.o
HAL_Delay                                         build/stm32f1xx_hal.o
HAL_EXTI_ClearConfigLine                          build/stm32f1xx_hal_exti.o
HAL_EXTI_ClearPending                             build/stm32f1xx_hal_exti.o
HAL_EXTI_GenerateSWI                              build/stm32f1xx_hal_exti.o
HAL_EXTI_GetConfigLine                            build/stm32f1xx_hal_exti.o
HAL_EXTI_GetHandle                                build/stm32f1xx_hal_exti.o
HAL_EXTI_GetPending                               build/stm32f1xx_hal_exti.o
HAL_EXTI_IRQHandler                               build/stm32f1xx_hal_exti.o
HAL_EXTI_RegisterCallback                         build/stm32f1xx_hal_exti.o
HAL_EXTI_SetConfigLine                            build/stm32f1xx_hal_exti.o
HAL_FLASHEx_Erase                                 build/stm32f1xx_hal_flash_ex.o
HAL_FLASHEx_Erase_IT                              build/stm32f1xx_hal_flash_ex.o
HAL_FLASHEx_OBErase                               build/stm32f1xx_hal_flash_ex.o
HAL_FLASHEx_OBGetConfig                           build/stm32f1xx_hal_flash_ex.o
HAL_FLASHEx_OBGetUserData                         build/stm32f1xx_hal_flash_ex.o
HAL_FLASHEx_OBProgram                             build/stm32f1xx_hal_flash_ex.o
HAL_FLASH_EndOfOperationCallback                  build/stm32f1xx_hal_flash.o
HAL_FLASH_GetError                                build/stm32f1xx_hal_flash.o
HAL_FLASH_IRQHandler                              build/stm32f1xx_hal_flash.o
HAL_FLASH_Lock                                    build/stm32f1xx_hal_flash.o
HAL_FLASH_OB_Launch                               build/stm32f1xx_hal_flash.o
HAL_FLASH_OB_Lock                                 build/stm32f1xx_hal_flash.o
HAL_FLASH_OB_Unlock                               build/stm32f1xx_hal_flash.o
HAL_FLASH_OperationErrorCallback                  build/stm32f1xx_hal_flash.o
HAL_FLASH_Program                                 build/stm32f1xx_hal_flash.o
HAL_FLASH_Program_IT                              build/stm32f1xx_hal_flash.o
HAL_FLASH_Unlock                                  build/stm32f1xx_hal_flash.o
HAL_GPIOEx_ConfigEventout                         build/stm32f1xx_hal_gpio_ex.o
HAL_GPIOEx_DisableEventout                        build/stm32f1xx_hal_gpio_ex.o
HAL_GPIOEx_EnableEventout                         build/stm32f1xx_hal_gpio_ex.o
HAL_GPIO_DeInit                                   build/stm32f1xx_hal_gpio.o
                                                  build/stm32f1xx_hal_msp.o
HAL_GPIO_EXTI_Callback                            build/stm32f1xx_hal_gpio.o
HAL_GPIO_EXTI_IRQHandler                          build/stm32f1xx_hal_gpio.o
HAL_GPIO_Init                                     build/stm32f1xx_hal_gpio.o
                                                  build/stm32f1xx_hal_msp.o
                                                  build/main.o
                                                  build/stm32f1xx_hal_rcc.o
HAL_GPIO_LockPin                                  build/stm32f1xx_hal_gpio.o
HAL_GPIO_ReadPin                                  build/stm32f1xx_hal_gpio.o
                                                  build/interfaces.o
HAL_GPIO_TogglePin                                build/stm32f1xx_hal_gpio.o
HAL_GPIO_WritePin                                 build/stm32f1xx_hal_gpio.o
                                                  build/mcp3204.o
                                                  build/PCM1781DBQR.o
                                                  build/main.o
                                                  build/interfaces.o
HAL_GetDEVID                                      build/stm32f1xx_hal.o
HAL_GetHalVersion                                 build/stm32f1xx_hal.o
HAL_GetREVID                                      build/stm32f1xx_hal.o
HAL_GetTick                                       build/stm32f1xx_hal.o
                                                  build/stm32f1xx_hal_uart.o
                                                  build/stm32f1xx_hal_spi.o
                                                  build/stm32f1xx_hal_rcc_ex.o
                                                  build/stm32f1xx_hal_rcc.o
                                                  build/stm32f1xx_hal_i2s.o
                                                  build/stm32f1xx_hal_flash.o
                                                  build/stm32f1xx_hal_dma.o
                                                  build/stm32f1xx_hal_adc_ex.o
                                                  build/stm32f1xx_hal_adc.o
HAL_GetTickFreq                                   build/stm32f1xx_hal.o
HAL_GetTickPrio                                   build/stm32f1xx_hal.o
HAL_GetUIDw0                                      build/stm32f1xx_hal.o
HAL_GetUIDw1                                      build/stm32f1xx_hal.o
HAL_GetUIDw2                                      build/stm32f1xx_hal.o
HAL_HalfDuplex_EnableReceiver                     build/stm32f1xx_hal_uart.o
HAL_HalfDuplex_EnableTransmitter                  build/stm32f1xx_hal_uart.o
HAL_HalfDuplex_Init                               build/stm32f1xx_hal_uart.o
HAL_I2S_DMAPause                                  build/stm32f1xx_hal_i2s.o
HAL_I2S_DMAResume                                 build/stm32f1xx_hal_i2s.o
HAL_I2S_DMAStop                                   build/stm32f1xx_hal_i2s.o
HAL_I2S_DeInit                                    build/stm32f1xx_hal_i2s.o
HAL_I2S_ErrorCallback                             build/stm32f1xx_hal_i2s.o
HAL_I2S_GetError                                  build/stm32f1xx_hal_i2s.o
HAL_I2S_GetState                                  build/stm32f1xx_hal_i2s.o
HAL_I2S_IRQHandler                                build/stm32f1xx_hal_i2s.o
HAL_I2S_Init                                      build/stm32f1xx_hal_i2s.o
                                                  build/main.o
HAL_I2S_MspDeInit                                 build/stm32f1xx_hal_msp.o
                                                  build/stm32f1xx_hal_i2s.o
HAL_I2S_MspInit                                   build/stm32f1xx_hal_msp.o
                                                  build/stm32f1xx_hal_i2s.o
HAL_I2S_Receive                                   build/stm32f1xx_hal_i2s.o
HAL_I2S_Receive_DMA                               build/stm32f1xx_hal_i2s.o
HAL_I2S_Receive_IT                                build/stm32f1xx_hal_i2s.o
HAL_I2S_RxCpltCallback                            build/stm32f1xx_hal_i2s.o
HAL_I2S_RxHalfCpltCallback                        build/stm32f1xx_hal_i2s.o
HAL_I2S_Transmit                                  build/stm32f1xx_hal_i2s.o
                                                  build/PCM1781DBQR.o
HAL_I2S_Transmit_DMA                              build/stm32f1xx_hal_i2s.o
HAL_I2S_Transmit_IT                               build/stm32f1xx_hal_i2s.o
HAL_I2S_TxCpltCallback                            build/stm32f1xx_hal_i2s.o
HAL_I2S_TxHalfCpltCallback                        build/stm32f1xx_hal_i2s.o
HAL_IncTick                                       build/stm32f1xx_hal.o
                                                  build/stm32f1xx_it.o
HAL_Init                                          build/stm32f1xx_hal.o
                                                  build/main.o
HAL_InitTick                                      build/stm32f1xx_hal.o
                                                  build/stm32f1xx_hal_rcc.o
HAL_LIN_Init                                      build/stm32f1xx_hal_uart.o
HAL_LIN_SendBreak                                 build/stm32f1xx_hal_uart.o
HAL_MspDeInit                                     build/stm32f1xx_hal.o
HAL_MspInit                                       build/stm32f1xx_hal_msp.o
                                                  build/stm32f1xx_hal.o
HAL_MultiProcessor_EnterMuteMode                  build/stm32f1xx_hal_uart.o
HAL_MultiProcessor_ExitMuteMode                   build/stm32f1xx_hal_uart.o
HAL_MultiProcessor_Init                           build/stm32f1xx_hal_uart.o
HAL_NVIC_ClearPendingIRQ                          build/stm32f1xx_hal_cortex.o
HAL_NVIC_DisableIRQ                               build/stm32f1xx_hal_cortex.o
HAL_NVIC_EnableIRQ                                build/stm32f1xx_hal_cortex.o
                                                  build/main.o
HAL_NVIC_GetActive                                build/stm32f1xx_hal_cortex.o
HAL_NVIC_GetPendingIRQ                            build/stm32f1xx_hal_cortex.o
HAL_NVIC_GetPriority                              build/stm32f1xx_hal_cortex.o
HAL_NVIC_GetPriorityGrouping                      build/stm32f1xx_hal_cortex.o
HAL_NVIC_SetPendingIRQ                            build/stm32f1xx_hal_cortex.o
HAL_NVIC_SetPriority                              build/stm32f1xx_hal_cortex.o
                                                  build/main.o
                                                  build/stm32f1xx_hal.o
HAL_NVIC_SetPriorityGrouping                      build/stm32f1xx_hal_cortex.o
                                                  build/stm32f1xx_hal.o
HAL_NVIC_SystemReset                              build/stm32f1xx_hal_cortex.o
                                                  build/stm32f1xx_hal_flash.o
HAL_PWR_ConfigPVD                                 build/stm32f1xx_hal_pwr.o
HAL_PWR_DeInit                                    build/stm32f1xx_hal_pwr.o
HAL_PWR_DisableBkUpAccess                         build/stm32f1xx_hal_pwr.o
HAL_PWR_DisablePVD                                build/stm32f1xx_hal_pwr.o
HAL_PWR_DisableSEVOnPend                          build/stm32f1xx_hal_pwr.o
HAL_PWR_DisableSleepOnExit                        build/stm32f1xx_hal_pwr.o
HAL_PWR_DisableWakeUpPin                          build/stm32f1xx_hal_pwr.o
HAL_PWR_EnableBkUpAccess                          build/stm32f1xx_hal_pwr.o
HAL_PWR_EnablePVD                                 build/stm32f1xx_hal_pwr.o
HAL_PWR_EnableSEVOnPend                           build/stm32f1xx_hal_pwr.o
HAL_PWR_EnableSleepOnExit                         build/stm32f1xx_hal_pwr.o
HAL_PWR_EnableWakeUpPin                           build/stm32f1xx_hal_pwr.o
HAL_PWR_EnterSLEEPMode                            build/stm32f1xx_hal_pwr.o
HAL_PWR_EnterSTANDBYMode                          build/stm32f1xx_hal_pwr.o
HAL_PWR_EnterSTOPMode                             build/stm32f1xx_hal_pwr.o
HAL_PWR_PVDCallback                               build/stm32f1xx_hal_pwr.o
HAL_PWR_PVD_IRQHandler                            build/stm32f1xx_hal_pwr.o
HAL_RCCEx_GetPeriphCLKConfig                      build/stm32f1xx_hal_rcc_ex.o
HAL_RCCEx_GetPeriphCLKFreq                        build/stm32f1xx_hal_rcc_ex.o
                                                  build/stm32f1xx_hal_i2s.o
                                                  build/stm32f1xx_hal_adc_ex.o
                                                  build/stm32f1xx_hal_adc.o
HAL_RCCEx_PeriphCLKConfig                         build/stm32f1xx_hal_rcc_ex.o
                                                  build/main.o
HAL_RCC_CSSCallback                               build/stm32f1xx_hal_rcc.o
HAL_RCC_ClockConfig                               build/stm32f1xx_hal_rcc.o
                                                  build/main.o
HAL_RCC_DeInit                                    build/stm32f1xx_hal_rcc.o
HAL_RCC_DisableCSS                                build/stm32f1xx_hal_rcc.o
HAL_RCC_EnableCSS                                 build/stm32f1xx_hal_rcc.o
HAL_RCC_GetClockConfig                            build/stm32f1xx_hal_rcc.o
HAL_RCC_GetHCLKFreq                               build/stm32f1xx_hal_rcc.o
HAL_RCC_GetOscConfig                              build/stm32f1xx_hal_rcc.o
HAL_RCC_GetPCLK1Freq                              build/stm32f1xx_hal_rcc.o
                                                  build/stm32f1xx_hal_uart.o
HAL_RCC_GetPCLK2Freq                              build/stm32f1xx_hal_rcc.o
                                                  build/stm32f1xx_hal_uart.o
                                                  build/stm32f1xx_hal_rcc_ex.o
HAL_RCC_GetSysClockFreq                           build/stm32f1xx_hal_rcc.o
                                                  build/stm32f1xx_hal_rcc_ex.o
                                                  build/stm32f1xx_hal_i2s.o
HAL_RCC_MCOConfig                                 build/stm32f1xx_hal_rcc.o
HAL_RCC_NMI_IRQHandler                            build/stm32f1xx_hal_rcc.o
HAL_RCC_OscConfig                                 build/stm32f1xx_hal_rcc.o
                                                  build/main.o
HAL_ResumeTick                                    build/stm32f1xx_hal.o
HAL_SPI_Abort                                     build/stm32f1xx_hal_spi.o
HAL_SPI_AbortCpltCallback                         build/stm32f1xx_hal_spi.o
HAL_SPI_Abort_IT                                  build/stm32f1xx_hal_spi.o
HAL_SPI_DMAPause                                  build/stm32f1xx_hal_spi.o
HAL_SPI_DMAResume                                 build/stm32f1xx_hal_spi.o
HAL_SPI_DMAStop                                   build/stm32f1xx_hal_spi.o
HAL_SPI_DeInit                                    build/stm32f1xx_hal_spi.o
HAL_SPI_ErrorCallback                             build/stm32f1xx_hal_spi.o
HAL_SPI_GetError                                  build/stm32f1xx_hal_spi.o
HAL_SPI_GetState                                  build/stm32f1xx_hal_spi.o
HAL_SPI_IRQHandler                                build/stm32f1xx_hal_spi.o
HAL_SPI_Init                                      build/stm32f1xx_hal_spi.o
                                                  build/main.o
HAL_SPI_MspDeInit                                 build/stm32f1xx_hal_msp.o
                                                  build/stm32f1xx_hal_spi.o
HAL_SPI_MspInit                                   build/stm32f1xx_hal_msp.o
                                                  build/stm32f1xx_hal_spi.o
HAL_SPI_Receive                                   build/stm32f1xx_hal_spi.o
HAL_SPI_Receive_DMA                               build/stm32f1xx_hal_spi.o
HAL_SPI_Receive_IT                                build/stm32f1xx_hal_spi.o
HAL_SPI_RxCpltCallback                            build/stm32f1xx_hal_spi.o
HAL_SPI_RxHalfCpltCallback                        build/stm32f1xx_hal_spi.o
HAL_SPI_Transmit                                  build/stm32f1xx_hal_spi.o
HAL_SPI_TransmitReceive                           build/stm32f1xx_hal_spi.o
                                                  build/mcp3204.o
HAL_SPI_TransmitReceive_DMA                       build/stm32f1xx_hal_spi.o
HAL_SPI_TransmitReceive_IT                        build/stm32f1xx_hal_spi.o
HAL_SPI_Transmit_DMA                              build/stm32f1xx_hal_spi.o
HAL_SPI_Transmit_IT                               build/stm32f1xx_hal_spi.o
HAL_SPI_TxCpltCallback                            build/stm32f1xx_hal_spi.o
HAL_SPI_TxHalfCpltCallback                        build/stm32f1xx_hal_spi.o
HAL_SPI_TxRxCpltCallback                          build/stm32f1xx_hal_spi.o
HAL_SPI_TxRxHalfCpltCallback                      build/stm32f1xx_hal_spi.o
HAL_SYSTICK_CLKSourceConfig                       build/stm32f1xx_hal_cortex.o
HAL_SYSTICK_Callback                              build/stm32f1xx_hal_cortex.o
HAL_SYSTICK_Config                                build/stm32f1xx_hal_cortex.o
                                                  build/stm32f1xx_hal.o
HAL_SYSTICK_IRQHandler                            build/stm32f1xx_hal_cortex.o
HAL_SetTickFreq                                   build/stm32f1xx_hal.o
HAL_SuspendTick                                   build/stm32f1xx_hal.o
HAL_TIMEx_BreakCallback                           build/stm32f1xx_hal_tim_ex.o
                                                  build/stm32f1xx_hal_tim.o
HAL_TIMEx_CommutCallback                          build/stm32f1xx_hal_tim_ex.o
                                                  build/stm32f1xx_hal_tim.o
HAL_TIMEx_CommutHalfCpltCallback                  build/stm32f1xx_hal_tim_ex.o
HAL_TIMEx_ConfigBreakDeadTime                     build/stm32f1xx_hal_tim_ex.o
HAL_TIMEx_ConfigCommutEvent                       build/stm32f1xx_hal_tim_ex.o
HAL_TIMEx_ConfigCommutEvent_DMA                   build/stm32f1xx_hal_tim_ex.o
HAL_TIMEx_ConfigCommutEvent_IT                    build/stm32f1xx_hal_tim_ex.o
HAL_TIMEx_HallSensor_DeInit                       build/stm32f1xx_hal_tim_ex.o
HAL_TIMEx_HallSensor_GetState                     build/stm32f1xx_hal_tim_ex.o
HAL_TIMEx_HallSensor_Init                         build/stm32f1xx_hal_tim_ex.o
HAL_TIMEx_HallSensor_MspDeInit                    build/stm32f1xx_hal_tim_ex.o
HAL_TIMEx_HallSensor_MspInit                      build/stm32f1xx_hal_tim_ex.o
HAL_TIMEx_HallSensor_Start                        build/stm32f1xx_hal_tim_ex.o
HAL_TIMEx_HallSensor_Start_DMA                    build/stm32f1xx_hal_tim_ex.o
HAL_TIMEx_HallSensor_Start_IT                     build/stm32f1xx_hal_tim_ex.o
HAL_TIMEx_HallSensor_Stop                         build/stm32f1xx_hal_tim_ex.o
HAL_TIMEx_HallSensor_Stop_DMA                     build/stm32f1xx_hal_tim_ex.o
HAL_TIMEx_HallSensor_Stop_IT                      build/stm32f1xx_hal_tim_ex.o
HAL_TIMEx_MasterConfigSynchronization             build/stm32f1xx_hal_tim_ex.o
                                                  build/main.o
HAL_TIMEx_OCN_Start                               build/stm32f1xx_hal_tim_ex.o
HAL_TIMEx_OCN_Start_DMA                           build/stm32f1xx_hal_tim_ex.o
HAL_TIMEx_OCN_Start_IT                            build/stm32f1xx_hal_tim_ex.o
HAL_TIMEx_OCN_Stop                                build/stm32f1xx_hal_tim_ex.o
HAL_TIMEx_OCN_Stop_DMA                            build/stm32f1xx_hal_tim_ex.o
HAL_TIMEx_OCN_Stop_IT                             build/stm32f1xx_hal_tim_ex.o
HAL_TIMEx_OnePulseN_Start                         build/stm32f1xx_hal_tim_ex.o
HAL_TIMEx_OnePulseN_Start_IT                      build/stm32f1xx_hal_tim_ex.o
HAL_TIMEx_OnePulseN_Stop                          build/stm32f1xx_hal_tim_ex.o
HAL_TIMEx_OnePulseN_Stop_IT                       build/stm32f1xx_hal_tim_ex.o
HAL_TIMEx_PWMN_Start                              build/stm32f1xx_hal_tim_ex.o
HAL_TIMEx_PWMN_Start_DMA                          build/stm32f1xx_hal_tim_ex.o
HAL_TIMEx_PWMN_Start_IT                           build/stm32f1xx_hal_tim_ex.o
HAL_TIMEx_PWMN_Stop                               build/stm32f1xx_hal_tim_ex.o
HAL_TIMEx_PWMN_Stop_DMA                           build/stm32f1xx_hal_tim_ex.o
HAL_TIMEx_PWMN_Stop_IT                            build/stm32f1xx_hal_tim_ex.o
HAL_TIMEx_RemapConfig                             build/stm32f1xx_hal_tim_ex.o
HAL_TIM_Base_DeInit                               build/stm32f1xx_hal_tim.o
HAL_TIM_Base_GetState                             build/stm32f1xx_hal_tim.o
HAL_TIM_Base_Init                                 build/stm32f1xx_hal_tim.o
                                                  build/main.o
HAL_TIM_Base_MspDeInit                            build/stm32f1xx_hal_msp.o
                                                  build/stm32f1xx_hal_tim.o
HAL_TIM_Base_MspInit                              build/stm32f1xx_hal_msp.o
                                                  build/stm32f1xx_hal_tim.o
HAL_TIM_Base_Start                                build/stm32f1xx_hal_tim.o
HAL_TIM_Base_Start_DMA                            build/stm32f1xx_hal_tim.o
HAL_TIM_Base_Start_IT                             build/stm32f1xx_hal_tim.o
                                                  build/main.o
HAL_TIM_Base_Stop                                 build/stm32f1xx_hal_tim.o
HAL_TIM_Base_Stop_DMA                             build/stm32f1xx_hal_tim.o
HAL_TIM_Base_Stop_IT                              build/stm32f1xx_hal_tim.o
HAL_TIM_ConfigClockSource                         build/stm32f1xx_hal_tim.o
HAL_TIM_ConfigOCrefClear                          build/stm32f1xx_hal_tim.o
HAL_TIM_ConfigTI1Input                            build/stm32f1xx_hal_tim.o
HAL_TIM_DMABurst_ReadStart                        build/stm32f1xx_hal_tim.o
HAL_TIM_DMABurst_ReadStop                         build/stm32f1xx_hal_tim.o
HAL_TIM_DMABurst_WriteStart                       build/stm32f1xx_hal_tim.o
HAL_TIM_DMABurst_WriteStop                        build/stm32f1xx_hal_tim.o
HAL_TIM_Encoder_DeInit                            build/stm32f1xx_hal_tim.o
HAL_TIM_Encoder_GetState                          build/stm32f1xx_hal_tim.o
HAL_TIM_Encoder_Init                              build/stm32f1xx_hal_tim.o
HAL_TIM_Encoder_MspDeInit                         build/stm32f1xx_hal_tim.o
HAL_TIM_Encoder_MspInit                           build/stm32f1xx_hal_tim.o
HAL_TIM_Encoder_Start                             build/stm32f1xx_hal_tim.o
HAL_TIM_Encoder_Start_DMA                         build/stm32f1xx_hal_tim.o
HAL_TIM_Encoder_Start_IT                          build/stm32f1xx_hal_tim.o
HAL_TIM_Encoder_Stop                              build/stm32f1xx_hal_tim.o
HAL_TIM_Encoder_Stop_DMA                          build/stm32f1xx_hal_tim.o
HAL_TIM_Encoder_Stop_IT                           build/stm32f1xx_hal_tim.o
HAL_TIM_ErrorCallback                             build/stm32f1xx_hal_tim.o
HAL_TIM_GenerateEvent                             build/stm32f1xx_hal_tim.o
HAL_TIM_IC_CaptureCallback                        build/stm32f1xx_hal_tim.o
HAL_TIM_IC_CaptureHalfCpltCallback                build/stm32f1xx_hal_tim.o
HAL_TIM_IC_ConfigChannel                          build/stm32f1xx_hal_tim.o
HAL_TIM_IC_DeInit                                 build/stm32f1xx_hal_tim.o
HAL_TIM_IC_GetState                               build/stm32f1xx_hal_tim.o
HAL_TIM_IC_Init                                   build/stm32f1xx_hal_tim.o
HAL_TIM_IC_MspDeInit                              build/stm32f1xx_hal_tim.o
HAL_TIM_IC_MspInit                                build/stm32f1xx_hal_tim.o
HAL_TIM_IC_Start                                  build/stm32f1xx_hal_tim.o
HAL_TIM_IC_Start_DMA                              build/stm32f1xx_hal_tim.o
HAL_TIM_IC_Start_IT                               build/stm32f1xx_hal_tim.o
HAL_TIM_IC_Stop                                   build/stm32f1xx_hal_tim.o
HAL_TIM_IC_Stop_DMA                               build/stm32f1xx_hal_tim.o
HAL_TIM_IC_Stop_IT                                build/stm32f1xx_hal_tim.o
HAL_TIM_IRQHandler                                build/stm32f1xx_hal_tim.o
HAL_TIM_OC_ConfigChannel                          build/stm32f1xx_hal_tim.o
HAL_TIM_OC_DeInit                                 build/stm32f1xx_hal_tim.o
HAL_TIM_OC_DelayElapsedCallback                   build/stm32f1xx_hal_tim.o
HAL_TIM_OC_GetState                               build/stm32f1xx_hal_tim.o
HAL_TIM_OC_Init                                   build/stm32f1xx_hal_tim.o
HAL_TIM_OC_MspDeInit                              build/stm32f1xx_hal_tim.o
HAL_TIM_OC_MspInit                                build/stm32f1xx_hal_tim.o
HAL_TIM_OC_Start                                  build/stm32f1xx_hal_tim.o
HAL_TIM_OC_Start_DMA                              build/stm32f1xx_hal_tim.o
HAL_TIM_OC_Start_IT                               build/stm32f1xx_hal_tim.o
HAL_TIM_OC_Stop                                   build/stm32f1xx_hal_tim.o
HAL_TIM_OC_Stop_DMA                               build/stm32f1xx_hal_tim.o
HAL_TIM_OC_Stop_IT                                build/stm32f1xx_hal_tim.o
HAL_TIM_OnePulse_ConfigChannel                    build/stm32f1xx_hal_tim.o
HAL_TIM_OnePulse_DeInit                           build/stm32f1xx_hal_tim.o
HAL_TIM_OnePulse_GetState                         build/stm32f1xx_hal_tim.o
HAL_TIM_OnePulse_Init                             build/stm32f1xx_hal_tim.o
HAL_TIM_OnePulse_MspDeInit                        build/stm32f1xx_hal_tim.o
HAL_TIM_OnePulse_MspInit                          build/stm32f1xx_hal_tim.o
HAL_TIM_OnePulse_Start                            build/stm32f1xx_hal_tim.o
HAL_TIM_OnePulse_Start_IT                         build/stm32f1xx_hal_tim.o
HAL_TIM_OnePulse_Stop                             build/stm32f1xx_hal_tim.o
HAL_TIM_OnePulse_Stop_IT                          build/stm32f1xx_hal_tim.o
HAL_TIM_PWM_ConfigChannel                         build/stm32f1xx_hal_tim.o
HAL_TIM_PWM_DeInit                                build/stm32f1xx_hal_tim.o
HAL_TIM_PWM_GetState                              build/stm32f1xx_hal_tim.o
HAL_TIM_PWM_Init                                  build/stm32f1xx_hal_tim.o
HAL_TIM_PWM_MspDeInit                             build/stm32f1xx_hal_tim.o
HAL_TIM_PWM_MspInit                               build/stm32f1xx_hal_tim.o
HAL_TIM_PWM_PulseFinishedCallback                 build/stm32f1xx_hal_tim.o
HAL_TIM_PWM_PulseFinishedHalfCpltCallback         build/stm32f1xx_hal_tim.o
HAL_TIM_PWM_Start                                 build/stm32f1xx_hal_tim.o
HAL_TIM_PWM_Start_DMA                             build/stm32f1xx_hal_tim.o
HAL_TIM_PWM_Start_IT                              build/stm32f1xx_hal_tim.o
HAL_TIM_PWM_Stop                                  build/stm32f1xx_hal_tim.o
HAL_TIM_PWM_Stop_DMA                              build/stm32f1xx_hal_tim.o
HAL_TIM_PWM_Stop_IT                               build/stm32f1xx_hal_tim.o
HAL_TIM_PeriodElapsedCallback                     build/stm32f1xx_hal_tim.o
HAL_TIM_PeriodElapsedHalfCpltCallback             build/stm32f1xx_hal_tim.o
HAL_TIM_ReadCapturedValue                         build/stm32f1xx_hal_tim.o
HAL_TIM_SlaveConfigSynchro                        build/stm32f1xx_hal_tim.o
HAL_TIM_SlaveConfigSynchro_IT                     build/stm32f1xx_hal_tim.o
HAL_TIM_TriggerCallback                           build/stm32f1xx_hal_tim.o
HAL_TIM_TriggerHalfCpltCallback                   build/stm32f1xx_hal_tim.o
HAL_UART_Abort                                    build/stm32f1xx_hal_uart.o
HAL_UART_AbortCpltCallback                        build/stm32f1xx_hal_uart.o
HAL_UART_AbortReceive                             build/stm32f1xx_hal_uart.o
HAL_UART_AbortReceiveCpltCallback                 build/stm32f1xx_hal_uart.o
HAL_UART_AbortReceive_IT                          build/stm32f1xx_hal_uart.o
HAL_UART_AbortTransmit                            build/stm32f1xx_hal_uart.o
HAL_UART_AbortTransmitCpltCallback                build/stm32f1xx_hal_uart.o
HAL_UART_AbortTransmit_IT                         build/stm32f1xx_hal_uart.o
HAL_UART_Abort_IT                                 build/stm32f1xx_hal_uart.o
HAL_UART_DMAPause                                 build/stm32f1xx_hal_uart.o
HAL_UART_DMAResume                                build/stm32f1xx_hal_uart.o
HAL_UART_DMAStop                                  build/stm32f1xx_hal_uart.o
HAL_UART_DeInit                                   build/stm32f1xx_hal_uart.o
HAL_UART_ErrorCallback                            build/stm32f1xx_hal_uart.o
HAL_UART_GetError                                 build/stm32f1xx_hal_uart.o
HAL_UART_GetState                                 build/stm32f1xx_hal_uart.o
HAL_UART_IRQHandler                               build/stm32f1xx_hal_uart.o
HAL_UART_Init                                     build/stm32f1xx_hal_uart.o
                                                  build/main.o
HAL_UART_MspDeInit                                build/stm32f1xx_hal_msp.o
                                                  build/stm32f1xx_hal_uart.o
HAL_UART_MspInit                                  build/stm32f1xx_hal_msp.o
                                                  build/stm32f1xx_hal_uart.o
HAL_UART_Receive                                  build/stm32f1xx_hal_uart.o
HAL_UART_Receive_DMA                              build/stm32f1xx_hal_uart.o
HAL_UART_Receive_IT                               build/stm32f1xx_hal_uart.o
HAL_UART_RxCpltCallback                           build/stm32f1xx_hal_uart.o
HAL_UART_RxHalfCpltCallback                       build/stm32f1xx_hal_uart.o
HAL_UART_Transmit                                 build/stm32f1xx_hal_uart.o
HAL_UART_Transmit_DMA                             build/stm32f1xx_hal_uart.o
HAL_UART_Transmit_IT                              build/stm32f1xx_hal_uart.o
HAL_UART_TxCpltCallback                           build/stm32f1xx_hal_uart.o
HAL_UART_TxHalfCpltCallback                       build/stm32f1xx_hal_uart.o
HardFault_Handler                                 build/stm32f1xx_it.o
I2C1_ER_IRQHandler                                build/startup_stm32f103xe.o
I2C1_EV_IRQHandler                                build/startup_stm32f103xe.o
I2C2_ER_IRQHandler                                build/startup_stm32f103xe.o
I2C2_EV_IRQHandler                                build/startup_stm32f103xe.o
MemManage_Handler                                 build/stm32f1xx_it.o
NCO0                                              build/DSPmain.o
NMI_Handler                                       build/stm32f1xx_it.o
PVD_IRQHandler                                    build/startup_stm32f103xe.o
PendSV_Handler                                    build/stm32f1xx_it.o
RCC_IRQHandler                                    build/startup_stm32f103xe.o
RTC_Alarm_IRQHandler                              build/startup_stm32f103xe.o
RTC_IRQHandler                                    build/startup_stm32f103xe.o
RampIntegratorState0                              build/DSPmain.o
RampIntegratorState1                              build/DSPmain.o
Reset_Handler                                     build/startup_stm32f103xe.o
SDIO_IRQHandler                                   build/startup_stm32f103xe.o
SPI1_IRQHandler                                   build/startup_stm32f103xe.o
SPI2_IRQHandler                                   build/startup_stm32f103xe.o
SPI3_IRQHandler                                   build/startup_stm32f103xe.o
SVC_Handler                                       build/stm32f1xx_it.o
SineWave                                          build/wavetables.o
                                                  build/DSPmain.o
SysTick_Handler                                   build/stm32f1xx_it.o
SystemClock_Config                                build/main.o
SystemCoreClock                                   build/system_stm32f1xx.o
                                                  build/stm32f1xx_hal_spi.o
                                                  build/stm32f1xx_hal_rcc.o
                                                  build/stm32f1xx_hal_adc_ex.o
                                                  build/stm32f1xx_hal_adc.o
                                                  build/stm32f1xx_hal.o
SystemCoreClockUpdate                             build/system_stm32f1xx.o
SystemInit                                        build/system_stm32f1xx.o
                                                  build/startup_stm32f103xe.o
TAMPER_IRQHandler                                 build/startup_stm32f103xe.o
TIM1_BRK_IRQHandler                               build/startup_stm32f103xe.o
TIM1_CC_IRQHandler                                build/startup_stm32f103xe.o
TIM1_TRG_COM_IRQHandler                           build/startup_stm32f103xe.o
TIM1_UP_IRQHandler                                build/startup_stm32f103xe.o
TIM2_IRQHandler                                   build/startup_stm32f103xe.o
TIM3_IRQHandler                                   build/startup_stm32f103xe.o
TIM4_IRQHandler                                   build/startup_stm32f103xe.o
TIM5_IRQHandler                                   build/startup_stm32f103xe.o
TIM6_IRQHandler                                   build/startup_stm32f103xe.o
TIM7_IRQHandler                                   build/startup_stm32f103xe.o
TIM8_BRK_IRQHandler                               build/startup_stm32f103xe.o
TIM8_CC_IRQHandler                                build/startup_stm32f103xe.o
TIM8_TRG_COM_IRQHandler                           build/startup_stm32f103xe.o
TIM8_UP_IRQHandler                                build/startup_stm32f103xe.o
TIMEx_DMACommutationCplt                          build/stm32f1xx_hal_tim_ex.o
                                                  build/stm32f1xx_hal_tim.o
TIMEx_DMACommutationHalfCplt                      build/stm32f1xx_hal_tim_ex.o
                                                  build/stm32f1xx_hal_tim.o
TIM_Base_SetConfig                                build/stm32f1xx_hal_tim.o
                                                  build/stm32f1xx_hal_tim_ex.o
TIM_CCxChannelCmd                                 build/stm32f1xx_hal_tim.o
                                                  build/stm32f1xx_hal_tim_ex.o
TIM_DMACaptureCplt                                build/stm32f1xx_hal_tim.o
                                                  build/stm32f1xx_hal_tim_ex.o
TIM_DMACaptureHalfCplt                            build/stm32f1xx_hal_tim.o
                                                  build/stm32f1xx_hal_tim_ex.o
TIM_DMADelayPulseCplt                             build/stm32f1xx_hal_tim.o
                                                  build/stm32f1xx_hal_tim_ex.o
TIM_DMADelayPulseHalfCplt                         build/stm32f1xx_hal_tim.o
                                                  build/stm32f1xx_hal_tim_ex.o
TIM_DMAError                                      build/stm32f1xx_hal_tim.o
                                                  build/stm32f1xx_hal_tim_ex.o
TIM_ETR_SetConfig                                 build/stm32f1xx_hal_tim.o
TIM_OC2_SetConfig                                 build/stm32f1xx_hal_tim.o
                                                  build/stm32f1xx_hal_tim_ex.o
TIM_TI1_SetConfig                                 build/stm32f1xx_hal_tim.o
                                                  build/stm32f1xx_hal_tim_ex.o
UART4_IRQHandler                                  build/startup_stm32f103xe.o
UART5_IRQHandler                                  build/startup_stm32f103xe.o
USART1_IRQHandler                                 build/startup_stm32f103xe.o
USART2_IRQHandler                                 build/startup_stm32f103xe.o
USART3_IRQHandler                                 build/startup_stm32f103xe.o
USBWakeUp_IRQHandler                              build/startup_stm32f103xe.o
USB_HP_CAN1_TX_IRQHandler                         build/startup_stm32f103xe.o
USB_LP_CAN1_RX0_IRQHandler                        build/startup_stm32f103xe.o
UsageFault_Handler                                build/stm32f1xx_it.o
WWDG_IRQHandler                                   build/startup_stm32f103xe.o
__adddf3                                          c:/program files (x86)/gnu arm embedded toolchain/10 2020-q2-preview/bin/../lib/gcc/arm-none-eabi/10.1.1/thumb/v7-m/nofp\libgcc.a(_arm_addsubdf3.o)
__aeabi_d2uiz                                     c:/program files (x86)/gnu arm embedded toolchain/10 2020-q2-preview/bin/../lib/gcc/arm-none-eabi/10.1.1/thumb/v7-m/nofp\libgcc.a(_arm_fixunsdfsi.o)
                                                  build/DSPmain.o
__aeabi_dadd                                      c:/program files (x86)/gnu arm embedded toolchain/10 2020-q2-preview/bin/../lib/gcc/arm-none-eabi/10.1.1/thumb/v7-m/nofp\libgcc.a(_arm_addsubdf3.o)
__aeabi_ddiv                                      c:/program files (x86)/gnu arm embedded toolchain/10 2020-q2-preview/bin/../lib/gcc/arm-none-eabi/10.1.1/thumb/v7-m/nofp\libgcc.a(_arm_muldivdf3.o)
                                                  build/DSPmain.o
__aeabi_dmul                                      c:/program files (x86)/gnu arm embedded toolchain/10 2020-q2-preview/bin/../lib/gcc/arm-none-eabi/10.1.1/thumb/v7-m/nofp\libgcc.a(_arm_muldivdf3.o)
                                                  c:/program files (x86)/gnu arm embedded toolchain/10 2020-q2-preview/bin/../lib/gcc/arm-none-eabi/10.1.1/thumb/v7-m/nofp\libgcc.a(_arm_muldf3.o)
                                                  build/DSPmain.o
__aeabi_drsub                                     c:/program files (x86)/gnu arm embedded toolchain/10 2020-q2-preview/bin/../lib/gcc/arm-none-eabi/10.1.1/thumb/v7-m/nofp\libgcc.a(_arm_addsubdf3.o)
__aeabi_dsub                                      c:/program files (x86)/gnu arm embedded toolchain/10 2020-q2-preview/bin/../lib/gcc/arm-none-eabi/10.1.1/thumb/v7-m/nofp\libgcc.a(_arm_addsubdf3.o)
__aeabi_f2d                                       c:/program files (x86)/gnu arm embedded toolchain/10 2020-q2-preview/bin/../lib/gcc/arm-none-eabi/10.1.1/thumb/v7-m/nofp\libgcc.a(_arm_addsubdf3.o)
__aeabi_i2d                                       c:/program files (x86)/gnu arm embedded toolchain/10 2020-q2-preview/bin/../lib/gcc/arm-none-eabi/10.1.1/thumb/v7-m/nofp\libgcc.a(_arm_addsubdf3.o)
                                                  build/DSPmain.o
__aeabi_l2d                                       c:/program files (x86)/gnu arm embedded toolchain/10 2020-q2-preview/bin/../lib/gcc/arm-none-eabi/10.1.1/thumb/v7-m/nofp\libgcc.a(_arm_addsubdf3.o)